<?xml version="1.0" encoding="UTF-8"?>
<AAIBugCheck xmlns:xsi="http://www.w3.org/2001/XMLSchema-instance" xsi:schemaLocation="https://lux15.mpi.nl/testing https://lux15.mpi.nl/testing/xsd_out.php?file=plans/AAI.xml">
  <DateTime>2013-05-22</DateTime>
  <AAIVersion></AAIVersion>
  <OSVersion>Lux17, windows 7, firefox</OSVersion>
  <Tester>sauciv</Tester>
  <TestPlanRevision>37017</TestPlanRevision>
  <IDPTest1>
    <SelectIDP>Works</SelectIDP>
    <ArchiveLogin>Works</ArchiveLogin>
    <LoginShibboleth>Works</LoginShibboleth>
  </IDPTest1>
  <ExternalIDPTest>
    <SelectExtIDP>Works</SelectExtIDP>
    <ClarinLogin>Works</ClarinLogin>
    <AMS>Works</AMS>
    <SelfRegistration1>Works</SelfRegistration1>
    <SelfRegistration2>Works</SelfRegistration2>
    <AMS2>Works</AMS2>
  </ExternalIDPTest>
  <ExternalIDPTest2>
    <SelectExtIDP2>Works</SelectExtIDP2>
    <SurfLogin>Works</SurfLogin>
    <AMS>Works</AMS>
    <CreateInAMS>Works</CreateInAMS>
    <AMS2 error="I still get the error message: 'Cannot get value for expression' at the welcome to AMS page.">Fails</AMS2>
  </ExternalIDPTest2>
  <RulesForExternalUsers>
    <AMSLogIn>Works</AMSLogIn>
    <CreateRule>Works</CreateRule>
    <CreateRule2>Works</CreateRule2>
    <TestClarinRules>Works</TestClarinRules>
    <TestSurfRules>Works</TestSurfRules>
  </RulesForExternalUsers>
  <ResourceRequestSystem>
    <ResourceRequestSystem1>Works</ResourceRequestSystem1>
    <ResourceRequestSystem2>Works</ResourceRequestSystem2>
    <ResourceRequestSystem3>Works</ResourceRequestSystem3>
    <ResourceRequestSystem4>Works</ResourceRequestSystem4>
  </ResourceRequestSystem>
  <LANA>
    <LogIn>Works</LogIn>
    <CreateNewAccount>Works</CreateNewAccount>
    <LogInII>Works</LogInII>
    <AccessRights>Works</AccessRights>
    <AccessRightII>Works</AccessRightII>
  </LANA>
</AAIBugCheck>
