<?xml version="1.0" encoding="UTF-8"?>
<tlaBugCheck xmlns:xsi="http://www.w3.org/2001/XMLSchema-instance" xsi:schemaLocation="https://lux15.mpi.nl/testing https://lux15.mpi.nl/testing/xsd_out.php?file=plans/AMS_2011_11_25.xml">
  <DateTime>2013-02-06</DateTime>
  <ProgramVersion></ProgramVersion>
  <OSVersion>Demoserver VirtualBoxVWare</OSVersion>
  <Tester>sauciv</Tester>
  <TestPlanRevision>35622</TestPlanRevision>
  <StartingAMSTest>
    <OpenLamus>Works</OpenLamus>
    <LoginFederation>Works</LoginFederation>
    <LoginShibboleth>Works</LoginShibboleth>
  </StartingAMSTest>
  <CheckLicensesTest>
    <LicensesCheck>Works</LicensesCheck>
    <LicensesCheck2 error="The assigned licenses are not checked.">Mostly</LicensesCheck2>
    <ViewLicenses error="The information about licenses are not shown. ">Fails</ViewLicenses>
    <CancelManage>Works</CancelManage>
  </CheckLicensesTest>
  <AddingLicensesTest>
    <ChangeLicenses>Works</ChangeLicenses>
    <CheckLicenses>Works</CheckLicenses>
    <SelectNodeLicenseAssignment>Works</SelectNodeLicenseAssignment>
    <RemoveLicenses>Works</RemoveLicenses>
    <CheckRemovalLicenses>Works</CheckRemovalLicenses>
    <ChangeLicensesBack>Works</ChangeLicensesBack>
    <CheckInitialLicenses>Works</CheckInitialLicenses>
  </AddingLicensesTest>
  <AddRulesTest>
    <AddRule>Works</AddRule>
    <AddRegUserRule>Works</AddRegUserRule>
    <CheckRule>Works</CheckRule>
    <SelectEditNode>Works</SelectEditNode>
    <RemoveRule>Works</RemoveRule>
    <CheckRemove>Works</CheckRemove>
  </AddRulesTest>
  <AddNewGroupTest>
    <NewGroup>Works</NewGroup>
    <AddGroup>Works</AddGroup>
  </AddNewGroupTest>
  <EditGroupTest>
    <SelectGroup>Works</SelectGroup>
    <EditGroup>Works</EditGroup>
    <ChangeGroupData>Works</ChangeGroupData>
    <ReverseChanges>Works</ReverseChanges>
  </EditGroupTest>
  <AddNewUserTest>
    <NewUser>Works</NewUser>
    <FillIn>Works</FillIn>
    <Logout>Works</Logout>
    <CheckRules>Works</CheckRules>
    <AddGroup>Works</AddGroup>
    <NewDomainEditor>Works</NewDomainEditor>
    <NewDomainManager>Works</NewDomainManager>
  </AddNewUserTest>
  <DomainEditorTest>
    <DomainEditorRights>Works</DomainEditorRights>
    <CheckInLamus error="">Empty</CheckInLamus>
    <CreateWorkspace error="">Empty</CreateWorkspace>
    <DeleteWorkspace error="">Empty</DeleteWorkspace>
  </DomainEditorTest>
  <DomainManagerTest>
    <DomainManagerRights>Works</DomainManagerRights>
    <Logout>Works</Logout>
    <LoginDomainManager>Works</LoginDomainManager>
    <CreateUser>Works</CreateUser>
    <FillIn>Works</FillIn>
    <AddRules>Works</AddRules>
    <Logout>Works</Logout>
    <CheckRules>Works</CheckRules>
    <EditUser>Works</EditUser>
    <PickUser>Works</PickUser>
    <DeleteUser>Works</DeleteUser>
  </DomainManagerTest>
  <EditUserTest>
    <SelectEditUser>Works</SelectEditUser>
    <PickUser>Works</PickUser>
    <ChangeFields>Works</ChangeFields>
    <RevertChanges>Works</RevertChanges>
  </EditUserTest>
  <DeleteUserTest>
    <SelectEditUser>Works</SelectEditUser>
    <PickUser>Works</PickUser>
    <DeleteUser>Works</DeleteUser>
  </DeleteUserTest>
  <OverViewTest>
    <OverviewClick>Works</OverviewClick>
  </OverViewTest>
  <EffectiveUserPrivilegesTest>
    <DoesntWork error="">Empty</DoesntWork>
  </EffectiveUserPrivilegesTest>
  <LicensesRequiredTest>
    <SelectLicensesRequired>Works</SelectLicensesRequired>
    <AddLicenses>Works</AddLicenses>
  </LicensesRequiredTest>
  <AddEditLicenseTest>
    <AddEditLicenses>Works</AddEditLicenses>
    <ViewLicenses error="It is not possible to view license">Fails</ViewLicenses>
    <AddLicense error="">Empty</AddLicense>
    <EditLicense>Works</EditLicense>
  </AddEditLicenseTest>
  <MyUserAccountTest>
    <SelectUserAccount>Works</SelectUserAccount>
    <UserCheck>Works</UserCheck>
    <ChangeFields>Works</ChangeFields>
    <RevertChanges>Works</RevertChanges>
  </MyUserAccountTest>
  <MyAcceptedLicensesTest>
    <SelectLicensesInfo error="Same as before: the licenses are not shown">Fails</SelectLicensesInfo>
    <LicensesCheck error="">Empty</LicensesCheck>
    <ViewLicenses error="">Empty</ViewLicenses>
  </MyAcceptedLicensesTest>
  <HelpMenu>
    <MenuOpen>Works</MenuOpen>
    <ManualOpen>Works</ManualOpen>
  </HelpMenu>
</tlaBugCheck>
