<?xml version="1.0" encoding="UTF-8"?>
<AMSBugCheck xmlns:xsi="http://www.w3.org/2001/XMLSchema-instance" xsi:schemaLocation="https://lux15.mpi.nl/testing https://lux15.mpi.nl/testing/xsd_out.php?file=plans/AMS_2012_04_11.xml">
  <DateTime>2013-07-26</DateTime>
  <AMSVersion>1.4.9.3</AMSVersion>
  <OSVersion>Mac OS X, Chrome 26.0.1410.65</OSVersion>
  <Tester>miccza</Tester>
  <TestPlanRevision>37681</TestPlanRevision>
  <StartingAMSTest>
    <OpenLamus>Works</OpenLamus>
    <LoginFederation error="chrome bug - the shibboleth login page does not fill in inside the frame">Mostly</LoginFederation>
    <LoginShibboleth>Works</LoginShibboleth>
  </StartingAMSTest>
  <CheckLicensesTest>
    <LicensesCheck>Works</LicensesCheck>
    <LicensesCheck2>Works</LicensesCheck2>
    <ViewLicenses>Works</ViewLicenses>
    <CancelManage>Works</CancelManage>
  </CheckLicensesTest>
  <AddingLicensesTest>
    <CheckLicenses>Works</CheckLicenses>
    <SelectNodeLicenseAssignment>Works</SelectNodeLicenseAssignment>
    <RemoveLicenses>Works</RemoveLicenses>
    <CheckRemovalLicenses>Works</CheckRemovalLicenses>
    <ChangeLicensesBack>Works</ChangeLicensesBack>
    <CheckInitialLicenses>Works</CheckInitialLicenses>
  </AddingLicensesTest>
  <AddRulesTest>
    <AddRule>Works</AddRule>
    <AddRegUserRule>Works</AddRegUserRule>
    <CheckRule>Works</CheckRule>
    <SelectEditNode>Works</SelectEditNode>
    <RemoveRule>Works</RemoveRule>
    <CheckRemove>Works</CheckRemove>
    <ForbiddenAccess1>Works</ForbiddenAccess1>
    <ForbiddenAccess2>Works</ForbiddenAccess2>
    <ForbiddenAccess3>Works</ForbiddenAccess3>
    <ForbiddenAccess4>Works</ForbiddenAccess4>
  </AddRulesTest>
  <AddNewGroupTest>
    <NewGroup>Works</NewGroup>
    <AddGroup error="The fields do not complete at all. The browser does not allow to type in them. EDIT: worked after logging out and logging in again.">Mostly</AddGroup>
  </AddNewGroupTest>
  <EditGroupTest>
    <SelectGroup>Works</SelectGroup>
    <EditGroup>Works</EditGroup>
    <ChangeGroupData error="Cannot type in the 'Name&quot; field. Resolved after logging out and back in twice.">Mostly</ChangeGroupData>
    <ReverseChanges error="same as above.">Mostly</ReverseChanges>
  </EditGroupTest>
  <AddNewUserTest>
    <NewUser>Works</NewUser>
    <FillIn>Works</FillIn>
    <Logout>Works</Logout>
    <WAIT>Works</WAIT>
    <CheckRules>Works</CheckRules>
    <AddGroup>Works</AddGroup>
    <NewDomainEditorIntro>Works</NewDomainEditorIntro>
    <NewDomainEditor>Works</NewDomainEditor>
    <NewDomainManager>Works</NewDomainManager>
  </AddNewUserTest>
  <DomainEditorTest>
    <DomainEditorRights>Works</DomainEditorRights>
    <CheckInLamus>Works</CheckInLamus>
    <CreateWorkspace>Works</CreateWorkspace>
    <DeleteWorkspace>Works</DeleteWorkspace>
  </DomainEditorTest>
  <DomainManagerTest>
    <DomainManagerRights>Works</DomainManagerRights>
    <Logout>Works</Logout>
    <LoginDomainManager>Works</LoginDomainManager>
    <CreateUser>Works</CreateUser>
    <FillIn>Works</FillIn>
    <AddRules>Works</AddRules>
    <Logout>Works</Logout>
    <CheckRules>Works</CheckRules>
    <EditUser>Works</EditUser>
    <PickUser>Works</PickUser>
    <DeleteUser>Works</DeleteUser>
  </DomainManagerTest>
  <EditUserTest>
    <SelectEditUser>Works</SelectEditUser>
    <PickUser>Works</PickUser>
    <ChangeFields>Works</ChangeFields>
    <RevertChanges>Works</RevertChanges>
  </EditUserTest>
  <DeleteUserTest>
    <SelectEditUser>Works</SelectEditUser>
    <PickUser>Works</PickUser>
    <DeleteUser>Works</DeleteUser>
  </DeleteUserTest>
  <OverViewTest>
    <OverviewClick>Works</OverviewClick>
  </OverViewTest>
  <EffectiveUserPrivilegesTest>
    <DoesntWork></DoesntWork>
  </EffectiveUserPrivilegesTest>
  <LicensesRequiredTest>
    <SelectLicensesRequired></SelectLicensesRequired>
    <AddLicenses></AddLicenses>
  </LicensesRequiredTest>
  <AddEditLicenseTest>
    <AddEditLicenses></AddEditLicenses>
    <ViewLicenses></ViewLicenses>
    <AddLicense></AddLicense>
    <EditLicense></EditLicense>
  </AddEditLicenseTest>
  <MyUserAccountTest>
    <SelectUserAccount></SelectUserAccount>
    <UserCheck></UserCheck>
    <ChangeFields></ChangeFields>
    <RevertChanges></RevertChanges>
  </MyUserAccountTest>
  <MyAcceptedLicensesTest>
    <SelectLicensesInfo></SelectLicensesInfo>
    <LicensesCheck></LicensesCheck>
    <ViewLicenses></ViewLicenses>
  </MyAcceptedLicensesTest>
  <HelpMenu>
    <MenuOpen></MenuOpen>
    <ManualOpen></ManualOpen>
  </HelpMenu>
</AMSBugCheck>
