<?xml version="1.0" encoding="UTF-8"?>
<AnnexBugCheck xmlns:xsi="http://www.w3.org/2001/XMLSchema-instance" xsi:schemaLocation="https://lux15.mpi.nl/testing https://lux15.mpi.nl/testing/xsd_out.php?file=plans/Annex.xml">
  <DateTime>2014-05-28</DateTime>
  <AnnexVersion>1.5-TESTING-40897</AnnexVersion>
  <OSVersion>MAC OS X 10.6.8, firefox 14.0.1, lux 16.</OSVersion>
  <Tester>sauciv</Tester>
  <TestPlanRevision>40527</TestPlanRevision>
  <StartingAnnex>
    <OpenAnnexIMDIbrowser>Works</OpenAnnexIMDIbrowser>
    <LogIn>Works</LogIn>
    <LogIn2>Works</LogIn2>
    <LogIn3>Works</LogIn3>
    <LogIn3b>Works</LogIn3b>
  </StartingAnnex>
  <MenuBar>
    <Manual>Works</Manual>
    <HelpQuestionMark>Works</HelpQuestionMark>
    <SelectingStripforEmbedding>Works</SelectingStripforEmbedding>
    <Embed>Works</Embed>
    <Embed2>Works</Embed2>
    <EmbedSize>Works</EmbedSize>
    <EmbedDV>Works</EmbedDV>
    <EmbedF>Works</EmbedF>
    <EmbedTiers>Works</EmbedTiers>
    <EmbedStartingPoint>Works</EmbedStartingPoint>
    <CopyToClipboard1>Works</CopyToClipboard1>
    <OpeningWebPage>Works</OpeningWebPage>
    <EmbedCheck>Works</EmbedCheck>
    <EmbedSuccess>Works</EmbedSuccess>
    <Embed6>Works</Embed6>
    <CompactMode>Works</CompactMode>
  </MenuBar>
  <Video_Display>
    <VideoDisplayMin>Works</VideoDisplayMin>
    <Max>Works</Max>
    <Play error="The time line under the video and the elapsed time do not match.">Fails</Play>
    <ProgressThroughTimeline>Works</ProgressThroughTimeline>
    <SwitchingThroughTimeline>Works</SwitchingThroughTimeline>
    <Rewind error="The clip rewindes 5 seconds rather than 1.">Fails</Rewind>
    <FastFwd error="The clip goes 5 seconds forward rather than 1.">Fails</FastFwd>
    <Volume error="It works. When the volume is placed on mute I would suggest to cross the volume icon.">Mostly</Volume>
    <ToBegnStop>Works</ToBegnStop>
    <ToEndnStop>Works</ToEndnStop>
    <FullScreen>Works</FullScreen>
    <Buffer>Works</Buffer>
    <Buffer2>Works</Buffer2>
    <Buffer3>Works</Buffer3>
  </Video_Display>
  <Information>
    <MinMax>Works</MinMax>
    <GeneralTab>Works</GeneralTab>
    <GeneralTab1>Works</GeneralTab1>
    <SessionTab>Works</SessionTab>
  </Information>
  <Mini_Data_Frame>
    <MinMax>Works</MinMax>
    <TierList>Works</TierList>
    <YellowInfoBox>Works</YellowInfoBox>
    <HighlightText>Works</HighlightText>
    <FontSize>Works</FontSize>
  </Mini_Data_Frame>
  <Control_Panel>
    <TextGeneral>Works</TextGeneral>
    <TextTierScroll>Works</TextTierScroll>
    <Text_Tier>Works</Text_Tier>
    <TierFontSize>Works</TierFontSize>
    <TierTextFont>Works</TierTextFont>
    <Tier1HighlightText>Works</Tier1HighlightText>
    <GridChangeTiers>Works</GridChangeTiers>
    <GridScroll>Works</GridScroll>
    <GridHighlight error="It works only for few seconds. ">Fails</GridHighlight>
    <GridHighlight2>Works</GridHighlight2>
    <GridEndTime>Works</GridEndTime>
    <GridBeginTime>Works</GridBeginTime>
    <GridTier3>Works</GridTier3>
    <GridTier2>Works</GridTier2>
    <GridTier1>Works</GridTier1>
    <GridColumnWidth>Works</GridColumnWidth>
    <Subtitle>Works</Subtitle>
    <Waveform>Works</Waveform>
    <Waveform1>Works</Waveform1>
    <WaveformFrequency>Works</WaveformFrequency>
    <TimelineSwtichTiers>Works</TimelineSwtichTiers>
    <TimelineSwtichTiersCompact>Works</TimelineSwtichTiersCompact>
    <TimelineSwitchFont>Works</TimelineSwitchFont>
    <TimelineProgressBar>Works</TimelineProgressBar>
    <TimelineCreateSelection>Works</TimelineCreateSelection>
    <TimelinePlaySelection>Works</TimelinePlaySelection>
    <TimelineClearSelection>Works</TimelineClearSelection>
    <TimelineCreateBookmark>Works</TimelineCreateBookmark>
    <NavigationButtonsMvBeginningEnd>Works</NavigationButtonsMvBeginningEnd>
    <NavigationButtonsRwdFfwdFAST>Works</NavigationButtonsRwdFfwdFAST>
    <NavigationButtonsRwdFfwdSLOW>Works</NavigationButtonsRwdFfwdSLOW>
    <NavigationButtonsPlusMinus>Works</NavigationButtonsPlusMinus>
    <PlayByScreen>Works</PlayByScreen>
    <PlayContinually>Works</PlayContinually>
  </Control_Panel>
  <AudioTest>
    <OpenIMDIBroswerAudio>Works</OpenIMDIBroswerAudio>
    <Play>Works</Play>
    <Rewind>Works</Rewind>
    <Fast_forward>Works</Fast_forward>
    <ToBegNStop_ToEndNStop>Works</ToBegNStop_ToEndNStop>
    <Mute>Works</Mute>
    <Link2selectionAudio>Works</Link2selectionAudio>
  </AudioTest>
  <LogOut>
    <LogOut>Works</LogOut>
    <LogOut2>Works</LogOut2>
  </LogOut>
</AnnexBugCheck>
