<?xml version="1.0" encoding="UTF-8"?>
<AnnexBugCheck xmlns:xsi="http://www.w3.org/2001/XMLSchema-instance" xsi:schemaLocation="https://lux15.mpi.nl/testing https://lux15.mpi.nl/testing/xsd_out.php?file=plans/Annex.xml">
  <DateTime>2014-06-10</DateTime>
  <AnnexVersion></AnnexVersion>
  <OSVersion></OSVersion>
  <Tester>sauciv</Tester>
  <TestPlanRevision>41037</TestPlanRevision>
  <StartingAnnex>
    <OpenAnnexIMDIbrowser></OpenAnnexIMDIbrowser>
    <LogIn></LogIn>
    <LogIn2></LogIn2>
    <LogIn3></LogIn3>
    <LogIn3b></LogIn3b>
  </StartingAnnex>
  <MenuBar>
    <Manual></Manual>
    <HelpQuestionMark></HelpQuestionMark>
    <SelectingStripforEmbedding></SelectingStripforEmbedding>
    <Embed></Embed>
    <Embed2></Embed2>
    <EmbedSize></EmbedSize>
    <EmbedDV></EmbedDV>
    <EmbedF></EmbedF>
    <EmbedTiers></EmbedTiers>
    <EmbedStartingPoint></EmbedStartingPoint>
    <CopyToClipboard1></CopyToClipboard1>
    <OpeningWebPage></OpeningWebPage>
    <EmbedCheck></EmbedCheck>
    <EmbedSuccess></EmbedSuccess>
    <Embed6></Embed6>
    <CompactMode></CompactMode>
  </MenuBar>
  <Video_Display>
    <VideoDisplayMin></VideoDisplayMin>
    <Max></Max>
    <Play></Play>
    <ProgressThroughTimeline></ProgressThroughTimeline>
    <SwitchingThroughTimeline></SwitchingThroughTimeline>
    <Rewind></Rewind>
    <FastFwd></FastFwd>
    <RewindPaused></RewindPaused>
    <FastFwdPaused></FastFwdPaused>
    <Volume></Volume>
    <ToBegnStop></ToBegnStop>
    <ToEndnStop></ToEndnStop>
    <FullScreen></FullScreen>
    <FullScreen2></FullScreen2>
    <Buffer></Buffer>
    <Buffer2></Buffer2>
    <Buffer3></Buffer3>
  </Video_Display>
  <Information>
    <MinMax></MinMax>
    <GeneralTab></GeneralTab>
    <GeneralTab1></GeneralTab1>
    <SessionTab></SessionTab>
  </Information>
  <Mini_Data_Frame>
    <MinMax></MinMax>
    <TierList></TierList>
    <YellowInfoBox></YellowInfoBox>
    <HighlightText></HighlightText>
    <FontSize></FontSize>
  </Mini_Data_Frame>
  <Control_Panel>
    <TextGeneral></TextGeneral>
    <TextTierScroll></TextTierScroll>
    <Text_Tier></Text_Tier>
    <TierFontSize></TierFontSize>
    <TierTextFont></TierTextFont>
    <Tier1HighlightText></Tier1HighlightText>
    <GridChangeTiers></GridChangeTiers>
    <GridScroll></GridScroll>
    <GridHighlight></GridHighlight>
    <GridHighlight2></GridHighlight2>
    <GridEndTime></GridEndTime>
    <GridBeginTime></GridBeginTime>
    <GridTier3></GridTier3>
    <GridTier2></GridTier2>
    <GridTier1></GridTier1>
    <GridColumnWidth></GridColumnWidth>
    <Subtitle></Subtitle>
    <Waveform></Waveform>
    <Waveform1></Waveform1>
    <WaveformFrequency></WaveformFrequency>
    <CrossAnnotations></CrossAnnotations>
    <CrossAnnotations2></CrossAnnotations2>
    <TimelineSwtichTiers></TimelineSwtichTiers>
    <TimelineSwtichTiersCompact></TimelineSwtichTiersCompact>
    <TimelineSwitchFont></TimelineSwitchFont>
    <TimelineProgressBar></TimelineProgressBar>
    <TimelineCreateSelection></TimelineCreateSelection>
    <TimelinePlaySelection></TimelinePlaySelection>
    <TimelineClearSelection></TimelineClearSelection>
    <TimelineCreateBookmark></TimelineCreateBookmark>
    <NavigationButtonsMvBeginningEnd></NavigationButtonsMvBeginningEnd>
    <NavigationButtonsRwdFfwdFAST></NavigationButtonsRwdFfwdFAST>
    <NavigationButtonsRwdFfwdSLOW></NavigationButtonsRwdFfwdSLOW>
    <NavigationButtonsPlusMinus></NavigationButtonsPlusMinus>
    <PlayByScreen></PlayByScreen>
    <PlayContinually></PlayContinually>
  </Control_Panel>
  <AudioTest>
    <OpenIMDIBroswerAudio></OpenIMDIBroswerAudio>
    <Play></Play>
    <Rewind></Rewind>
    <Fast_forward></Fast_forward>
    <ToBegNStop_ToEndNStop></ToBegNStop_ToEndNStop>
    <Mute></Mute>
    <Link2selectionAudio></Link2selectionAudio>
  </AudioTest>
  <LogOut>
    <LogOut></LogOut>
    <LogOut2></LogOut2>
  </LogOut>
</AnnexBugCheck>
