<?xml version="1.0" encoding="UTF-8"?>
<AnnexBugCheck xmlns:xsi="http://www.w3.org/2001/XMLSchema-instance" xsi:schemaLocation="https://idp.mpi.nl/testing https://idp.mpi.nl/testing/xsd_out.php?file=plans/Annex.xml">
  <DateTime>21-05-2012</DateTime>
  <AnnexVersion>1.1.30641</AnnexVersion>
  <OSVersion>Windows7 (64b) - Firefox</OSVersion>
  <Tester>frabec</Tester>
  <StartingAnnex>
    <OpeningAnnexForPublic>Works</OpeningAnnexForPublic>
    <OpenAnnexIMDIbrowser>Works</OpenAnnexIMDIbrowser>
    <LogIn>Works</LogIn>
    <LogIn2>Works</LogIn2>
    <LogIn3>Works</LogIn3>
    <LogIn3b>Works</LogIn3b>
  </StartingAnnex>
  <MenuBar>
    <Manual>Works</Manual>
    <HelpQuestionMark>Works</HelpQuestionMark>
    <SelectingStripforEmbedding>Works</SelectingStripforEmbedding>
    <Embed>Works</Embed>
    <Embed2>Works</Embed2>
    <EmbedSize>Works</EmbedSize>
    <EmbedDV>Works</EmbedDV>
    <EmbedF>Works</EmbedF>
    <EmbedTiers>Works</EmbedTiers>
    <EmbedStartingPoint>Works</EmbedStartingPoint>
    <CopyToClipboard1>Works</CopyToClipboard1>
    <OpeningWebPage>Works</OpeningWebPage>
    <EmbedCheck>Works</EmbedCheck>
    <EmbedSuccess>Works</EmbedSuccess>
    <Embed6>Works</Embed6>
    <CompactMode>Works</CompactMode>
  </MenuBar>
  <Video_Display>
    <VideoDisplayMin>Works</VideoDisplayMin>
    <Max>Works</Max>
    <Play>Works</Play>
    <ProgressThroughTimeline>Works</ProgressThroughTimeline>
    <SwitchingThroughTimeline>Works</SwitchingThroughTimeline>
    <Rewind>Works</Rewind>
    <FastFwd>Works</FastFwd>
    <Volume>Works</Volume>
    <ToBegnStop>Works</ToBegnStop>
    <ToEndnStop>Works</ToEndnStop>
    <FullScreen>Works</FullScreen>
    <Buffer>Works</Buffer>
    <Buffer2>Works</Buffer2>
    <Buffer3>Works</Buffer3>
  </Video_Display>
  <Information>
    <MinMax>Works</MinMax>
    <GeneralTab>Works</GeneralTab>
    <GeneralTab1>Works</GeneralTab1>
    <SessionTab>Works</SessionTab>
  </Information>
  <Mini_Data_Frame>
    <MinMax>Works</MinMax>
    <TierList>Works</TierList>
    <YellowInfoBox>Works</YellowInfoBox>
    <HighlightText>Works</HighlightText>
    <FontSize>Works</FontSize>
  </Mini_Data_Frame>
  <Control_Panel>
    <TextGeneral>Works</TextGeneral>
    <TextTierScroll error="See ticket #1925">Strange</TextTierScroll>
    <Text_Tier>Works</Text_Tier>
    <TierFontSize>Works</TierFontSize>
    <TierTextFont>Works</TierTextFont>
    <Tier1HighlightText error="See ticket #1449">Strange</Tier1HighlightText>
    <GridChangeTiers>Works</GridChangeTiers>
    <GridScroll error="See ticket #1925">Strange</GridScroll>
    <GridHighlight>Works</GridHighlight>
    <GridHighlight2>Works</GridHighlight2>
    <GridEndTime>Works</GridEndTime>
    <GridBeginTime>Works</GridBeginTime>
    <GridTier3>Works</GridTier3>
    <GridTier2>Works</GridTier2>
    <GridTier1>Works</GridTier1>
    <GridColumnWidth>Works</GridColumnWidth>
    <Subtitle>Works</Subtitle>
    <Waveform>Works</Waveform>
    <Waveform1>Works</Waveform1>
    <WaveformFrequency>Works</WaveformFrequency>
    <TimelineSwtichTiers>Works</TimelineSwtichTiers>
    <TimelineSwtichTiersCompact error="See ticket #1459">Strange</TimelineSwtichTiersCompact>
    <TimelineSwitchFont error="With Calibri everything is fine. But with other fonts, like for e.g. Cambria Math, the tiers content disappears. BROWSER-DEPENDENT BUG.">Strange</TimelineSwitchFont>
    <TimelineProgressBar>Works</TimelineProgressBar>
    <TimelineCreateSelection>Works</TimelineCreateSelection>
    <TimelinePlaySelection>Works</TimelinePlaySelection>
    <TimelineClearSelection>Works</TimelineClearSelection>
    <TimelineCreateBookmark>Works</TimelineCreateBookmark>
    <NavigationButtonsMvBeginningEnd>Works</NavigationButtonsMvBeginningEnd>
    <NavigationButtonsRwdFfwdFAST>Works</NavigationButtonsRwdFfwdFAST>
    <NavigationButtonsRwdFfwdSLOW>Works</NavigationButtonsRwdFfwdSLOW>
    <NavigationButtonsPlusMinus error="Ticket #1508. These feautures work. However, when zooming out, the timeline always goes back to the beginning and this can be unhandy when only wanting to focus on a selection. ">Mostly</NavigationButtonsPlusMinus>
    <PlayByScreen>Works</PlayByScreen>
    <PlayContinually>Works</PlayContinually>
  </Control_Panel>
  <AudioTest>
    <OpenIMDIBroswerAudio>Works</OpenIMDIBroswerAudio>
    <Play>Works</Play>
    <Rewind>Works</Rewind>
    <Fast_forward>Works</Fast_forward>
    <ToBegNStop_ToEndNStop>Works</ToBegNStop_ToEndNStop>
    <Mute>Works</Mute>
    <Link2selectionAudio>Works</Link2selectionAudio>
  </AudioTest>
  <LogOut>
    <LogOut>Works</LogOut>
  </LogOut>
</AnnexBugCheck>
