<?xml version="1.0" encoding="UTF-8"?>
<AnnexBugCheck xmlns:xsi="http://www.w3.org/2001/XMLSchema-instance" xsi:schemaLocation="https://lux15.mpi.nl/testing https://lux15.mpi.nl/testing/xsd_out.php?file=plans/Annex.xml">
  <DateTime>2013-04-23</DateTime>
  <AnnexVersion>1.2.35</AnnexVersion>
  <OSVersion>demoserver (vm SUSE 11 autoLAT 0.66 stripped), Firefox</OSVersion>
  <Tester>sauciv</Tester>
  <TestPlanRevision>36652</TestPlanRevision>
  <StartingAnnex>
    <OpenAnnexIMDIbrowser>Works</OpenAnnexIMDIbrowser>
    <LogIn>Works</LogIn>
    <LogIn2>Works</LogIn2>
    <LogIn3>Works</LogIn3>
    <LogIn3b>Works</LogIn3b>
  </StartingAnnex>
  <MenuBar>
    <Manual error="I have been redirected to the page 'http://tla.mpi.nl/tools/tla-tools/annex/', instead of manual page.">Mostly</Manual>
    <HelpQuestionMark>Works</HelpQuestionMark>
    <SelectingStripforEmbedding>Works</SelectingStripforEmbedding>
    <Embed>Works</Embed>
    <Embed2 error="">Empty</Embed2>
    <EmbedSize>Works</EmbedSize>
    <EmbedDV error="">Empty</EmbedDV>
    <EmbedF>Works</EmbedF>
    <EmbedTiers>Works</EmbedTiers>
    <EmbedStartingPoint>Works</EmbedStartingPoint>
    <CopyToClipboard1></CopyToClipboard1>
    <OpeningWebPage></OpeningWebPage>
    <EmbedCheck></EmbedCheck>
    <EmbedSuccess></EmbedSuccess>
    <Embed6></Embed6>
    <CompactMode></CompactMode>
  </MenuBar>
  <Video_Display>
    <VideoDisplayMin>Works</VideoDisplayMin>
    <Max>Works</Max>
    <Play>Works</Play>
    <ProgressThroughTimeline>Works</ProgressThroughTimeline>
    <SwitchingThroughTimeline>Works</SwitchingThroughTimeline>
    <Rewind>Works</Rewind>
    <FastFwd>Works</FastFwd>
    <Volume>Works</Volume>
    <ToBegnStop>Works</ToBegnStop>
    <ToEndnStop>Works</ToEndnStop>
    <FullScreen>Works</FullScreen>
    <Buffer>Works</Buffer>
    <Buffer2>Works</Buffer2>
    <Buffer3>Works</Buffer3>
  </Video_Display>
  <Information>
    <MinMax>Works</MinMax>
    <GeneralTab>Works</GeneralTab>
    <GeneralTab1>Works</GeneralTab1>
    <SessionTab>Works</SessionTab>
  </Information>
  <Mini_Data_Frame>
    <MinMax>Works</MinMax>
    <TierList>Works</TierList>
    <YellowInfoBox>Works</YellowInfoBox>
    <HighlightText>Works</HighlightText>
    <FontSize>Works</FontSize>
  </Mini_Data_Frame>
  <Control_Panel>
    <TextGeneral>Works</TextGeneral>
    <TextTierScroll>Works</TextTierScroll>
    <Text_Tier></Text_Tier>
    <TierFontSize></TierFontSize>
    <TierTextFont></TierTextFont>
    <Tier1HighlightText></Tier1HighlightText>
    <GridChangeTiers></GridChangeTiers>
    <GridScroll></GridScroll>
    <GridHighlight></GridHighlight>
    <GridHighlight2></GridHighlight2>
    <GridEndTime></GridEndTime>
    <GridBeginTime></GridBeginTime>
    <GridTier3></GridTier3>
    <GridTier2></GridTier2>
    <GridTier1></GridTier1>
    <GridColumnWidth></GridColumnWidth>
    <Subtitle></Subtitle>
    <Waveform></Waveform>
    <Waveform1></Waveform1>
    <WaveformFrequency></WaveformFrequency>
    <TimelineSwtichTiers></TimelineSwtichTiers>
    <TimelineSwtichTiersCompact></TimelineSwtichTiersCompact>
    <TimelineSwitchFont></TimelineSwitchFont>
    <TimelineProgressBar></TimelineProgressBar>
    <TimelineCreateSelection></TimelineCreateSelection>
    <TimelinePlaySelection></TimelinePlaySelection>
    <TimelineClearSelection></TimelineClearSelection>
    <TimelineCreateBookmark></TimelineCreateBookmark>
    <NavigationButtonsMvBeginningEnd></NavigationButtonsMvBeginningEnd>
    <NavigationButtonsRwdFfwdFAST></NavigationButtonsRwdFfwdFAST>
    <NavigationButtonsRwdFfwdSLOW></NavigationButtonsRwdFfwdSLOW>
    <NavigationButtonsPlusMinus></NavigationButtonsPlusMinus>
    <PlayByScreen></PlayByScreen>
    <PlayContinually></PlayContinually>
  </Control_Panel>
  <AudioTest>
    <OpenIMDIBroswerAudio></OpenIMDIBroswerAudio>
    <Play></Play>
    <Rewind></Rewind>
    <Fast_forward></Fast_forward>
    <ToBegNStop_ToEndNStop></ToBegNStop_ToEndNStop>
    <Mute></Mute>
    <Link2selectionAudio></Link2selectionAudio>
  </AudioTest>
  <LogOut>
    <LogOut></LogOut>
  </LogOut>
</AnnexBugCheck>
