<?xml version="1.0" encoding="UTF-8"?>
<AnnexBugCheck xmlns:xsi="http://www.w3.org/2001/XMLSchema-instance" xsi:schemaLocation="https://lux15.mpi.nl/testing https://lux15.mpi.nl/testing/xsd_out.php?file=plans/Annex.xml">
  <DateTime>2014-06-27</DateTime>
  <AnnexVersion>1.5.41168</AnnexVersion>
  <OSVersion>Mac OS X 10.9.2/Safari</OSVersion>
  <Tester>frabec</Tester>
  <TestPlanRevision>41254</TestPlanRevision>
  <StartingAnnex>
    <OpenAnnexIMDIbrowser>Works</OpenAnnexIMDIbrowser>
    <LogIn>Works</LogIn>
    <LogIn2>Works</LogIn2>
    <LogIn3>Works</LogIn3>
    <LogIn3b>Works</LogIn3b>
  </StartingAnnex>
  <MenuBar>
    <Manual>Works</Manual>
    <HelpQuestionMark>Works</HelpQuestionMark>
    <SelectingStripforEmbedding>Works</SelectingStripforEmbedding>
    <Embed>Works</Embed>
    <Embed2>Works</Embed2>
    <EmbedSize>Works</EmbedSize>
    <EmbedDV>Works</EmbedDV>
    <EmbedF>Works</EmbedF>
    <EmbedTiers>Works</EmbedTiers>
    <EmbedStartingPoint>Works</EmbedStartingPoint>
    <CopyToClipboard1>Works</CopyToClipboard1>
    <OpeningWebPage>Works</OpeningWebPage>
    <EmbedCheck error="See error description in the above test. Ref. ticket #4024.">Fails</EmbedCheck>
    <EmbedSuccess error="See error description in the above test. Ref. ticket #4024.">Fails</EmbedSuccess>
    <Embed6>Works</Embed6>
    <CompactMode>Works</CompactMode>
  </MenuBar>
  <Video_Display>
    <VideoDisplayMin>Works</VideoDisplayMin>
    <Max>Works</Max>
    <Play>Works</Play>
    <ProgressThroughTimeline>Works</ProgressThroughTimeline>
    <SwitchingThroughTimeline>Works</SwitchingThroughTimeline>
    <Rewind>Works</Rewind>
    <FastFwd>Works</FastFwd>
    <RewindPaused>Works</RewindPaused>
    <FastFwdPaused>Works</FastFwdPaused>
    <Volume>Works</Volume>
    <ToBegnStop>Works</ToBegnStop>
    <ToEndnStop>Works</ToEndnStop>
    <FullScreen>Works</FullScreen>
    <FullScreen2>Works</FullScreen2>
    <Buffer>Works</Buffer>
    <Buffer2>Works</Buffer2>
    <Buffer3>Works</Buffer3>
  </Video_Display>
  <Information>
    <MinMax>Works</MinMax>
    <GeneralTab>Works</GeneralTab>
    <GeneralTab1>Works</GeneralTab1>
    <SessionTab>Works</SessionTab>
  </Information>
  <Mini_Data_Frame>
    <MinMax>Works</MinMax>
    <TierList>Works</TierList>
    <YellowInfoBox>Works</YellowInfoBox>
    <HighlightText>Works</HighlightText>
    <FontSize>Works</FontSize>
  </Mini_Data_Frame>
  <Control_Panel>
    <TextGeneral>Works</TextGeneral>
    <TextTierScroll>Works</TextTierScroll>
    <Text_Tier>Works</Text_Tier>
    <TierFontSize>Works</TierFontSize>
    <TierTextFont>Works</TierTextFont>
    <Tier1HighlightText error="the adjacent fragments in tiers 2 and 3 are not highlighted. Ref. ticket #4025.">Fails</Tier1HighlightText>
    <GridChangeTiers>Works</GridChangeTiers>
    <GridScroll error="I can scroll down only by using the &quot;button&quot; on the right of the tier-tables, but not by using the mouse wheel. See ref. ticket #3493.">Fails</GridScroll>
    <GridHighlight>Works</GridHighlight>
    <GridHighlight2>Works</GridHighlight2>
    <GridEndTime>Works</GridEndTime>
    <GridBeginTime>Works</GridBeginTime>
    <GridTier3>Works</GridTier3>
    <GridTier2>Works</GridTier2>
    <GridTier1>Works</GridTier1>
    <GridColumnWidth>Works</GridColumnWidth>
    <Subtitle>Works</Subtitle>
    <Waveform>Works</Waveform>
    <Waveform1>Works</Waveform1>
    <WaveformFrequency>Works</WaveformFrequency>
    <CrossAnnotations>Works</CrossAnnotations>
    <CrossAnnotations2>Works</CrossAnnotations2>
    <TimelineSwtichTiers>Works</TimelineSwtichTiers>
    <TimelineSwtichTiersCompact>Works</TimelineSwtichTiersCompact>
    <TimelineSwitchFont>Works</TimelineSwitchFont>
    <TimelineProgressBar>Works</TimelineProgressBar>
    <TimelineCreateSelection>Works</TimelineCreateSelection>
    <TimelinePlaySelection>Works</TimelinePlaySelection>
    <TimelineClearSelection>Works</TimelineClearSelection>
    <TimelineCreateBookmark>Works</TimelineCreateBookmark>
    <NavigationButtonsMvBeginningEnd>Works</NavigationButtonsMvBeginningEnd>
    <NavigationButtonsRwdFfwdFAST>Works</NavigationButtonsRwdFfwdFAST>
    <NavigationButtonsRwdFfwdSLOW>Works</NavigationButtonsRwdFfwdSLOW>
    <NavigationButtonsPlusMinus>Works</NavigationButtonsPlusMinus>
    <PlayByScreen>Works</PlayByScreen>
    <PlayContinually>Works</PlayContinually>
  </Control_Panel>
  <AudioTest>
    <OpenIMDIBroswerAudio>Works</OpenIMDIBroswerAudio>
    <Play>Works</Play>
    <Rewind>Works</Rewind>
    <Fast_forward>Works</Fast_forward>
    <ToBegNStop_ToEndNStop>Works</ToBegNStop_ToEndNStop>
    <ToBegNStop1>Works</ToBegNStop1>
    <toBegNStop2>Works</toBegNStop2>
    <Mute>Works</Mute>
    <Link2selectionAudio>Works</Link2selectionAudio>
  </AudioTest>
  <LogOut>
    <LogOut>Works</LogOut>
    <LogOut2>Works</LogOut2>
  </LogOut>
</AnnexBugCheck>
