<?xml version="1.0" encoding="UTF-8"?>
<AnnisBugCheck xmlns:xsi="http://www.w3.org/2001/XMLSchema-instance" xsi:schemaLocation="https://lux15.mpi.nl/testing https://lux15.mpi.nl/testing/xsd_out.php?file=plans/Annis.xml">
  <DateTime>2013-07-05</DateTime>
  <AnnisVersion></AnnisVersion>
  <OSVersion></OSVersion>
  <Tester>sauciv</Tester>
  <TestPlanRevision>37476</TestPlanRevision>
  <StartingAnnis2>
    <LogInAnnis></LogInAnnis>
    <LogInAnnisCredentials></LogInAnnisCredentials>
  </StartingAnnis2>
  <ExploringAnnis2Interface>
    <Annis2Interface></Annis2Interface>
    <AnnisHomePage2></AnnisHomePage2>
    <AnnisHomePageLogout></AnnisHomePageLogout>
    <AnnisHomePageAbout></AnnisHomePageAbout>
    <AnnisHomePageTutorial></AnnisHomePageTutorial>
  </ExploringAnnis2Interface>
  <SearchFormAnnotation>
    <SearchFormCorpora1></SearchFormCorpora1>
    <SearchFormCorpora2></SearchFormCorpora2>
    <SearchFormCorpora3></SearchFormCorpora3>
    <SearchFormCorpora4></SearchFormCorpora4>
    <SearchFormCorpora5></SearchFormCorpora5>
  </SearchFormAnnotation>
  <SearchFormResults>
    <ShowResults></ShowResults>
    <MultipleCorporaSelection></MultipleCorporaSelection>
    <ShowResults2></ShowResults2>
    <ShowResults3></ShowResults3>
    <ShowResults4></ShowResults4>
    <ShowResults6></ShowResults6>
    <ShowResults7></ShowResults7>
    <ShowResults8></ShowResults8>
    <ShowResults9></ShowResults9>
    <ShowResults10></ShowResults10>
  </SearchFormResults>
  <QueryBuilderSearchForm>
    <QueryBuilderAnnotationSearch></QueryBuilderAnnotationSearch>
    <QueryBuilderAnnotationSearch2></QueryBuilderAnnotationSearch2>
    <QueryBuilderAnnotationSearch3></QueryBuilderAnnotationSearch3>
    <QueryBuilderAnnotationSearch4></QueryBuilderAnnotationSearch4>
    <QueryBuilderAnnotationSearch5></QueryBuilderAnnotationSearch5>
    <QueryBuilderAnnotationSearch6></QueryBuilderAnnotationSearch6>
    <QueryBuilderAnnotationSearch7></QueryBuilderAnnotationSearch7>
    <QueryBuilderAnnotationSearchEdge></QueryBuilderAnnotationSearchEdge>
    <QueryBuilderAnnotationSearchEdge2></QueryBuilderAnnotationSearchEdge2>
  </QueryBuilderSearchForm>
  <ExportAnnotation>
    <ExportAnnotationWindow></ExportAnnotationWindow>
    <ExportAnnotationSimpleTextPerformer></ExportAnnotationSimpleTextPerformer>
    <ExportAnnotationTextExporter></ExportAnnotationTextExporter>
    <ExportAnnotationWekaExporter></ExportAnnotationWekaExporter>
    <ExportAnnotationGridExporter></ExportAnnotationGridExporter>
  </ExportAnnotation>
</AnnisBugCheck>
