<?xml version="1.0" encoding="UTF-8"?>
<AnnisBugCheck xmlns:xsi="http://www.w3.org/2001/XMLSchema-instance" xsi:schemaLocation="https://lux15.mpi.nl/testing https://lux15.mpi.nl/testing/xsd_out.php?file=plans/Annis.xml">
  <DateTime>2013-07-08</DateTime>
  <AnnisVersion></AnnisVersion>
  <OSVersion></OSVersion>
  <Tester>sauciv</Tester>
  <TestPlanRevision>37489</TestPlanRevision>
  <StartingAnnis2>
    <LogInAnnis2></LogInAnnis2>
    <LogInAnnis2Credentials></LogInAnnis2Credentials>
  </StartingAnnis2>
  <ExploringAnnis2Interface>
    <Annis2Interface></Annis2Interface>
    <Annis2Interface2></Annis2Interface2>
    <Annis2InterfaceLogout></Annis2InterfaceLogout>
    <Annis2InterfaceAbout></Annis2InterfaceAbout>
    <Annis2InterfaceTutorial></Annis2InterfaceTutorial>
  </ExploringAnnis2Interface>
  <SearchFormAnnotation>
    <SearchFormWordForms></SearchFormWordForms>
    <SearchFormWordForms2></SearchFormWordForms2>
    <SearchFormWordForms2></SearchFormWordForms2>
    <SearchFormRegularExpression></SearchFormRegularExpression>
    <SearchFormMultipleWordForms></SearchFormMultipleWordForms>
    <SearchFormWordsDistances></SearchFormWordsDistances>
    <SearchFormAnnotations></SearchFormAnnotations>
  </SearchFormAnnotation>
  <SearchFormResults>
    <ShowResults></ShowResults>
    <MultipleCorporaSelection></MultipleCorporaSelection>
    <ShowResults2></ShowResults2>
    <ShowResults3></ShowResults3>
    <ShowResults4></ShowResults4>
    <ShowResults6></ShowResults6>
    <ShowResults7></ShowResults7>
    <ShowResults8></ShowResults8>
    <ShowResults9></ShowResults9>
    <ShowResults10></ShowResults10>
  </SearchFormResults>
  <QueryBuilderSearchForm>
    <QueryBuilderOpenWindow></QueryBuilderOpenWindow>
    <QueryBuilderOpenWindow2></QueryBuilderOpenWindow2>
    <QueryBuilderAdd></QueryBuilderAdd>
    <QueryBuilderAnnotationSearch4></QueryBuilderAnnotationSearch4>
    <QueryBuilderOperators></QueryBuilderOperators>
    <QueryBuilderAddClear></QueryBuilderAddClear>
    <QueryBuilderUnderspecified></QueryBuilderUnderspecified>
    <QueryBuilderAnnotationSearchEdge></QueryBuilderAnnotationSearchEdge>
    <QueryBuilderAnnotationSearchEdge2></QueryBuilderAnnotationSearchEdge2>
  </QueryBuilderSearchForm>
  <ExportAnnotation>
    <ExportAnnotationWindow></ExportAnnotationWindow>
    <ExportAnnotationSimpleTextPerformer></ExportAnnotationSimpleTextPerformer>
    <ExportAnnotationTextExporter></ExportAnnotationTextExporter>
    <ExportAnnotationWekaExporter></ExportAnnotationWekaExporter>
    <ExportAnnotationGridExporter></ExportAnnotationGridExporter>
  </ExportAnnotation>
</AnnisBugCheck>
