<?xml version="1.0" encoding="UTF-8"?>
<ArbilBugCheck xmlns:xsi="http://www.w3.org/2001/XMLSchema-instance" xsi:schemaLocation="https://lux15.mpi.nl/testing https://lux15.mpi.nl/testing/xsd_out.php?file=plans/arbil_clarin.xml">
  <DateTime>2012-12-05</DateTime>
  <ArbilVersion>2.4</ArbilVersion>
  <OSVersion>Windows 7, Firefox 12.0</OSVersion>
  <Tester>clazab</Tester>
  <TestPlanRevision>34742</TestPlanRevision>
  <CMDIWizardTest>
    <SA1>Works</SA1>
    <SA1A>Works</SA1A>
    <CMDITestWizard1>Works</CMDITestWizard1>
    <CMDITestWizard2>Works</CMDITestWizard2>
    <CMDITestWizard3>Works</CMDITestWizard3>
    <CMDITestWizard4>Works</CMDITestWizard4>
    <CMDITestWizard5>Works</CMDITestWizard5>
    <CMDITestWizard6>Works</CMDITestWizard6>
  </CMDIWizardTest>
  <CMDI_Profiles>
    <AddCMDIProfileToLocalCorpus>Works</AddCMDIProfileToLocalCorpus>
    <ProfileFiltering>Works</ProfileFiltering>
    <ProfileFilteringLanuageSignSession>Works</ProfileFilteringLanuageSignSession>
    <ProfileFiltering1>Works</ProfileFiltering1>
    <ProfileFiltering2>Works</ProfileFiltering2>
    <ProfileFiltering3>Works</ProfileFiltering3>
    <ProfileFiltering4>Works</ProfileFiltering4>
    <ProfileFiltering5>Works</ProfileFiltering5>
    <ProfileFiltering6>Works</ProfileFiltering6>
    <ArbitraryResourceProxyReferences>Works</ArbitraryResourceProxyReferences>
    <CMDIExportImportLocalSchema1>Works</CMDIExportImportLocalSchema1>
    <CMDIExportImportLocalSchema2>Works</CMDIExportImportLocalSchema2>
    <CMDIExportImportLocalSchema3>Works</CMDIExportImportLocalSchema3>
    <CMDIExportImportLocalSchema4>Works</CMDIExportImportLocalSchema4>
    <CMDIProfilesRefreshBotton>Works</CMDIProfilesRefreshBotton>
    <CMDIExportImportLocalSchema5>Works</CMDIExportImportLocalSchema5>
    <CMDIErroneousResourceTypeValue>Works</CMDIErroneousResourceTypeValue>
    <CMDIEditAttributes>Works</CMDIEditAttributes>
  </CMDI_Profiles>
  <GetMetadataTest>
    <CMDIAddProfile>Works</CMDIAddProfile>
    <CMDAddProfileConName>Works</CMDAddProfileConName>
    <CMDIAddProfileNode>Works</CMDIAddProfileNode>
    <CMDIMaximumNumberNodesReached>Works</CMDIMaximumNumberNodesReached>
    <CMDIAddComponentConName1>Works</CMDIAddComponentConName1>
    <SaveMenuChanges>Works</SaveMenuChanges>
    <CMDIChangesNodeSortingNS>Works</CMDIChangesNodeSortingNS>
    <CMDIChangesTableOrdering>Works</CMDIChangesTableOrdering>
    <CMDIChangesMetadataStr>Works</CMDIChangesMetadataStr>
    <CMDIChangesTableandPreviewArea>Works</CMDIChangesTableandPreviewArea>
    <CMDIMultipleValuesAdd>Works</CMDIMultipleValuesAdd>
    <ImportExistinBrnchSavN>Works</ImportExistinBrnchSavN>
    <ImportExistinBrnchSve>Works</ImportExistinBrnchSve>
    <ImprtExistinBrnch>Works</ImprtExistinBrnch>
    <ImprtExistinBrnch1>Works</ImprtExistinBrnch1>
    <ImprtExistinBrnch2>Works</ImprtExistinBrnch2>
    <ImprtExistinBrnchDragDrop>Works</ImprtExistinBrnchDragDrop>
    <ImprtExistinBrnchDragDrop1>Works</ImprtExistinBrnchDragDrop1>
    <MovingMultipleSessions>Works</MovingMultipleSessions>
  </GetMetadataTest>
  <NodeSearchTest>
    <CMDIStartSearch>Works</CMDIStartSearch>
    <DropNode>Works</DropNode>
    <OpenSearchWindow>Works</OpenSearchWindow>
    <CheckSearchWindow>Works</CheckSearchWindow>
    <CMDILocalSearch>Works</CMDILocalSearch>
    <CMDILocalSearch2>Works</CMDILocalSearch2>
    <CMDILocalSearch3>Works</CMDILocalSearch3>
    <CMDIAdditionSearchAS>Works</CMDIAdditionSearchAS>
    <CMDIAdditionSearchAS1>Works</CMDIAdditionSearchAS1>
    <CMDIAdditionSearchAS2>Works</CMDIAdditionSearchAS2>
    <CMDIAdditionSearchAS3>Works</CMDIAdditionSearchAS3>
    <IMDIAdditionSearchAS5>Works</IMDIAdditionSearchAS5>
    <DroppingInTheSearchField>Works</DroppingInTheSearchField>
  </NodeSearchTest>
  <NodeRightMouseMenu>
    <OpenInExternalApp>Works</OpenInExternalApp>
    <CMDIOpenInEnternalAppSession>Works</CMDIOpenInEnternalAppSession>
    <CMDIOpenInEnternalAppMedia>Works</CMDIOpenInEnternalAppMedia>
    <CMDIReImportBranch1>Works</CMDIReImportBranch1>
    <CMDIReImportBranch2>Works</CMDIReImportBranch2>
    <IMDIReImportBranch3>Works</IMDIReImportBranch3>
    <ReImportMultipleNodes>Works</ReImportMultipleNodes>
    <ViewXML>Works</ViewXML>
    <ExportMetadata1>Works</ExportMetadata1>
    <ExportMetadata2>Works</ExportMetadata2>
    <ExportMetadata3>Works</ExportMetadata3>
    <ExportMetadataWithResources>Works</ExportMetadataWithResources>
    <ExportMetadataHierarchy>Works</ExportMetadataHierarchy>
    <CheckXmlConformance>Works</CheckXmlConformance>
    <CMDICheckXmlConformance1>Works</CMDICheckXmlConformance1>
    <CMDICheckXmlConformance2>Works</CMDICheckXmlConformance2>
  </NodeRightMouseMenu>
  <ColumnsTests>
    <ArrangeColumns>Works</ArrangeColumns>
    <ArrangementColumns1>Works</ArrangementColumns1>
    <ArrangementMultipleColumns>Works</ArrangementMultipleColumns>
    <SaveColumnView>Works</SaveColumnView>
    <EditColumnView>Works</EditColumnView>
    <ShowOnlyCurrent>Works</ShowOnlyCurrent>
    <ColumnViewForThis>Works</ColumnViewForThis>
    <CopyTableWeb>Works</CopyTableWeb>
    <Embed>Works</Embed>
    <FindAndReplace>Works</FindAndReplace>
  </ColumnsTests>
  <FilesTest>
    <AddWorkingDirectory>Works</AddWorkingDirectory>
    <AddJpegImage>Works</AddJpegImage>
    <AddWAV>Works</AddWAV>
    <FilesShowHidden>Works</FilesShowHidden>
  </FilesTest>
  <FavouritesTest>
    <AddToFavourites>Works</AddToFavourites>
    <AddFromFavourites>Works</AddFromFavourites>
    <CMDIAddtoFavourites>Works</CMDIAddtoFavourites>
    <CMDIaddfromFavourites>Works</CMDIaddfromFavourites>
    <Remove>Works</Remove>
    <CMDIAddRechangeFav>Works</CMDIAddRechangeFav>
    <CMDIAddIntoDiffSubnodeFav>Works</CMDIAddIntoDiffSubnodeFav>
    <EditMetaData>Works</EditMetaData>
    <EditMetaData1>Works</EditMetaData1>
    <EditMeteData1>Works</EditMeteData1>
    <AddToElemInFav>Works</AddToElemInFav>
    <AddToElemInFav2>Works</AddToElemInFav2>
    <LongFieldEd>Works</LongFieldEd>
    <LongFieldEd1>Works</LongFieldEd1>
  </FavouritesTest>
  <FileMenuTest>
    <FileMenuSaveChanges>Works</FileMenuSaveChanges>
    <FileMenuSaveChanges1>Works</FileMenuSaveChanges1>
    <FileMenuShowModifiedNodes>Works</FileMenuShowModifiedNodes>
    <FileMenuImport>Works</FileMenuImport>
    <FileMenuExit>Works</FileMenuExit>
    <ExitMacOS1>Works</ExitMacOS1>
    <ExitMacOS2>Works</ExitMacOS2>
  </FileMenuTest>
  <OptionsMenuTest>
    <TemplatesAndProfiles>Works</TemplatesAndProfiles>
    <LocalCorpusStorageDirectory>Works</LocalCorpusStorageDirectory>
    <SaveWindowsOnExit>Works</SaveWindowsOnExit>
    <SaveWindowsOnExit1>Works</SaveWindowsOnExit1>
    <ShowSelectionPreview>Works</ShowSelectionPreview>
    <CopyNewResourcesIntoCache>Works</CopyNewResourcesIntoCache>
    <CopyNewResourcesIntoCacheN>Works</CopyNewResourcesIntoCacheN>
    <CheckPermisForRemoteResources>Works</CheckPermisForRemoteResources>
    <AlwaysCheckLocalMetdatFilesForXMLConformance>Works</AlwaysCheckLocalMetdatFilesForXMLConformance>
    <ShowLanguageInColumnName>Works</ShowLanguageInColumnName>
    <ColumnViewForNewTables>Works</ColumnViewForNewTables>
    <CloseAllWindows>Works</CloseAllWindows>
  </OptionsMenuTest>
  <HelpMenuTest>
    <AboutHelpMenu>Works</AboutHelpMenu>
    <HelpMenu>Works</HelpMenu>
    <HelpMenuF1>Works</HelpMenuF1>
    <ArbilForumHelpMenu>Works</ArbilForumHelpMenu>
    <HelpMenuInSyncManual>Works</HelpMenuInSyncManual>
    <RunSetUpWizard>Works</RunSetUpWizard>
    <ErrorHelpMenu>Works</ErrorHelpMenu>
    <CheckUpdatesHelpMenu>Works</CheckUpdatesHelpMenu>
    <ShortCutKeysHelpMenu>Works</ShortCutKeysHelpMenu>
  </HelpMenuTest>
  <MultiLanguageTest>
    <DescriptionChoice>Works</DescriptionChoice>
    <LongfieldEditor>Works</LongfieldEditor>
    <ControlledVocabularies1>Works</ControlledVocabularies1>
    <ControlledVocabularies2>Works</ControlledVocabularies2>
    <ControlledVocabularies3>Works</ControlledVocabularies3>
    <ControlledVocabularies4>Works</ControlledVocabularies4>
    <ClosedVocabularies>Works</ClosedVocabularies>
    <ControlledVocabulariesLongFE>Works</ControlledVocabulariesLongFE>
  </MultiLanguageTest>
  <AddResourcesTest>
    <AddWorkingDirectories>Works</AddWorkingDirectories>
    <AddResources>Works</AddResources>
    <AddResources2>Works</AddResources2>
    <AddNotArchivableFile>Works</AddNotArchivableFile>
    <AddResourceLocation>Works</AddResourceLocation>
  </AddResourcesTest>
  <TypeCheckerTest>
    <TypecheckerConfiguration1>Works</TypecheckerConfiguration1>
    <TypecheckerConfiguration2>Works</TypecheckerConfiguration2>
    <TypecheckerConfiguration3>Works</TypecheckerConfiguration3>
    <TypecheckerConfiguration4>Works</TypecheckerConfiguration4>
    <TypecheckerConfiguration5>Works</TypecheckerConfiguration5>
    <TypecheckerConfiguration6>Works</TypecheckerConfiguration6>
    <TypecheckerConfiguration6a>Works</TypecheckerConfiguration6a>
    <TypecheckerConfiguration6b>Works</TypecheckerConfiguration6b>
    <TypecheckerConfiguration7>Works</TypecheckerConfiguration7>
    <TypecheckerConfiguration8>Works</TypecheckerConfiguration8>
  </TypeCheckerTest>
  <HandleNodesTests>
    <DeleteNodeKey>Works</DeleteNodeKey>
    <DeleteNodeMenu>Works</DeleteNodeMenu>
  </HandleNodesTests>
</ArbilBugCheck>
