<?xml version="1.0" encoding="UTF-8"?>
<ArbilBugCheck xmlns:xsi="http://www.w3.org/2001/XMLSchema-instance" xsi:schemaLocation="https://lux15.mpi.nl/testing https://lux15.mpi.nl/testing/xsd_out.php?file=plans/arbil_IMDI.xml">
  <DateTime>2013-01-30</DateTime>
  <ArbilVersion>2.4</ArbilVersion>
  <OSVersion>windows 7, firefox</OSVersion>
  <Tester>sauciv</Tester>
  <TestPlanRevision>35471</TestPlanRevision>
  <IMDIWizardTest>
    <SA1>Works</SA1>
    <SA1A>Works</SA1A>
    <SA1B>Works</SA1B>
    <SA1B1>Works</SA1B1>
    <SA1B2>Works</SA1B2>
    <SA1B3>Works</SA1B3>
    <SA2>Works</SA2>
    <SA2A>Works</SA2A>
    <SA2B>Works</SA2B>
    <SA2B1>Works</SA2B1>
    <SA2B2>Works</SA2B2>
  </IMDIWizardTest>
  <GetMetadataTest>
    <IMDIAddCorpus>Works</IMDIAddCorpus>
    <IMDIAddCorpusConName>Works</IMDIAddCorpusConName>
    <IMDIAddCorpusNode>Works</IMDIAddCorpusNode>
    <IMDIMaximumNumberNodesReached>Works</IMDIMaximumNumberNodesReached>
    <IMDIAddSessionConName1>Works</IMDIAddSessionConName1>
    <IMDIAddInvalidElements>Works</IMDIAddInvalidElements>
    <SaveMenuChanges>Works</SaveMenuChanges>
    <IMDIChangesNodeSortingNS>Works</IMDIChangesNodeSortingNS>
    <IMDIChangesTableOrdering>Works</IMDIChangesTableOrdering>
    <IMDIChangesMetadataStr>Works</IMDIChangesMetadataStr>
    <IMDIChangesTableandPreviewArea>Works</IMDIChangesTableandPreviewArea>
    <FollowUpVoc>Works</FollowUpVoc>
    <IMDIMultipleValuesAdd>Works</IMDIMultipleValuesAdd>
    <ImportExistinBrnchSavN error="I did not get any message about saving the changes. The import has been made.">Mostly</ImportExistinBrnchSavN>
    <ImportExistinBrnchSve error="Same as before.">Mostly</ImportExistinBrnchSve>
    <ImprtExistinBrnch>Works</ImprtExistinBrnch>
    <ImprtExistinBrnch1>Works</ImprtExistinBrnch1>
    <ImprtExistinBrnch2>Works</ImprtExistinBrnch2>
    <ImprtExistinBrnchDragDrop>Works</ImprtExistinBrnchDragDrop>
    <ImprtExistinBrnchDragDrop1>Works</ImprtExistinBrnchDragDrop1>
    <MovingMultipleSessions>Works</MovingMultipleSessions>
    <ProfileFilteringMD1>Works</ProfileFilteringMD1>
    <ProfileFilteringMD2>Works</ProfileFilteringMD2>
    <ProfileFilteringMD3></ProfileFilteringMD3>
  </GetMetadataTest>
  <NodeSearchTest>
    <IMDIStartSearch>Works</IMDIStartSearch>
    <DropNode>Works</DropNode>
    <OpenSearchWindow>Works</OpenSearchWindow>
    <CheckSearchWindow></CheckSearchWindow>
    <IMDILocalSearch></IMDILocalSearch>
    <IMDILocalSearch2></IMDILocalSearch2>
    <IMDILocalSearch3></IMDILocalSearch3>
    <IMDIAdditionSearchAS></IMDIAdditionSearchAS>
    <IMDIAdditionSearchAS1></IMDIAdditionSearchAS1>
    <IMDIAdditionSearchAS2></IMDIAdditionSearchAS2>
    <IMDIAdditionSearchAS3></IMDIAdditionSearchAS3>
    <IMDIAdditionSearchAS4></IMDIAdditionSearchAS4>
    <IMDIAdditionSearchAS5></IMDIAdditionSearchAS5>
    <DroppingInTheSearchField></DroppingInTheSearchField>
    <RemoteSearch></RemoteSearch>
    <RemoteSearchFiltered></RemoteSearchFiltered>
  </NodeSearchTest>
  <NodeRightMouseMenu>
    <OpenInExternalApp></OpenInExternalApp>
    <IMDIOpenInEnternalAppSession></IMDIOpenInEnternalAppSession>
    <IMDIOpenInEnternalAppMedia></IMDIOpenInEnternalAppMedia>
    <IMDIReImportBranch1></IMDIReImportBranch1>
    <IMDIReImportBranch2></IMDIReImportBranch2>
    <IMDIReImportBranch3></IMDIReImportBranch3>
    <ReImportMultipleNodes></ReImportMultipleNodes>
    <ViewXML></ViewXML>
    <ViewImdiFormatted></ViewImdiFormatted>
    <OpenImdiFormatted></OpenImdiFormatted>
    <IMDIExportImdiToHtml></IMDIExportImdiToHtml>
    <IMDIExportImdiToHtml2></IMDIExportImdiToHtml2>
    <ExportMetadata1></ExportMetadata1>
    <ExportMetadata2></ExportMetadata2>
    <ExportMetadata3></ExportMetadata3>
    <ExportMetadataWithResources></ExportMetadataWithResources>
    <ExportMetadataHierarchy></ExportMetadataHierarchy>
    <CheckXmlConformance></CheckXmlConformance>
    <IMDICheckXmlConformance2></IMDICheckXmlConformance2>
  </NodeRightMouseMenu>
  <ColumnsTests>
    <ArrangeColumns></ArrangeColumns>
    <ArrangementColumns1></ArrangementColumns1>
    <ArrangementMultipleColumns></ArrangementMultipleColumns>
    <SaveColumnView></SaveColumnView>
    <EditColumnView></EditColumnView>
    <ShowOnlyCurrent></ShowOnlyCurrent>
    <ColumnViewForThis></ColumnViewForThis>
    <CopyTableWeb></CopyTableWeb>
    <Embed></Embed>
    <FindAndReplace></FindAndReplace>
  </ColumnsTests>
  <FilesTest>
    <AddWorkingDirectory></AddWorkingDirectory>
    <AddJpegImage></AddJpegImage>
    <AddWAV></AddWAV>
    <FilesShowHidden></FilesShowHidden>
  </FilesTest>
  <FavouritesTest>
    <AddToFavourites></AddToFavourites>
    <AddFromFavourites></AddFromFavourites>
    <Remove></Remove>
    <IMDIAddRechangeFav></IMDIAddRechangeFav>
    <IMDIAddIntoDiffSubnodeFav></IMDIAddIntoDiffSubnodeFav>
    <EditMetaData></EditMetaData>
    <EditMetaData1></EditMetaData1>
    <EditMeteData1></EditMeteData1>
    <AddToElemInFav></AddToElemInFav>
    <AddToElemInFav2></AddToElemInFav2>
    <LongFieldEd></LongFieldEd>
    <LongFieldEd1></LongFieldEd1>
    <AddNewSessions></AddNewSessions>
  </FavouritesTest>
  <FileMenuTest>
    <FileMenuSaveChanges></FileMenuSaveChanges>
    <FileMenuSaveChanges1></FileMenuSaveChanges1>
    <FileMenuShowModifiedNodes></FileMenuShowModifiedNodes>
    <FileMenuImport></FileMenuImport>
    <FileMenuExit></FileMenuExit>
    <ExitMacOS1></ExitMacOS1>
    <ExitMacOS2></ExitMacOS2>
  </FileMenuTest>
  <OptionsMenuTest>
    <TemplatesAndProfiles></TemplatesAndProfiles>
    <EditLanguageList></EditLanguageList>
    <IMDIRe-downloadCurrentVocabulary></IMDIRe-downloadCurrentVocabulary>
    <Re-downloadCurrentVocabulary1></Re-downloadCurrentVocabulary1>
    <Re-downloadCurrentVocabulary2></Re-downloadCurrentVocabulary2>
    <SaveWindowsOnExit></SaveWindowsOnExit>
    <SaveWindowsOnExit1></SaveWindowsOnExit1>
    <ShowSelectionPreview></ShowSelectionPreview>
    <CopyNewResourcesIntoCache></CopyNewResourcesIntoCache>
    <CopyNewResourcesIntoCacheN></CopyNewResourcesIntoCacheN>
    <CheckPermisForRemoteResources></CheckPermisForRemoteResources>
    <AlwaysCheckLocalMetdatFilesForXMLConformance></AlwaysCheckLocalMetdatFilesForXMLConformance>
    <ShowLanguageInColumnName></ShowLanguageInColumnName>
    <ColumnViewForNewTables></ColumnViewForNewTables>
    <CloseAllWindows></CloseAllWindows>
    <LocalCorpusStorageDirect_></LocalCorpusStorageDirect_>
  </OptionsMenuTest>
  <HelpMenuTest>
    <AboutHelpMenu></AboutHelpMenu>
    <HelpMenu></HelpMenu>
    <HelpMenuF1></HelpMenuF1>
    <ArbilForumHelpMenu></ArbilForumHelpMenu>
    <HelpMenuInSyncManual></HelpMenuInSyncManual>
    <RunSetUpWizard></RunSetUpWizard>
    <ErrorHelpMenu></ErrorHelpMenu>
    <CheckUpdatesHelpMenu></CheckUpdatesHelpMenu>
    <ShortCutKeysHelpMenu></ShortCutKeysHelpMenu>
  </HelpMenuTest>
  <MultiLanguageTest>
    <DescriptionChoice></DescriptionChoice>
    <LongfieldEditor></LongfieldEditor>
    <ControlledVocabularies1></ControlledVocabularies1>
    <ControlledVocabularies2></ControlledVocabularies2>
    <ControlledVocabularies3></ControlledVocabularies3>
    <ControlledVocabularies4></ControlledVocabularies4>
    <ClosedVocabularies></ClosedVocabularies>
    <ControlledVocabulariesLongFE></ControlledVocabulariesLongFE>
    <IMDIMPILanguagesDescription1></IMDIMPILanguagesDescription1>
    <IMDIMPILanguagesDescription2></IMDIMPILanguagesDescription2>
  </MultiLanguageTest>
  <AddResourcesTest>
    <AddWorkingDirectories></AddWorkingDirectories>
    <AddResources></AddResources>
    <AddResources2></AddResources2>
    <AddNotArchivableFile></AddNotArchivableFile>
    <AddResourceLocation></AddResourceLocation>
  </AddResourcesTest>
  <TypeCheckerTest>
    <TypecheckerConfiguration1></TypecheckerConfiguration1>
    <TypecheckerConfiguration2></TypecheckerConfiguration2>
    <TypecheckerConfiguration3></TypecheckerConfiguration3>
    <TypecheckerConfiguration4></TypecheckerConfiguration4>
    <TypecheckerConfiguration5></TypecheckerConfiguration5>
    <TypecheckerConfiguration6></TypecheckerConfiguration6>
    <TypecheckerConfiguration6a></TypecheckerConfiguration6a>
    <TypecheckerConfiguration6b></TypecheckerConfiguration6b>
    <TypecheckerConfiguration7></TypecheckerConfiguration7>
    <TypecheckerConfiguration8></TypecheckerConfiguration8>
    <Resource_TypeNotInferredFromMimetype></Resource_TypeNotInferredFromMimetype>
  </TypeCheckerTest>
  <HandleNodesTests>
    <DeleteNodeKey></DeleteNodeKey>
    <DeleteNodeMenu></DeleteNodeMenu>
  </HandleNodesTests>
</ArbilBugCheck>
