<?xml version="1.0" encoding="UTF-8"?>
<ArbilBugCheck xmlns:xsi="http://www.w3.org/2001/XMLSchema-instance" xsi:schemaLocation="https://lux15.mpi.nl/testing https://lux15.mpi.nl/testing/xsd_out.php?file=plans/arbil_clarin.xml">
  <DateTime>2012-11-27</DateTime>
  <ArbilVersion></ArbilVersion>
  <OSVersion></OSVersion>
  <Tester>clazab</Tester>
  <TestPlanRevision>34503</TestPlanRevision>
  <CMDIWizardTest>
    <SA1></SA1>
    <SA1A></SA1A>
    <CMDITestWizard1></CMDITestWizard1>
    <CMDITestWizard2></CMDITestWizard2>
    <CMDITestWizard3></CMDITestWizard3>
    <CMDITestWizard4></CMDITestWizard4>
    <CMDITestWizard5></CMDITestWizard5>
    <CMDITestWizard6></CMDITestWizard6>
  </CMDIWizardTest>
  <CMDI_Profiles>
    <AddCMDIProfileToLocalCorpus></AddCMDIProfileToLocalCorpus>
    <ProfileFiltering></ProfileFiltering>
    <ProfileFilteringLanuageSignSession></ProfileFilteringLanuageSignSession>
    <ProfileFiltering1></ProfileFiltering1>
    <ProfileFiltering2></ProfileFiltering2>
    <ProfileFiltering3></ProfileFiltering3>
    <ProfileFiltering4></ProfileFiltering4>
    <ProfileFiltering5></ProfileFiltering5>
    <ProfileFiltering6></ProfileFiltering6>
    <ArbitraryResourceProxyReferences></ArbitraryResourceProxyReferences>
    <CMDIExportImportLocalSchema1></CMDIExportImportLocalSchema1>
    <CMDIExportImportLocalSchema2></CMDIExportImportLocalSchema2>
    <CMDIExportImportLocalSchema3></CMDIExportImportLocalSchema3>
    <CMDIExportImportLocalSchema4></CMDIExportImportLocalSchema4>
    <CMDIProfilesRefreshBotton></CMDIProfilesRefreshBotton>
    <CMDIExportImportLocalSchema5></CMDIExportImportLocalSchema5>
    <CMDIErroneousResourceTypeValue></CMDIErroneousResourceTypeValue>
    <CMDIEditAttributes></CMDIEditAttributes>
  </CMDI_Profiles>
  <GetMetadataTest>
    <CMDIAddProfile></CMDIAddProfile>
    <CMDAddProfileConName></CMDAddProfileConName>
    <CMDIAddProfileNode></CMDIAddProfileNode>
    <IMDIMaximumNumberNodesReached></IMDIMaximumNumberNodesReached>
    <CMDIAddComponentConName1></CMDIAddComponentConName1>
    <SaveMenuChanges></SaveMenuChanges>
    <CMDIChangesNodeSortingNS></CMDIChangesNodeSortingNS>
    <CMDIChangesTableOrdering></CMDIChangesTableOrdering>
    <CMDIChangesMetadataStr></CMDIChangesMetadataStr>
    <CMDIChangesTableandPreviewArea></CMDIChangesTableandPreviewArea>
    <CMDIChangesTableandPreviewArea></CMDIChangesTableandPreviewArea>
    <CMDIMultipleValuesAdd></CMDIMultipleValuesAdd>
    <ImportExistinBrnchSavN></ImportExistinBrnchSavN>
    <ImportExistinBrnchSve></ImportExistinBrnchSve>
    <ImprtExistinBrnch></ImprtExistinBrnch>
    <ImprtExistinBrnch1></ImprtExistinBrnch1>
    <ImprtExistinBrnch2></ImprtExistinBrnch2>
    <ImprtExistinBrnchDragDrop></ImprtExistinBrnchDragDrop>
    <ImprtExistinBrnchDragDrop1></ImprtExistinBrnchDragDrop1>
    <MovingMultipleSessions></MovingMultipleSessions>
  </GetMetadataTest>
  <NodeSearchTest>
    <CMDIStartSearch></CMDIStartSearch>
    <DropNode></DropNode>
    <OpenSearchWindow></OpenSearchWindow>
    <CheckSearchWindow></CheckSearchWindow>
    <CMDILocalSearch></CMDILocalSearch>
    <CMDILocalSearch2></CMDILocalSearch2>
    <CMDILocalSearch3></CMDILocalSearch3>
    <CMDIAdditionSearchAS></CMDIAdditionSearchAS>
    <CMDIAdditionSearchAS1></CMDIAdditionSearchAS1>
    <CMDIAdditionSearchAS2></CMDIAdditionSearchAS2>
    <CMDIAdditionSearchAS3></CMDIAdditionSearchAS3>
    <IMDIAdditionSearchAS5></IMDIAdditionSearchAS5>
    <DroppingInTheSearchField></DroppingInTheSearchField>
  </NodeSearchTest>
  <NodeRightMouseMenu>
    <OpenInExternalApp></OpenInExternalApp>
    <CMDIOpenInEnternalAppSession></CMDIOpenInEnternalAppSession>
    <CMDIOpenInEnternalAppMedia></CMDIOpenInEnternalAppMedia>
    <CMDIReImportBranch1></CMDIReImportBranch1>
    <CMDIReImportBranch2></CMDIReImportBranch2>
    <IMDIReImportBranch3></IMDIReImportBranch3>
    <ReImportMultipleNodes></ReImportMultipleNodes>
    <ViewXML></ViewXML>
    <ExportMetadata1></ExportMetadata1>
    <ExportMetadata2></ExportMetadata2>
    <ExportMetadata3></ExportMetadata3>
    <ExportMetadataWithResources></ExportMetadataWithResources>
    <ExportMetadataHierarchy></ExportMetadataHierarchy>
    <CheckXmlConformance></CheckXmlConformance>
    <CMDICheckXmlConformance2></CMDICheckXmlConformance2>
    <CMDICheckXmlConformance2></CMDICheckXmlConformance2>
  </NodeRightMouseMenu>
  <ColumnsTests>
    <ArrangeColumns></ArrangeColumns>
    <ArrangementColumns1></ArrangementColumns1>
    <ArrangementMultipleColumns></ArrangementMultipleColumns>
    <SaveColumnView></SaveColumnView>
    <EditColumnView></EditColumnView>
    <ShowOnlyCurrent></ShowOnlyCurrent>
    <ColumnViewForThis></ColumnViewForThis>
    <CopyTableWeb></CopyTableWeb>
    <Embed></Embed>
    <FindAndReplace></FindAndReplace>
  </ColumnsTests>
  <FilesTest>
    <AddWorkingDirectory></AddWorkingDirectory>
    <AddJpegImage></AddJpegImage>
    <AddWAV></AddWAV>
    <FilesShowHidden></FilesShowHidden>
  </FilesTest>
  <FavouritesTest>
    <AddToFavourites></AddToFavourites>
    <AddFromFavourites></AddFromFavourites>
    <CMDIAddtoFavourites></CMDIAddtoFavourites>
    <CMDIaddfromFavourites></CMDIaddfromFavourites>
    <Remove></Remove>
    <CMDIAddRechangeFav></CMDIAddRechangeFav>
    <CMDIAddIntoDiffSubnodeFav></CMDIAddIntoDiffSubnodeFav>
    <EditMetaData></EditMetaData>
    <EditMetaData1></EditMetaData1>
    <EditMeteData1></EditMeteData1>
    <AddToElemInFav></AddToElemInFav>
    <AddToElemInFav2></AddToElemInFav2>
    <LongFieldEd></LongFieldEd>
    <LongFieldEd1></LongFieldEd1>
  </FavouritesTest>
  <FileMenuTest>
    <FileMenuSaveChanges></FileMenuSaveChanges>
    <FileMenuSaveChanges1></FileMenuSaveChanges1>
    <FileMenuShowModifiedNodes></FileMenuShowModifiedNodes>
    <FileMenuImport></FileMenuImport>
    <FileMenuExit></FileMenuExit>
    <ExitMacOS1></ExitMacOS1>
    <ExitMacOS2></ExitMacOS2>
  </FileMenuTest>
  <OptionsMenuTest>
    <TemplatesAndProfiles></TemplatesAndProfiles>
    <LocalCorpusStorageDirectory></LocalCorpusStorageDirectory>
    <IMDIRe-downloadCurrentVocabulary></IMDIRe-downloadCurrentVocabulary>
    <Re-downloadCurrentVocabulary1></Re-downloadCurrentVocabulary1>
    <Re-downloadCurrentVocabulary2></Re-downloadCurrentVocabulary2>
    <SaveWindowsOnExit></SaveWindowsOnExit>
    <SaveWindowsOnExit1></SaveWindowsOnExit1>
    <ShowSelectionPreview></ShowSelectionPreview>
    <CopyNewResourcesIntoCache></CopyNewResourcesIntoCache>
    <CopyNewResourcesIntoCacheN></CopyNewResourcesIntoCacheN>
    <CheckPermisForRemoteResources></CheckPermisForRemoteResources>
    <AlwaysCheckLocalMetdatFilesForXMLConformance></AlwaysCheckLocalMetdatFilesForXMLConformance>
    <ShowLanguageInColumnName></ShowLanguageInColumnName>
    <ColumnViewForNewTables></ColumnViewForNewTables>
    <CloseAllWindows></CloseAllWindows>
  </OptionsMenuTest>
  <HelpMenuTest>
    <AboutHelpMenu></AboutHelpMenu>
    <HelpMenu></HelpMenu>
    <HelpMenuF1></HelpMenuF1>
    <ArbilForumHelpMenu></ArbilForumHelpMenu>
    <HelpMenuInSyncManual></HelpMenuInSyncManual>
    <RunSetUpWizard></RunSetUpWizard>
    <ErrorHelpMenu></ErrorHelpMenu>
    <CheckUpdatesHelpMenu></CheckUpdatesHelpMenu>
    <ShortCutKeysHelpMenu></ShortCutKeysHelpMenu>
  </HelpMenuTest>
  <MultiLanguageTest>
    <DescriptionChoice></DescriptionChoice>
    <LongfieldEditor></LongfieldEditor>
    <ControlledVocabularies1></ControlledVocabularies1>
    <ControlledVocabularies2></ControlledVocabularies2>
    <ControlledVocabularies3></ControlledVocabularies3>
    <ControlledVocabularies4></ControlledVocabularies4>
    <ClosedVocabularies></ClosedVocabularies>
    <ControlledVocabulariesLongFE></ControlledVocabulariesLongFE>
    <CMDIMPILanguagesDescription1></CMDIMPILanguagesDescription1>
    <CMDIMPILanguagesDescription2></CMDIMPILanguagesDescription2>
  </MultiLanguageTest>
  <AddResourcesTest>
    <AddWorkingDirectories></AddWorkingDirectories>
    <AddResources></AddResources>
    <AddResources2></AddResources2>
    <AddNotArchivableFile></AddNotArchivableFile>
    <AddResourceLocation></AddResourceLocation>
  </AddResourcesTest>
  <TypeCheckerTest>
    <TypecheckerConfiguration1></TypecheckerConfiguration1>
    <TypecheckerConfiguration2></TypecheckerConfiguration2>
    <TypecheckerConfiguration3></TypecheckerConfiguration3>
    <TypecheckerConfiguration4></TypecheckerConfiguration4>
    <TypecheckerConfiguration5></TypecheckerConfiguration5>
    <TypecheckerConfiguration6></TypecheckerConfiguration6>
    <TypecheckerConfiguration6a></TypecheckerConfiguration6a>
    <TypecheckerConfiguration6b></TypecheckerConfiguration6b>
    <TypecheckerConfiguration7></TypecheckerConfiguration7>
    <TypecheckerConfiguration8></TypecheckerConfiguration8>
    <Resource_TypeNotInferredFromMimetype></Resource_TypeNotInferredFromMimetype>
  </TypeCheckerTest>
  <HandleNodesTests>
    <DeleteNodeKey></DeleteNodeKey>
    <DeleteNodeMenu></DeleteNodeMenu>
  </HandleNodesTests>
</ArbilBugCheck>
