<?xml version="1.0" encoding="UTF-8"?>
<ELAN-base2BugCheck xmlns:xsi="http://www.w3.org/2001/XMLSchema-instance" xsi:schemaLocation="https://lux15.mpi.nl/testing https://lux15.mpi.nl/testing/xsd_out.php?file=plans/ELAN-base2_05-09-12.xml">
  <DateTime>2012-12-11</DateTime>
  <ELAN-base2Version>4.5.0</ELAN-base2Version>
  <OSVersion>win7 x64</OSVersion>
  <Tester>jergee</Tester>
  <TestPlanRevision>34806</TestPlanRevision>
  <Annotations>
    <ActiveTier>Works</ActiveTier>
    <TierDependencies>Works</TierDependencies>
    <AddLinguisticType>Works</AddLinguisticType>
    <ChangeLinguisticType>Works</ChangeLinguisticType>
    <DeleteLinguisticType1>Works</DeleteLinguisticType1>
    <DeleteLinguisticType2>Works</DeleteLinguisticType2>
    <ImportLinguisticType>Works</ImportLinguisticType>
    <ISODataCategories1>Works</ISODataCategories1>
    <ISODataCategories2>Works</ISODataCategories2>
    <ISODataCategories3>Works</ISODataCategories3>
    <AddTier>Works</AddTier>
    <ImportTiers>Works</ImportTiers>
    <TiersFromAudio1>Works</TiersFromAudio1>
    <TiersFromAudio2>Works</TiersFromAudio2>
    <TiersFromAudio3>Works</TiersFromAudio3>
    <TiersFromAudio4>Works</TiersFromAudio4>
    <ChangeTierAttributes1>Works</ChangeTierAttributes1>
    <ChangeTierAttributes2>Works</ChangeTierAttributes2>
    <DeleteTier>Works</DeleteTier>
    <MergeTiers1>Works</MergeTiers1>
    <MergeTiers2>Works</MergeTiers2>
    <ChangeParentTier>Works</ChangeParentTier>
    <AddNewParticipant>Works</AddNewParticipant>
  </Annotations>
  <ContolledVocabularies>
    <CreateCV1>Works</CreateCV1>
    <CreateCV2>Works</CreateCV2>
    <CreateCV3>Works</CreateCV3>
    <AssociateDCR>Works</AssociateDCR>
    <ImportCV1>Works</ImportCV1>
    <ImportCV2>Works</ImportCV2>
    <ImportCV3>Works</ImportCV3>
    <ExternalCV error="">Empty</ExternalCV>
    <UsingCV>Works</UsingCV>
    <LinguisticTypeCV1>Works</LinguisticTypeCV1>
    <LinguisticTypeCV2>Works</LinguisticTypeCV2>
  </ContolledVocabularies>
  <ConsultingLexicon>
    <SetupLexicon1>Works</SetupLexicon1>
    <SetupLexicon2>Works</SetupLexicon2>
    <SetLexiconLinguistic error="">Empty</SetLexiconLinguistic>
    <LexiconLookup error="">Empty</LexiconLookup>
  </ConsultingLexicon>
  <Selections>
    <MakingSelection1>Works</MakingSelection1>
    <MakingSelection2>Works</MakingSelection2>
    <MakingSelectionControls>Works</MakingSelectionControls>
    <AnnotationWithoutGaps error="">Empty</AnnotationWithoutGaps>
    <SaveSelection>Works</SaveSelection>
    <SelectionReferringTier>Works</SelectionReferringTier>
    <DeselectSelection>Works</DeselectSelection>
    <ChangeBoundaries1>Works</ChangeBoundaries1>
    <ChangeBoundaries2>Works</ChangeBoundaries2>
    <ChangeBoundaries3>Works</ChangeBoundaries3>
    <ShiftAnnotations1>Works</ShiftAnnotations1>
    <ShiftAnnotations2>Works</ShiftAnnotations2>
    <ShiftAnnotations3>Works</ShiftAnnotations3>
    <ShiftAnnotations4>Works</ShiftAnnotations4>
    <BulldozerMode>Works</BulldozerMode>
    <ShiftMode>Works</ShiftMode>
    <NormalMode>Works</NormalMode>
  </Selections>
  <EnteringAnnotations>
    <InlineEditBox1>Works</InlineEditBox1>
    <InlineEditBox2>Works</InlineEditBox2>
    <InlineEditBox3>Works</InlineEditBox3>
    <EditAnnotationBox1>Works</EditAnnotationBox1>
    <EditAnnotationBox2>Works</EditAnnotationBox2>
    <AnnotationsFromCV error="">Empty</AnnotationsFromCV>
    <BeforeAfterAnnotations1>Works</BeforeAfterAnnotations1>
    <BeforeAfterAnnotations2>Works</BeforeAfterAnnotations2>
    <DependingAnnotations>Works</DependingAnnotations>
    <AnnotationsDependentTiers>Works</AnnotationsDependentTiers>
    <AnnotationsFromGaps>Works</AnnotationsFromGaps>
    <RegularAnnotations>Works</RegularAnnotations>
    <DuplicateValues>Works</DuplicateValues>
    <AutomaticLabelling>Works</AutomaticLabelling>
    <ModifyAnnotation>Works</ModifyAnnotation>
    <ChangeCase>Works</ChangeCase>
    <DeleteValue>Works</DeleteValue>
    <DeleteAnnotations1>Works</DeleteAnnotations1>
    <DeleteAnnotation2>Works</DeleteAnnotation2>
    <DeleteAnnotations3>Works</DeleteAnnotations3>
    <DeleteAnnotations4>Works</DeleteAnnotations4>
    <DeleteMulti>Works</DeleteMulti>
    <SplitAnnotation1>Works</SplitAnnotation1>
    <SplitAnnotation2>Works</SplitAnnotation2>
    <MergeAnnotation1>Works</MergeAnnotation1>
    <MergeAnnotation2>Works</MergeAnnotation2>
    <AssociateDCR>Works</AssociateDCR>
  </EnteringAnnotations>
  <TiersAnnotations>
    <TokenizeTier>Works</TokenizeTier>
    <FilterTier>Works</FilterTier>
    <CopyTier>Works</CopyTier>
    <AnnotationOverlaps1>Works</AnnotationOverlaps1>
    <AnnotationsOverlaps2>Works</AnnotationsOverlaps2>
    <CompareAnnotators>Works</CompareAnnotators>
    <AnnotationsSubtract1>Works</AnnotationsSubtract1>
    <AnnotationSubtract2>Works</AnnotationSubtract2>
    <AnnotationSubtract3>Works</AnnotationSubtract3>
    <CopyAnnotation>Works</CopyAnnotation>
    <PasteAnnotation1>Works</PasteAnnotation1>
    <PasteAnnotation2>Works</PasteAnnotation2>
    <CopyPasteGroup>Works</CopyPasteGroup>
    <DuplicateAnnotation>Works</DuplicateAnnotation>
    <AnnotationSpreadsheet>Works</AnnotationSpreadsheet>
    <AnnotationStatistics1>Works</AnnotationStatistics1>
    <AnnotationStatistics2>Works</AnnotationStatistics2>
  </TiersAnnotations>
</ELAN-base2BugCheck>
