<?xml version="1.0" encoding="UTF-8"?>
<ELANBugCheck xmlns:xsi="http://www.w3.org/2001/XMLSchema-instance" xsi:schemaLocation="https://idp.mpi.nl/testing https://idp.mpi.nl/testing/xsd_out.php?file=plans/ELAN_base1_04-24-12.xml">
  <DateTime>2012-06-01</DateTime>
  <ELANVersion>4,3,3</ELANVersion>
  <OSVersion>OSX 10.6.8</OSVersion>
  <Tester>jergee</Tester>
  <Installation>
    <DownloadFile error="testing version, not downloaded from the site.">Empty</DownloadFile>
    <RunInstallation>Works</RunInstallation>
    <UserInterfaceLanguage>Works</UserInterfaceLanguage>
    <ElanLanguage.Properties></ElanLanguage.Properties>
    <ElanLanguageEdit error="not important to test this time">Empty</ElanLanguageEdit>
    <ElanLanguageEdit2 error="skipped">Empty</ElanLanguageEdit2>
    <SearchableHelp>Works</SearchableHelp>
    <CheckUpdates error="using the latest testing version.">Empty</CheckUpdates>
    <VisitWebsite>Works</VisitWebsite>
    <AboutELAN>Works</AboutELAN>
  </Installation>
  <ManagingDocuments>
    <CreatingNewDoc>Works</CreatingNewDoc>
    <LocateMedia error="in OSX ">Strange</LocateMedia>
    <UseTemplate>Works</UseTemplate>
    <UseStreaming error="there is no streaming file present to test with">Empty</UseStreaming>
    <SetAuthor></SetAuthor>
    <SyncVideoFiles1></SyncVideoFiles1>
    <SyncVideoFiles2></SyncVideoFiles2>
    <SaveDocument></SaveDocument>
    <OpenExisting></OpenExisting>
    <SwitchingFiles></SwitchingFiles>
    <SaveSelection></SaveSelection>
    <OpenRecent></OpenRecent>
    <MergeTranscriptions1></MergeTranscriptions1>
    <MergeTranscriptions2></MergeTranscriptions2>
    <MergeTranscriptions3></MergeTranscriptions3>
    <SaveTemplate></SaveTemplate>
    <LinkMedia1></LinkMedia1>
    <LinkMedia2></LinkMedia2>
    <LinkMedia3></LinkMedia3>
    <OpenInPraat></OpenInPraat>
    <ExportToPraat></ExportToPraat>
    <AutoBackups></AutoBackups>
    <PrintingGeneral></PrintingGeneral>
    <PrintPageSetup></PrintPageSetup>
    <PrintPreview></PrintPreview>
    <PrintPreviewFont></PrintPreviewFont>
    <CloseFile></CloseFile>
    <ExitELAN></ExitELAN>
  </ManagingDocuments>
  <ImportExport>
    <ImportTranscriber></ImportTranscriber>
    <ImportChat></ImportChat>
    <ImportShoebox1></ImportShoebox1>
    <ImportShoebox2></ImportShoebox2>
    <ImportToolbox1></ImportToolbox1>
    <ImportToolbox2></ImportToolbox2>
    <ImportFLEx></ImportFLEx>
    <ImportCSV1></ImportCSV1>
    <ImportCSV2></ImportCSV2>
    <ImportPraat></ImportPraat>
    <ImportTiers></ImportTiers>
    <ExportTiers></ExportTiers>
    <ExportShoebox></ExportShoebox>
    <ExportToolbox></ExportToolbox>
    <ExportCSV></ExportCSV>
    <ExportTigerXml></ExportTigerXml>
    <ExportCHAT></ExportCHAT>
    <ExportTraditionalText></ExportTraditionalText>
    <ExportTextGrid></ExportTextGrid>
    <ExportAlphabetical></ExportAlphabetical>
    <ExportMediaClip></ExportMediaClip>
    <ExportMediaClipScript></ExportMediaClipScript>
    <ExportSMIL1></ExportSMIL1>
    <ExportSMIL2></ExportSMIL2>
    <ExportQuicktimeText></ExportQuicktimeText>
    <ExportSubtitleText></ExportSubtitleText>
    <ExportHTML></ExportHTML>
    <ExportFilmstrip></ExportFilmstrip>
    <ExportTiersRecognizer></ExportTiersRecognizer>
  </ImportExport>
  <ScreenDisplayNavigation>
    <VideoViewer1></VideoViewer1>
    <VideoViewer2></VideoViewer2>
    <VideoViewer3></VideoViewer3>
    <VideoViewer4></VideoViewer4>
    <VideoViewer5></VideoViewer5>
    <AnnotationDensity></AnnotationDensity>
    <WaveformViewer1></WaveformViewer1>
    <WaveformViewer2></WaveformViewer2>
    <SubtitleViewer></SubtitleViewer>
    <GridViewer1></GridViewer1>
    <GridViewer2></GridViewer2>
    <GridViewer3></GridViewer3>
    <ExportGrid></ExportGrid>
    <TextViewer1></TextViewer1>
    <TextViewer2></TextViewer2>
    <LexiconViewer></LexiconViewer>
    <MetadataViewer></MetadataViewer>
    <TimelineViewer></TimelineViewer>
    <TierNamePanel1></TierNamePanel1>
    <TierNamePanel2></TierNamePanel2>
    <TimeSeriesViewer></TimeSeriesViewer>
    <ControlOptions1></ControlOptions1>
    <ControlOptions2></ControlOptions2>
    <SectionControls1></SectionControls1>
    <SectionControls2></SectionControls2>
    <SectionControls3></SectionControls3>
    <SelectionControl1></SelectionControl1>
    <SelectionControl2></SelectionControl2>
    <AnnotationControls></AnnotationControls>
    <TimeCodeOption></TimeCodeOption>
    <ViewersOnOff></ViewersOnOff>
    <TiersOnOff1></TiersOnOff1>
    <TiersOnOff2></TiersOnOff2>
    <TiersArrange></TiersArrange>
    <TiersByType1></TiersByType1>
    <TiersByType2></TiersByType2>
    <TiersSorting></TiersSorting>
    <TimeZoom1></TimeZoom1>
    <TimeZoom2></TimeZoom2>
    <TimeZoom3></TimeZoom3>
    <VerticalZoom></VerticalZoom>
    <FontSize></FontSize>
    <FontBrowser></FontBrowser>
    <EditPreferences1></EditPreferences1>
    <EditPreferences2></EditPreferences2>
    <ExportPreferences></ExportPreferences>
    <ImportPreferences></ImportPreferences>
    <EditShortcuts></EditShortcuts>
    <CopyCurrentTime></CopyCurrentTime>
  </ScreenDisplayNavigation>
  <DocumentNavigation>
    <PointInTime></PointInTime>
    <SetFrameLength></SetFrameLength>
    <ViewAnnotations1></ViewAnnotations1>
    <ViewAnnotations2></ViewAnnotations2>
    <JumpAnnotations></JumpAnnotations>
    <PlayAroundSelection></PlayAroundSelection>
    <PlaySlowmotion1></PlaySlowmotion1>
    <PlaySlowmotion2></PlaySlowmotion2>
    <PlaybackKeyboard1></PlaybackKeyboard1>
    <PlaybackKeyboard2></PlaybackKeyboard2>
  </DocumentNavigation>
  <MultipleFileOperations>
    <SelectMultiple1></SelectMultiple1>
    <SelectMultiple2></SelectMultiple2>
    <SelectMultiple3></SelectMultiple3>
    <SelectMultiple4></SelectMultiple4>
    <SelectMultiple5></SelectMultiple5>
    <ExportMultiple1></ExportMultiple1>
    <ExportMultiple2></ExportMultiple2>
    <ExportMultiple3></ExportMultiple3>
    <ExportMultiple4></ExportMultiple4>
    <ExportMultiple5></ExportMultiple5>
    <ExportMultiple6></ExportMultiple6>
    <ExportMultiple7></ExportMultiple7>
    <EditMultiple1></EditMultiple1>
    <EditMultiple2></EditMultiple2>
    <EditMultiple3></EditMultiple3>
    <EditMultiple4></EditMultiple4>
    <EditMultiple5></EditMultiple5>
    <MultipleStatistics></MultipleStatistics>
  </MultipleFileOperations>
</ELANBugCheck>
