<?xml version="1.0" encoding="UTF-8"?>
<ImdibrowserBugCheck xmlns:xsi="http://www.w3.org/2001/XMLSchema-instance" xsi:schemaLocation="https://idp.mpi.nl/testing https://idp.mpi.nl/testing/xsd_out.php?file=plans/imdibrowser_1.xml">
  <DateTime>21 - 02 - 2012   1302508501048</DateTime>
  <ImdibrowserVersion>1.2.9.1</ImdibrowserVersion>
  <OSVersion>Windows 7, Internet Explorer 8, Java 1.6.0_30</OSVersion>
  <Tester>frabec</Tester>
  <StartingIMDI_Browser>
    <Starting>Works</Starting>
  </StartingIMDI_Browser>
  <NavigationTest>
    <ExpansionTest>Works</ExpansionTest>
    <ExpansionTest2>Works</ExpansionTest2>
    <CollapseTest>Works</CollapseTest>
    <CollapseTest2>Works</CollapseTest2>
    <BracketsAccessibleNodes></BracketsAccessibleNodes>
  </NavigationTest>
  <AccessLevelTest>
    <VisualConfirmationTest></VisualConfirmationTest>
    <AccessTest></AccessTest>
  </AccessLevelTest>
  <SettingsTest>
    <SettingsTest1>Works</SettingsTest1>
    <ApplySettings>Works</ApplySettings>
    <ChangeIcons>Works</ChangeIcons>
    <ShowAccessibleResourcesTest>Works</ShowAccessibleResourcesTest>
  </SettingsTest>
  <ContextMenuTest>
    <ViewCorpusNode>Works</ViewCorpusNode>
    <ViewSessionNode>Works</ViewSessionNode>
    <ViewSessionNode2>Works</ViewSessionNode2>
    <ViewWrttnResourceFile>Works</ViewWrttnResourceFile>
    <ViewImageResourceFile>Works</ViewImageResourceFile>
    <ViewVideoResourceFile>Works</ViewVideoResourceFile>
    <ViewAudioResourceFile>Works</ViewAudioResourceFile>
    <ViewInformationFile>Works</ViewInformationFile>
    <CreateBookmark>Works</CreateBookmark>
    <Links>Works</Links>
    <MetadataSearch1>Works</MetadataSearch1>
    <MetadataSearch2>Works</MetadataSearch2>
    <AnnotationContentSearch1>Works</AnnotationContentSearch1>
    <SetAccessRights error="On the content panel it tells me that am error has occured during my request. In the error message detail it says: &quot;Cannot get value for expression '#{!curUserBB.canCreatePcpl}' &quot;">Fails</SetAccessRights>
    <DownloadCorpusFile>Works</DownloadCorpusFile>
    <AccessCorpusFile>Works</AccessCorpusFile>
    <DownloadSessionFile>Works</DownloadSessionFile>
    <AccessSessionFile>Works</AccessSessionFile>
    <DownloadResourceFile>Works</DownloadResourceFile>
    <AccessResourceFile>Works</AccessResourceFile>
    <RequestResourceAccess>Works</RequestResourceAccess>
    <SessNodeVersionInfo>Works</SessNodeVersionInfo>
    <InfoFileVersionInfo>Works</InfoFileVersionInfo>
    <View_Images>Works</View_Images>
  </ContextMenuTest>
  <ManualTest>
    <ManualTest1>Works</ManualTest1>
  </ManualTest>
  <RegisterTest>
    <RegisterTest1>Works</RegisterTest1>
    <ExistingUserCheck>Works</ExistingUserCheck>
    <ExistingUserRegistration error="see #1548">Mostly</ExistingUserRegistration>
    <ExistingUserVerification error="you get the e-mail with your user ID and password, but when you type them it does not let you log in">Fails</ExistingUserVerification>
  </RegisterTest>
  <LogInTest>
    <LogInTest1>Works</LogInTest1>
  </LogInTest>
  <LogOutTest>
    <LogOutTest1>Works</LogOutTest1>
  </LogOutTest>
</ImdibrowserBugCheck>
