<?xml version="1.0" encoding="UTF-8"?>
<ImdibrowserBugCheck xmlns:xsi="http://www.w3.org/2001/XMLSchema-instance" xsi:schemaLocation="https://lux15.mpi.nl/testing https://lux15.mpi.nl/testing/xsd_out.php?file=plans/imdibrowser_1.xml">
  <DateTime>2012-12-18</DateTime>
  <ImdibrowserVersion></ImdibrowserVersion>
  <OSVersion></OSVersion>
  <Tester>sauciv</Tester>
  <TestPlanRevision>34865</TestPlanRevision>
  <StartingIMDI_Browser>
    <Starting>Works</Starting>
  </StartingIMDI_Browser>
  <NavigationTest>
    <ExpansionTest>Works</ExpansionTest>
    <ExpansionTest2>Works</ExpansionTest2>
    <CollapseTest>Works</CollapseTest>
    <CollapseTest2>Works</CollapseTest2>
  </NavigationTest>
  <AccessLevelTest>
    <VisualConfirmationTest></VisualConfirmationTest>
    <AccessTest></AccessTest>
  </AccessLevelTest>
  <SettingsTest>
    <ShowAccessibleResourcesTest></ShowAccessibleResourcesTest>
    <BracketsAccessibleNodes></BracketsAccessibleNodes>
  </SettingsTest>
  <ContextMenuTest>
    <ViewCorpusNode></ViewCorpusNode>
    <ViewSessionNode></ViewSessionNode>
    <ViewSessionNode2></ViewSessionNode2>
    <ViewWrttnResourceFile></ViewWrttnResourceFile>
    <ViewImageResourceFile></ViewImageResourceFile>
    <ViewVideoResourceFile></ViewVideoResourceFile>
    <ViewAudioResourceFile></ViewAudioResourceFile>
    <ViewInformationFile></ViewInformationFile>
    <CreateBookmark></CreateBookmark>
    <Links></Links>
    <MetadataSearch1></MetadataSearch1>
    <MetadataSearch2></MetadataSearch2>
    <AnnotationContentSearch1></AnnotationContentSearch1>
    <SetAccessRights></SetAccessRights>
    <DownloadCorpusFile></DownloadCorpusFile>
    <AccessCorpusFile></AccessCorpusFile>
    <DownloadSessionFile></DownloadSessionFile>
    <AccessSessionFile></AccessSessionFile>
    <DownloadAllResources></DownloadAllResources>
    <AccessZippedResources></AccessZippedResources>
    <DownloadAllResources2></DownloadAllResources2>
    <DownloadResourceFile></DownloadResourceFile>
    <AccessResourceFile></AccessResourceFile>
    <RequestResourceAccess></RequestResourceAccess>
    <SessNodeVersionInfo></SessNodeVersionInfo>
    <InfoFileVersionInfo></InfoFileVersionInfo>
    <View_Images></View_Images>
  </ContextMenuTest>
  <ManualTest>
    <ManualTest1></ManualTest1>
  </ManualTest>
  <RegisterTest>
    <RegisterTest1></RegisterTest1>
    <ExistingUserCheck></ExistingUserCheck>
    <ExistingUserRegistration></ExistingUserRegistration>
  </RegisterTest>
  <LogInTest>
    <LogInTest1></LogInTest1>
  </LogInTest>
  <AccessLevelTest2>
    <AccessLevelTest2a></AccessLevelTest2a>
    <AccessLevelTest2b></AccessLevelTest2b>
    <AccessLevelTest2c></AccessLevelTest2c>
  </AccessLevelTest2>
  <LogOutTest>
    <LogOutTest1></LogOutTest1>
  </LogOutTest>
</ImdibrowserBugCheck>
