<?xml version="1.0" encoding="UTF-8"?>
<ImdibrowserBugCheck xmlns:xsi="http://www.w3.org/2001/XMLSchema-instance" xsi:schemaLocation="https://lux15.mpi.nl/testing https://lux15.mpi.nl/testing/xsd_out.php?file=plans/imdibrowser_1.xml">
  <DateTime>2013-04-23</DateTime>
  <ImdibrowserVersion>1.3.6.3</ImdibrowserVersion>
  <OSVersion>Safari, MacOS</OSVersion>
  <Tester>sauciv</Tester>
  <TestPlanRevision>35893</TestPlanRevision>
  <StartingIMDI_Browser>
    <Starting>Works</Starting>
  </StartingIMDI_Browser>
  <NavigationTest>
    <ExpansionTest>Works</ExpansionTest>
    <ExpansionTest2>Works</ExpansionTest2>
    <CollapseTest>Works</CollapseTest>
    <CollapseTest2>Works</CollapseTest2>
  </NavigationTest>
  <AccessLevelTest>
    <VisualConfirmationTest>Works</VisualConfirmationTest>
    <AccessTest>Works</AccessTest>
  </AccessLevelTest>
  <SettingsTest>
    <ShowAccessibleResourcesTest>Works</ShowAccessibleResourcesTest>
    <BracketsAccessibleNodes>Works</BracketsAccessibleNodes>
  </SettingsTest>
  <ContextMenuTest>
    <ViewCorpusNode>Works</ViewCorpusNode>
    <ViewSessionNode>Works</ViewSessionNode>
    <ViewSessionNode2>Works</ViewSessionNode2>
    <ViewWrttnResourceFile>Works</ViewWrttnResourceFile>
    <ViewImageResourceFile>Works</ViewImageResourceFile>
    <ViewVideoResourceFile>Works</ViewVideoResourceFile>
    <ViewAudioResourceFile>Works</ViewAudioResourceFile>
    <ViewInformationFile>Works</ViewInformationFile>
    <CreateBookmark>Works</CreateBookmark>
    <Links>Works</Links>
    <MetadataSearch1>Works</MetadataSearch1>
    <MetadataSearch2>Works</MetadataSearch2>
    <AnnotationContentSearch1>Works</AnnotationContentSearch1>
    <SetAccessRights>Works</SetAccessRights>
    <DownloadCorpusFile>Works</DownloadCorpusFile>
    <AccessCorpusFile>Works</AccessCorpusFile>
    <DownloadSessionFile>Works</DownloadSessionFile>
    <AccessSessionFile>Works</AccessSessionFile>
    <DownloadAllResources>Works</DownloadAllResources>
    <AccessZippedResources>Works</AccessZippedResources>
    <DownloadAllResources2>Works</DownloadAllResources2>
    <DownloadResourceFile>Works</DownloadResourceFile>
    <AccessResourceFile>Works</AccessResourceFile>
    <RequestResourceAccess>Works</RequestResourceAccess>
    <SessNodeVersionInfo>Works</SessNodeVersionInfo>
    <InfoFileVersionInfo>Works</InfoFileVersionInfo>
    <View_Images>Works</View_Images>
  </ContextMenuTest>
  <ManualTest>
    <ManualTest1>Works</ManualTest1>
  </ManualTest>
  <RegisterTest>
    <RegisterTest1>Works</RegisterTest1>
    <ExistingUserCheck>Works</ExistingUserCheck>
    <ExistingUserRegistration>Works</ExistingUserRegistration>
  </RegisterTest>
  <LogInTest>
    <LogInTest1>Works</LogInTest1>
  </LogInTest>
  <AccessLevelTest2>
    <AccessLevelTest2a></AccessLevelTest2a>
    <AccessLevelTest2b></AccessLevelTest2b>
    <AccessLevelTest2c></AccessLevelTest2c>
    <AccessLevelTest2d></AccessLevelTest2d>
  </AccessLevelTest2>
  <LogOutTest>
    <LogOutTest1></LogOutTest1>
  </LogOutTest>
</ImdibrowserBugCheck>
