<?xml version="1.0" encoding="UTF-8"?>
<tlaBugCheck xmlns:xsi="http://www.w3.org/2001/XMLSchema-instance" xsi:schemaLocation="http://ems03.mpi.nl/testing http://ems03.mpi.nl/testing/xsd_out.php?file=plans/imdibrowser_1.xml">
  <DateTime></DateTime>
  <ProgramVersion>1.3.1</ProgramVersion>
  <OSVersion>Windows 7 Firefox 3.6.3</OSVersion>
  <Tester>geosaa@mpi.nl</Tester>
  <StartingIMDI_Browser>
    <Starting>Works</Starting>
  </StartingIMDI_Browser>
  <NavigationTest>
    <ExpansionTest>Works</ExpansionTest>
    <ExpansionTest2>Works</ExpansionTest2>
    <CollapseTest>Works</CollapseTest>
    <CollapseTest2>Works</CollapseTest2>
    <BracketsAccessibleNodes error="There are cases where nodes have a question mark instead of a number">Mostly</BracketsAccessibleNodes>
  </NavigationTest>
  <AccessLevelTest>
    <VisualConfirmationTest error="The corpus node 'ESF corpus' also lacks an access button">Mostly</VisualConfirmationTest>
    <AccessTest>Works</AccessTest>
  </AccessLevelTest>
  <ContextMenuTest>
    <ViewCorpusNode>Works</ViewCorpusNode>
    <ViewSessionNode>Works</ViewSessionNode>
    <ViewSessionNode2>Works</ViewSessionNode2>
    <ViewWrttnResourceFile>Works</ViewWrttnResourceFile>
    <ViewImageResourceFile>Works</ViewImageResourceFile>
    <ViewVideoResourceFile>Works</ViewVideoResourceFile>
    <ViewAudioResourceFile>Works</ViewAudioResourceFile>
    <ViewInformationFile>Works</ViewInformationFile>
    <CreateBookmark>Works</CreateBookmark>
    <Links>Works</Links>
    <MetadataSearch1>Works</MetadataSearch1>
    <MetadataSearch2>Works</MetadataSearch2>
    <AnnotationContentSearch1>Works</AnnotationContentSearch1>
    <SetAccessRights>Works</SetAccessRights>
    <DownloadCorpusFile>Works</DownloadCorpusFile>
    <AccessCorpusFile>Works</AccessCorpusFile>
    <DownloadSessionFile>Works</DownloadSessionFile>
    <AccessSessionFile>Works</AccessSessionFile>
    <DownloadResourceFile>Works</DownloadResourceFile>
    <AccessResourceFile>Works</AccessResourceFile>
    <RequestResourceAccess>Works</RequestResourceAccess>
    <SessNodeVersionInfo>Works</SessNodeVersionInfo>
    <InfoFileVersionInfo>Works</InfoFileVersionInfo>
    <View_Images>Works</View_Images>
  </ContextMenuTest>
  <SettingsTest>
    <SettingsTest1>Works</SettingsTest1>
    <ApplySettings error="After clicking apply, you have to close the tab and reopen it for the changes to be implemented">Strange</ApplySettings>
    <ChangeIcons>Works</ChangeIcons>
    <ShowAccessibleResourcesTest>Works</ShowAccessibleResourcesTest>
  </SettingsTest>
  <ManualTest>
    <ManualTest1>Works</ManualTest1>
  </ManualTest>
  <RegisterTest>
    <RegisterTest1>Works</RegisterTest1>
    <ExistingUserCheck>Works</ExistingUserCheck>
    <ExistingUserRegistration>Works</ExistingUserRegistration>
    <ExistingUserVerification>Works</ExistingUserVerification>
  </RegisterTest>
  <LogInTest>
    <LogInTest1>Works</LogInTest1>
  </LogInTest>
  <LogOutTest>
    <LogOutTest1>Works</LogOutTest1>
  </LogOutTest>
</tlaBugCheck>
