<?xml version="1.0" encoding="UTF-8"?>
<ImexBugCheck xmlns:xsi="http://www.w3.org/2001/XMLSchema-instance" xsi:schemaLocation="https://lux15.mpi.nl/testing https://lux15.mpi.nl/testing/xsd_out.php?file=plans/imex_2012-02-17.xml">
  <DateTime>2012-12-13</DateTime>
  <ImexVersion>1.1.34548</ImexVersion>
  <OSVersion></OSVersion>
  <Tester>sauciv</Tester>
  <TestPlanRevision>34810</TestPlanRevision>
  <NodeSearchTest>
    <OpenFreeMdSession>Works</OpenFreeMdSession>
    <OpenFreeMdSession1>Works</OpenFreeMdSession1>
    <OpenRestrictedMdSession>Works</OpenRestrictedMdSession>
    <OpenRestrictedMdSession1>Works</OpenRestrictedMdSession1>
  </NodeSearchTest>
  <OpenThumbnails>
    <OpenThumbnail>Works</OpenThumbnail>
  </OpenThumbnails>
  <PreviousButton>
    <PreviousButton>Works</PreviousButton>
  </PreviousButton>
  <NextButton>
    <NextButton>Works</NextButton>
  </NextButton>
  <LoggedOutTest>
    <DragAndDrop1>Works</DragAndDrop1>
    <DragAndDrop2>Works</DragAndDrop2>
    <FullView>Works</FullView>
    <ViewThumbnails>Works</ViewThumbnails>
  </LoggedOutTest>
</ImexBugCheck>
