<?xml version="1.0" encoding="UTF-8"?>
<ImexBugCheck xmlns:xsi="http://www.w3.org/2001/XMLSchema-instance" xsi:schemaLocation="https://lux15.mpi.nl/testing https://lux15.mpi.nl/testing/xsd_out.php?file=plans/imex_2012-02-17.xml">
  <DateTime>2013-02-06</DateTime>
  <ImexVersion></ImexVersion>
  <OSVersion>Demoserver VirtualBoxVWare </OSVersion>
  <Tester>sauciv</Tester>
  <TestPlanRevision>34810</TestPlanRevision>
  <NodeSearchTest>
    <OpenFreeMdSession>Works</OpenFreeMdSession>
    <OpenFreeMdSession1 error="A blanck window pops up without showing anything">Fails</OpenFreeMdSession1>
    <OpenRestrictedMdSession error="">Empty</OpenRestrictedMdSession>
    <OpenRestrictedMdSession1 error="">Empty</OpenRestrictedMdSession1>
  </NodeSearchTest>
  <OpenThumbnails>
    <OpenThumbnail error="Same as item 2. ">Fails</OpenThumbnail>
  </OpenThumbnails>
  <PreviousButton>
    <PreviousButton error="">Empty</PreviousButton>
  </PreviousButton>
  <NextButton>
    <NextButton error="">Empty</NextButton>
  </NextButton>
  <LoggedOutTest>
    <DragAndDrop1>Works</DragAndDrop1>
    <DragAndDrop2 error="">Empty</DragAndDrop2>
    <FullView error="">Empty</FullView>
    <ViewThumbnails error="">Empty</ViewThumbnails>
  </LoggedOutTest>
</ImexBugCheck>
