<?xml version="1.0" encoding="UTF-8"?>
<KinoathBugCheck xmlns:xsi="http://www.w3.org/2001/XMLSchema-instance" xsi:schemaLocation="https://lux15.mpi.nl/testing https://lux15.mpi.nl/testing/xsd_out.php?file=plans/kinoath_2012-04-04.xml">
  <DateTime>2013-03-27</DateTime>
  <KinoathVersion>1.2.36</KinoathVersion>
  <OSVersion>Linux, Firefox, Ubutu 64bit 12.10 </OSVersion>
  <Tester>sauciv</Tester>
  <TestPlanRevision>36167</TestPlanRevision>
  <StartKinOath>
    <Start>Works</Start>
    <InfoFile>Works</InfoFile>
    <InstallWindow error="">Empty</InstallWindow>
    <InstallLinux error="">Empty</InstallLinux>
    <InstallMac error="">Empty</InstallMac>
  </StartKinOath>
  <SampleDiagramsTest>
    <FreeformDiagramSyntax1>Works</FreeformDiagramSyntax1>
    <FreeformDiagramSyntax2>Works</FreeformDiagramSyntax2>
    <FreeformDiagramSyntax3>Works</FreeformDiagramSyntax3>
    <FreeformDiagramSyntax4>Works</FreeformDiagramSyntax4>
    <QueryDiagramSyntax1>Works</QueryDiagramSyntax1>
    <QueryDiagramSyntax2 error="Several errors were found but the import was completed.">Fails</QueryDiagramSyntax2>
    <QueryDiagramSyntax3 error="">Empty</QueryDiagramSyntax3>
    <QueryDiagramSyntax4 error="">Empty</QueryDiagramSyntax4>
    <QueryDiagramSyntax5 error="">Empty</QueryDiagramSyntax5>
    <QueryDiagramSyntax6 error="">Empty</QueryDiagramSyntax6>
    <HawaiianKinTerms1>Works</HawaiianKinTerms1>
    <HawaiianKinTerms2>Works</HawaiianKinTerms2>
    <HawaiianKinTerms3>Works</HawaiianKinTerms3>
    <HawaiianKinTerms3b>Works</HawaiianKinTerms3b>
    <HawaiianKinTerms4>Works</HawaiianKinTerms4>
    <HawaiianKinTerms5>Works</HawaiianKinTerms5>
    <HawaiianKinTerms6>Works</HawaiianKinTerms6>
    <HawaiianKinTerms7 error="The diagram disappear but when I check back Generate example entities the diagram appear with a strange layout (not the same as was before)">Mostly</HawaiianKinTerms7>
    <JapaneseKinTerms1>Works</JapaneseKinTerms1>
    <JapaneseKinTerms2>Works</JapaneseKinTerms2>
    <JapaneseKinTerms3>Works</JapaneseKinTerms3>
    <JapaneseKinTerms4>Works</JapaneseKinTerms4>
    <JapaneseKinTerms5>Works</JapaneseKinTerms5>
    <JapaneseKinTerms5b>Works</JapaneseKinTerms5b>
    <JapaneseKinTerms6>Works</JapaneseKinTerms6>
    <JapaneseKinTerms7 error="It doesn't go away at all.">Fails</JapaneseKinTerms7>
    <SwedishKinTerms1>Works</SwedishKinTerms1>
    <SwedishKinTerms2>Works</SwedishKinTerms2>
    <SwedishKinTerms3>Works</SwedishKinTerms3>
    <SwedishKinTerms4>Works</SwedishKinTerms4>
    <SwedishKinTerms5>Works</SwedishKinTerms5>
    <SwedishKinTerms5b>Works</SwedishKinTerms5b>
    <SwedishKinTerms6>Works</SwedishKinTerms6>
    <SwedishKinTerms7 error="It goes away but it is replaced by the New kin term group.">Fails</SwedishKinTerms7>
    <NamedTransientEntities1>Works</NamedTransientEntities1>
    <NamedTransientEntities2>Works</NamedTransientEntities2>
    <NamedTransientEntities3>Works</NamedTransientEntities3>
    <NamedTransientEntities4>Works</NamedTransientEntities4>
    <MatrimonialRingsExamples1>Works</MatrimonialRingsExamples1>
    <MatrimonialRingsExamples2>Works</MatrimonialRingsExamples2>
    <CharlesIIOfSpain1>Works</CharlesIIOfSpain1>
    <CharlesIIOfSpain2>Works</CharlesIIOfSpain2>
    <CharlesIIOfSpain3>Works</CharlesIIOfSpain3>
    <CharlesIIOfSpain4>Works</CharlesIIOfSpain4>
    <HaemophiliaEu1>Works</HaemophiliaEu1>
    <HaemophiliaEu2>Works</HaemophiliaEu2>
    <HaemophiliaEu3 error="The import didn't work. All the windows were closed.">Fails</HaemophiliaEu3>
    <HaemophiliaEu4 error="For the moment I don't repeat the same procedure because I'm afraid that it collapses again">Empty</HaemophiliaEu4>
    <HaemophiliaEu5 error="">Empty</HaemophiliaEu5>
    <HaemophiliaEu6 error="">Empty</HaemophiliaEu6>
  </SampleDiagramsTest>
  <NewDiagramsTest>
    <StandardDiagram1>Works</StandardDiagram1>
    <StandardDiagram2>Works</StandardDiagram2>
    <StandardDiagram3>Works</StandardDiagram3>
    <StandardDiagram4>Works</StandardDiagram4>
    <StandardDiagram4b>Works</StandardDiagram4b>
    <StandardDiagram5>Works</StandardDiagram5>
    <ChromosomeType>Works</ChromosomeType>
    <Geometry1>Works</Geometry1>
    <Geometry2>Works</Geometry2>
    <Delete>Works</Delete>
    <Merge>Works</Merge>
    <Duplicate>Works</Duplicate>
    <SetEgo>Works</SetEgo>
    <AddEgoList>Works</AddEgoList>
    <RemoveEgoList>Works</RemoveEgoList>
    <Keep>Works</Keep>
    <Release>Works</Release>
    <ResetZoom>Works</ResetZoom>
    <ResetLayout>Works</ResetLayout>
    <SaveChanges>Works</SaveChanges>
    <StandardDiagram6>Works</StandardDiagram6>
    <StandardDiagram6b>Works</StandardDiagram6b>
    <FreeformDiagram1>Works</FreeformDiagram1>
    <FreeformDiagram2>Works</FreeformDiagram2>
    <FreeformDiagram3>Works</FreeformDiagram3>
    <KinTerms1>Works</KinTerms1>
    <KinTerms2>Works</KinTerms2>
    <KinTerms2b>Works</KinTerms2b>
    <KinTerms3>Works</KinTerms3>
    <KinTerms4>Works</KinTerms4>
    <KinTerms4b>Works</KinTerms4b>
    <KinTerms5>Works</KinTerms5>
    <KinTerms6>Works</KinTerms6>
    <QueryDiagram1>Works</QueryDiagram1>
    <QueryDiagram2>Works</QueryDiagram2>
    <QueryDiagram3>Works</QueryDiagram3>
    <ArchiveLinker1>Works</ArchiveLinker1>
    <ArchiveLinker2>Works</ArchiveLinker2>
    <ArchiveLinker3>Works</ArchiveLinker3>
    <ArchiveLinker4>Works</ArchiveLinker4>
  </NewDiagramsTest>
  <Menus>
    <RecentDiagram>Works</RecentDiagram>
    <RecentDiagram2>Works</RecentDiagram2>
    <Gedcom_CSV>Works</Gedcom_CSV>
    <GedcomResources>Works</GedcomResources>
    <GedcomResources2>Works</GedcomResources2>
    <EntityUpload error="">Empty</EntityUpload>
    <SaveFile>Works</SaveFile>
    <OpenDiagram>Works</OpenDiagram>
    <ExportPDF></ExportPDF>
    <ExportJPEG></ExportJPEG>
    <ExportPNG></ExportPNG>
    <ExportTIFF></ExportTIFF>
    <ExportR_SPSS></ExportR_SPSS>
    <Close></Close>
    <SetDefaultDiagram></SetDefaultDiagram>
    <NewDefaultDiagram></NewDefaultDiagram>
    <Edit></Edit>
    <DiagramOptions></DiagramOptions>
    <KinTerms></KinTerms>
    <KinTerms2></KinTerms2>
    <Export></Export>
    <Import></Import>
    <ArchiveLinker></ArchiveLinker>
    <Panels></Panels>
    <DiagramSettings1></DiagramSettings1>
    <DiagramSettings2></DiagramSettings2>
    <DiagramSettings3></DiagramSettings3>
    <DiagramSettings3b></DiagramSettings3b>
    <DiagramSettings4></DiagramSettings4>
    <DiagramSettings5></DiagramSettings5>
    <DiagramSettings6></DiagramSettings6>
    <CustomName></CustomName>
    <DataCategory error="">Empty</DataCategory>
    <RelationType></RelationType>
    <LineColour></LineColour>
    <LineWidth></LineWidth>
    <LineDash></LineDash>
    <LineOrientation></LineOrientation>
    <DeleteSelected></DeleteSelected>
    <Window></Window>
    <Help></Help>
    <Exit></Exit>
  </Menus>
  <Other_Platforms>
    <Different_OS_Install error="">Empty</Different_OS_Install>
    <Opening_Diagram error="">Empty</Opening_Diagram>
    <Import_Data error="">Empty</Import_Data>
    <Query error="">Empty</Query>
    <Select_and_Expand error="">Empty</Select_and_Expand>
    <Modify_Diagram error="">Empty</Modify_Diagram>
  </Other_Platforms>
</KinoathBugCheck>
