<?xml version="1.0" encoding="UTF-8"?>
<KinoathBugCheck xmlns:xsi="http://www.w3.org/2001/XMLSchema-instance" xsi:schemaLocation="https://idp.mpi.nl/testing https://idp.mpi.nl/testing/xsd_out.php?file=plans/kinoath_2012-04-04.xml">
  <DateTime></DateTime>
  <KinoathVersion></KinoathVersion>
  <OSVersion></OSVersion>
  <Tester>frabec</Tester>
  <SampleDiagramsTest>
    <FreeformDiagramSyntax1></FreeformDiagramSyntax1>
    <FreeformDiagramSyntax2></FreeformDiagramSyntax2>
    <FreeformDiagramSyntax3></FreeformDiagramSyntax3>
    <QueryDiagramSyntax1></QueryDiagramSyntax1>
    <QueryDiagramSyntax2></QueryDiagramSyntax2>
    <QueryDiagramSyntax3></QueryDiagramSyntax3>
    <HawaiianKinTerms1></HawaiianKinTerms1>
    <HawaiianKinTerms2></HawaiianKinTerms2>
    <HawaiianKinTerms3></HawaiianKinTerms3>
    <JapaneseKinTerms1></JapaneseKinTerms1>
    <JapaneseKinTerms2></JapaneseKinTerms2>
    <JapaneseKinTerms3></JapaneseKinTerms3>
    <SwedishKinTerms1></SwedishKinTerms1>
    <SwedishKinTerms2></SwedishKinTerms2>
    <SwedishKinTerms3></SwedishKinTerms3>
    <NamedTransientEntities1></NamedTransientEntities1>
    <NamedTransientEntities2></NamedTransientEntities2>
    <NamedTransientEntities3></NamedTransientEntities3>
    <MatrimonialRingsExamples1></MatrimonialRingsExamples1>
    <MatrimonialRingsExamples2></MatrimonialRingsExamples2>
    <MatrimonialRingsExamples3></MatrimonialRingsExamples3>
    <CharlesIIOfSpain></CharlesIIOfSpain>
    <ImportedData1></ImportedData1>
    <ImportedData2></ImportedData2>
    <ImportedData3></ImportedData3>
  </SampleDiagramsTest>
  <StandardDiagram/>
</KinoathBugCheck>
