<?xml version="1.0" encoding="UTF-8"?>
<KinoathBugCheck xmlns:xsi="http://www.w3.org/2001/XMLSchema-instance" xsi:schemaLocation="https://idp.mpi.nl/testing https://idp.mpi.nl/testing/xsd_out.php?file=plans/kinoath_2012-04-04.xml">
  <DateTime></DateTime>
  <KinoathVersion></KinoathVersion>
  <OSVersion></OSVersion>
  <Tester>frabec</Tester>
  <SampleDiagramsTest>
    <FreeformDiagramSyntax1></FreeformDiagramSyntax1>
    <FreeformDiagramSyntax2></FreeformDiagramSyntax2>
    <FreeformDiagramSyntax3></FreeformDiagramSyntax3>
    <FreeformDiagramSyntax4></FreeformDiagramSyntax4>
    <QueryDiagramSyntax1></QueryDiagramSyntax1>
    <QueryDiagramSyntax2></QueryDiagramSyntax2>
    <QueryDiagramSyntax3></QueryDiagramSyntax3>
    <HawaiianKinTerms1></HawaiianKinTerms1>
    <HawaiianKinTerms2></HawaiianKinTerms2>
    <HawaiianKinTerms3></HawaiianKinTerms3>
    <HawaiianKinTerms4></HawaiianKinTerms4>
    <HawaiianKinTerms5></HawaiianKinTerms5>
    <JapaneseKinTerms1></JapaneseKinTerms1>
    <JapaneseKinTerms2></JapaneseKinTerms2>
    <JapaneseKinTerms3></JapaneseKinTerms3>
    <JapaneseKinTerms4></JapaneseKinTerms4>
    <JapaneseKinTerms5></JapaneseKinTerms5>
    <SwedishKinTerms1></SwedishKinTerms1>
    <SwedishKinTerms2></SwedishKinTerms2>
    <SwedishKinTerms3></SwedishKinTerms3>
    <SwedishKinTerms4></SwedishKinTerms4>
    <SwedishKinTerms5></SwedishKinTerms5>
    <NamedTransientEntities1></NamedTransientEntities1>
    <NamedTransientEntities2></NamedTransientEntities2>
    <NamedTransientEntities3></NamedTransientEntities3>
    <MatrimonialRingsExamples1></MatrimonialRingsExamples1>
    <MatrimonialRingsExamples2></MatrimonialRingsExamples2>
    <MatrimonialRingsExamples3></MatrimonialRingsExamples3>
    <CharlesIIOfSpain1></CharlesIIOfSpain1>
    <CharlesIIOfSpain2></CharlesIIOfSpain2>
    <CharlesIIOfSpain3></CharlesIIOfSpain3>
    <ImportedData1></ImportedData1>
    <ImportedData2></ImportedData2>
    <ImportedData3></ImportedData3>
    <ImportedData4></ImportedData4>
  </SampleDiagramsTest>
  <NewDiagramsTest>
    <StandardDiagram1></StandardDiagram1>
    <StandardDiagram2></StandardDiagram2>
    <StandardDiagram3></StandardDiagram3>
    <StandardDiagram4></StandardDiagram4>
    <StandardDiagram5></StandardDiagram5>
    <FreeformDiagram1></FreeformDiagram1>
    <FreeformDiagram2></FreeformDiagram2>
    <KinTerms1></KinTerms1>
    <KinTerms2></KinTerms2>
    <KinTerms3></KinTerms3>
    <KinTerms4></KinTerms4>
    <QueryDiagram1></QueryDiagram1>
    <QueryDiagram2></QueryDiagram2>
    <EntitySearch1></EntitySearch1>
    <EntitySearch2></EntitySearch2>
    <EntitySearch3></EntitySearch3>
    <ArchiveLinker1></ArchiveLinker1>
    <ArchiveLinker2></ArchiveLinker2>
    <ArchiveLinker3></ArchiveLinker3>
    <ArchiveLinker4></ArchiveLinker4>
    <ArchiveLinker5></ArchiveLinker5>
  </NewDiagramsTest>
  <Menus>
    <RecentDiagram></RecentDiagram>
    <Gedcom_CSV></Gedcom_CSV>
    <SaveFile></SaveFile>
    <OpenFile></OpenFile>
    <ExportPDF></ExportPDF>
    <ExportR_SPSS></ExportR_SPSS>
    <Close></Close>
    <SetDefaultDiagram></SetDefaultDiagram>
    <NewDefaultDiagram></NewDefaultDiagram>
    <Edit></Edit>
    <DiagramOptions></DiagramOptions>
    <KinTerms></KinTerms>
    <Panels></Panels>
    <DiagramSettings1></DiagramSettings1>
    <DiagramSettings2></DiagramSettings2>
    <DiagramSettings3></DiagramSettings3>
    <DiagramSettings4></DiagramSettings4>
    <DiagramSettings5></DiagramSettings5>
    <DiagramSettings6></DiagramSettings6>
    <Window></Window>
    <Help></Help>
  </Menus>
</KinoathBugCheck>
