<?xml version="1.0" encoding="UTF-8"?>
<KinoathBugCheck xmlns:xsi="http://www.w3.org/2001/XMLSchema-instance" xsi:schemaLocation="https://idp.mpi.nl/testing https://idp.mpi.nl/testing/xsd_out.php?file=plans/kinoath_2012-04-04.xml">
  <DateTime></DateTime>
  <KinoathVersion></KinoathVersion>
  <OSVersion></OSVersion>
  <Tester>frabec</Tester>
  <StartKinOath>
    <Start></Start>
  </StartKinOath>
  <SampleDiagramsTest>
    <FreeformDiagramSyntax1></FreeformDiagramSyntax1>
    <FreeformDiagramSyntax2></FreeformDiagramSyntax2>
    <FreeformDiagramSyntax3></FreeformDiagramSyntax3>
    <FreeformDiagramSyntax4></FreeformDiagramSyntax4>
    <QueryDiagramSyntax1></QueryDiagramSyntax1>
    <QueryDiagramSyntax2></QueryDiagramSyntax2>
    <QueryDiagramSyntax3></QueryDiagramSyntax3>
    <QueryDiagramSyntax4></QueryDiagramSyntax4>
    <HawaiianKinTerms1></HawaiianKinTerms1>
    <HawaiianKinTerms2></HawaiianKinTerms2>
    <HawaiianKinTerms3></HawaiianKinTerms3>
    <HawaiianKinTerms4></HawaiianKinTerms4>
    <HawaiianKinTerms5></HawaiianKinTerms5>
    <HawaiianKinTerms6></HawaiianKinTerms6>
    <HawaiianKinTerms7></HawaiianKinTerms7>
    <JapaneseKinTerms1></JapaneseKinTerms1>
    <JapaneseKinTerms2></JapaneseKinTerms2>
    <JapaneseKinTerms3></JapaneseKinTerms3>
    <JapaneseKinTerms4></JapaneseKinTerms4>
    <JapaneseKinTerms5></JapaneseKinTerms5>
    <JapaneseKinTerms6></JapaneseKinTerms6>
    <JapaneseKinTerms7></JapaneseKinTerms7>
    <SwedishKinTerms1></SwedishKinTerms1>
    <SwedishKinTerms2></SwedishKinTerms2>
    <SwedishKinTerms3></SwedishKinTerms3>
    <SwedishKinTerms4></SwedishKinTerms4>
    <SwedishKinTerms5></SwedishKinTerms5>
    <SwedishKinTerms6></SwedishKinTerms6>
    <SwedishKinTerms7></SwedishKinTerms7>
    <NamedTransientEntities1></NamedTransientEntities1>
    <NamedTransientEntities2></NamedTransientEntities2>
    <NamedTransientEntities3></NamedTransientEntities3>
    <MatrimonialRingsExamples1></MatrimonialRingsExamples1>
    <MatrimonialRingsExamples2></MatrimonialRingsExamples2>
    <MatrimonialRingsExamples3></MatrimonialRingsExamples3>
    <CharlesIIOfSpain1></CharlesIIOfSpain1>
    <CharlesIIOfSpain2></CharlesIIOfSpain2>
    <CharlesIIOfSpain3></CharlesIIOfSpain3>
    <ImportedData1></ImportedData1>
    <ImportedData2></ImportedData2>
    <ImportedData3></ImportedData3>
    <ImportData4></ImportData4>
  </SampleDiagramsTest>
  <NewDiagramsTest>
    <StandardDiagram1></StandardDiagram1>
    <StandardDiagram2></StandardDiagram2>
    <StandardDiagram3></StandardDiagram3>
    <StandardDiagram4></StandardDiagram4>
    <StandardDiagram5></StandardDiagram5>
    <ChromosomeType></ChromosomeType>
    <Geometry1></Geometry1>
    <Geometry2></Geometry2>
    <Delete></Delete>
    <Merge></Merge>
    <Duplicate></Duplicate>
    <SetEgo></SetEgo>
    <AddEgoList></AddEgoList>
    <RemoveEgoList></RemoveEgoList>
    <Keep></Keep>
    <Release></Release>
    <ResetZoom></ResetZoom>
    <ResetLayout></ResetLayout>
    <SaveChanges></SaveChanges>
    <StandardDiagram6></StandardDiagram6>
    <FreeformDiagram1></FreeformDiagram1>
    <FreeformDiagram2></FreeformDiagram2>
    <KinTerms1></KinTerms1>
    <KinTerms2></KinTerms2>
    <KinTerms3></KinTerms3>
    <KinTerms4></KinTerms4>
    <KinTerms5></KinTerms5>
    <KinTerms6></KinTerms6>
    <QueryDiagram1></QueryDiagram1>
    <QueryDiagram2></QueryDiagram2>
    <ArchiveLinker1></ArchiveLinker1>
    <ArchiveLinker2></ArchiveLinker2>
    <ArchiveLinker3></ArchiveLinker3>
    <ArchiveLinker4></ArchiveLinker4>
    <ArchiveLinker5></ArchiveLinker5>
  </NewDiagramsTest>
  <Menus>
    <RecentDiagram></RecentDiagram>
    <RecentDiagram2></RecentDiagram2>
    <Gedcom_CSV></Gedcom_CSV>
    <SaveFile></SaveFile>
    <OpenDiagram></OpenDiagram>
    <ExportPDFetc></ExportPDFetc>
    <ExportR_SPSS></ExportR_SPSS>
    <Close></Close>
    <SetDefaultDiagram></SetDefaultDiagram>
    <NewDefaultDiagram></NewDefaultDiagram>
    <Edit></Edit>
    <DiagramOptions></DiagramOptions>
    <KinTerms></KinTerms>
    <Export></Export>
    <Import></Import>
    <Panels></Panels>
    <DiagramSettings1></DiagramSettings1>
    <DiagramSettings2></DiagramSettings2>
    <DiagramSettings3></DiagramSettings3>
    <DiagramSettings4></DiagramSettings4>
    <DiagramSettings5></DiagramSettings5>
    <DiagramSettings6></DiagramSettings6>
    <DisplayName></DisplayName>
    <RelationType></RelationType>
    <LineColour></LineColour>
    <LineWidth></LineWidth>
    <LineDash></LineDash>
    <LineOrientation></LineOrientation>
    <DeleteSelected></DeleteSelected>
    <Window></Window>
    <Help></Help>
    <Exit></Exit>
  </Menus>
</KinoathBugCheck>
