<?xml version="1.0" encoding="UTF-8"?>
<LamusBugCheck xmlns:xsi="http://www.w3.org/2001/XMLSchema-instance" xsi:schemaLocation="https://lux15.mpi.nl/testing https://lux15.mpi.nl/testing/xsd_out.php?file=plans/lamus_2011-11-17.xml">
  <DateTime>2013-08-19</DateTime>
  <LamusVersion></LamusVersion>
  <OSVersion></OSVersion>
  <Tester>sauciv</Tester>
  <TestPlanRevision>37903</TestPlanRevision>
  <LamusMainPageTest>
    <RegisterAsANewUsersTest></RegisterAsANewUsersTest>
    <NUT2></NUT2>
    <NUT1></NUT1>
    <CreateNewWorkSpaceTest1></CreateNewWorkSpaceTest1>
    <CNWS1></CNWS1>
    <CNWS2></CNWS2>
    <SelectTopNode1></SelectTopNode1>
    <STN1a></STN1a>
    <STN1b></STN1b>
    <STN1c></STN1c>
    <SelectExistingWorkspace1></SelectExistingWorkspace1>
    <CreateNewWorkSpaceTest1></CreateNewWorkSpaceTest1>
    <SelectExistingWorkspace2></SelectExistingWorkspace2>
    <CreateNewWorkSpaceTest2></CreateNewWorkSpaceTest2>
    <CreateNewWorkSpaceTest3></CreateNewWorkSpaceTest3>
    <CreateNewWorkSpaceTest4></CreateNewWorkSpaceTest4>
    <CreateNewWorkSpaceTest5></CreateNewWorkSpaceTest5>
    <RequestStorageSpaceTest></RequestStorageSpaceTest>
    <RSST1></RSST1>
    <ManagementConsoleTest></ManagementConsoleTest>
    <MCT1></MCT1>
    <MCT2></MCT2>
    <MCT3></MCT3>
    <Lux17LAMUSOn-lineManualTest></Lux17LAMUSOn-lineManualTest>
    <AboutLux17LAMUSTest></AboutLux17LAMUSTest>
    <AL17LT1></AL17LT1>
  </LamusMainPageTest>
  <WorkspaceManagmentTest>
    <StartWorkingWithYourWorkspace></StartWorkingWithYourWorkspace>
    <TopNodeMenu1></TopNodeMenu1>
    <TopNodeMenu2></TopNodeMenu2>
    <AddCorpusNodeTest></AddCorpusNodeTest>
    <CancelAddNode></CancelAddNode>
    <ResetAddNode></ResetAddNode>
    <SubmitNewCorpusNode></SubmitNewCorpusNode>
    <TMT2></TMT2>
    <ModifyNodeTest></ModifyNodeTest>
    <ResetChangeNode></ResetChangeNode>
    <CancelChangeNode></CancelChangeNode>
    <SubmitModifiedNode></SubmitModifiedNode>
    <ViewNodeTest></ViewNodeTest>
    <AddChildNode></AddChildNode>
    <DeleteNodeTest></DeleteNodeTest>
    <CancelDeleteNode></CancelDeleteNode>
    <DeleteDeleteNode></DeleteDeleteNode>
    <CreateCorpusStructure></CreateCorpusStructure>
    <UploadFiles></UploadFiles>
    <UploadingSessionNodesTest1></UploadingSessionNodesTest1>
    <UF2></UF2>
    <UF3></UF3>
    <UF5></UF5>
    <UploadingSessionNodesTest2></UploadingSessionNodesTest2>
    <FileBrowsersTest1></FileBrowsersTest1>
    <FileBrowsersTest2></FileBrowsersTest2>
    <FileBrowsersTest3></FileBrowsersTest3>
    <FileBrowsersTest4></FileBrowsersTest4>
  </WorkspaceManagmentTest>
  <Link_UnlinkInfoFileTest>
    <LinkCorpusNodeTest></LinkCorpusNodeTest>
    <TMT5></TMT5>
    <LinkInfoFile></LinkInfoFile>
    <LIF1></LIF1>
    <LIF2></LIF2>
    <LIF3></LIF3>
    <LIF4></LIF4>
    <LIF5></LIF5>
    <LIF6></LIF6>
    <LIF7></LIF7>
    <InfoFile></InfoFile>
    <ViewInfoFile></ViewInfoFile>
    <ChangeDescription></ChangeDescription>
    <CD1></CD1>
    <CD2></CD2>
    <CD3></CD3>
  </Link_UnlinkInfoFileTest>
  <RenameInfoFileTest>
    <RenameInfoFile></RenameInfoFile>
    <RRT1></RRT1>
    <RRT2></RRT2>
    <RRT3></RRT3>
    <RRT4></RRT4>
    <RRT5></RRT5>
    <RRT52></RRT52>
    <RRT6></RRT6>
    <RRT7></RRT7>
    <RRT8></RRT8>
    <RRT9></RRT9>
    <RRT10></RRT10>
    <RRT11></RRT11>
  </RenameInfoFileTest>
  <UnlinkInfo_WrittenResourcesTest>
    <UnlinkNodeTest></UnlinkNodeTest>
    <CancelUnlinkNode></CancelUnlinkNode>
    <UN1></UN1>
    <UN1a></UN1a>
    <MultipleUnlinkTest></MultipleUnlinkTest>
    <MUL1></MUL1>
    <MUL2></MUL2>
    <MUL3></MUL3>
    <MUL4></MUL4>
  </UnlinkInfo_WrittenResourcesTest>
  <SessionNodeTest>
    <LinkSessionNode></LinkSessionNode>
    <LSN1></LSN1>
    <LinkMediaFile></LinkMediaFile>
    <LIM1></LIM1>
    <LIM2></LIM2>
    <LIM3></LIM3>
    <LIM4></LIM4>
    <LIM5></LIM5>
    <LIM6></LIM6>
    <LIM7></LIM7>
    <LIM8></LIM8>
    <LinkInfoFileForSessionNodes></LinkInfoFileForSessionNodes>
    <LIFFSN1></LIFFSN1>
    <LIFFSN2></LIFFSN2>
    <LIFFSN3></LIFFSN3>
    <LIFFSN4></LIFFSN4>
    <LIFFSN5></LIFFSN5>
  </SessionNodeTest>
  <Unlink_LinkCorpusNode>
    <UnlinkCorpusNode></UnlinkCorpusNode>
    <UCN1></UCN1>
    <UCN2></UCN2>
    <LinkCorpusNode></LinkCorpusNode>
    <LCN1></LCN1>
    <LinkCatalogueNode></LinkCatalogueNode>
    <LCN1></LCN1>
    <LinkExternalNode></LinkExternalNode>
    <LEN1></LEN1>
    <LEN2></LEN2>
    <LEN3></LEN3>
    <LinkArchiveNode></LinkArchiveNode>
    <LAN1></LAN1>
    <LAN2></LAN2>
    <LAN3></LAN3>
    <LAN4></LAN4>
    <LAN5></LAN5>
    <LAN6></LAN6>
  </Unlink_LinkCorpusNode>
  <UnlinkNodeWithMultipleParentsTest>
    <UNMP1></UNMP1>
    <UNMP2></UNMP2>
    <UNMP3></UNMP3>
    <UNMP4></UNMP4>
    <UNMP5></UNMP5>
    <UNMP6></UNMP6>
    <UNMP7></UNMP7>
    <UNMP8></UNMP8>
    <UNMP9></UNMP9>
    <UNMP10></UNMP10>
  </UnlinkNodeWithMultipleParentsTest>
  <DeleteNodeTest>
    <DNT1></DNT1>
    <DNT2></DNT2>
    <DNT3></DNT3>
  </DeleteNodeTest>
  <MoreOnSessionNodeTest>
    <MOSNT1></MOSNT1>
  </MoreOnSessionNodeTest>
  <DuplicateNodeTest>
    <DuplicateNode></DuplicateNode>
    <DSNT1></DSNT1>
    <DSNT2></DSNT2>
    <DSNT3></DSNT3>
  </DuplicateNodeTest>
  <ReplaceTreeTest>
    <RTTforSessionNode></RTTforSessionNode>
    <RTT2></RTT2>
    <RRT3></RRT3>
    <RRT4></RRT4>
  </ReplaceTreeTest>
  <NeurobiologyOfLanguageTest>
    <ViewNBLtestNode1></ViewNBLtestNode1>
    <ViewNBLtestNode2></ViewNBLtestNode2>
    <ViewNBLtestNode3></ViewNBLtestNode3>
    <UploadFilesNBLtestNode1></UploadFilesNBLtestNode1>
    <UploadFilesNBLtestNode2></UploadFilesNBLtestNode2>
    <UploadFilesNBLtestNode3></UploadFilesNBLtestNode3>
    <UploadFilesNBLtestNode4></UploadFilesNBLtestNode4>
    <UploadFilesNBLtestNode5></UploadFilesNBLtestNode5>
    <UploadFilesNBLtestNode6></UploadFilesNBLtestNode6>
    <UploadFilesNBLtestNode7></UploadFilesNBLtestNode7>
    <UploadFilesNBLtestNode8></UploadFilesNBLtestNode8>
    <UploadFilesNBLtestNode9></UploadFilesNBLtestNode9>
    <UploadFilesNBLtestNode10></UploadFilesNBLtestNode10>
    <UploadFilesNBLtestNode11></UploadFilesNBLtestNode11>
    <UploadFilesNBLtestNode12></UploadFilesNBLtestNode12>
    <UploadFilesTextNBLtestNode1></UploadFilesTextNBLtestNode1>
    <UploadFilesTextNBLtestNode2></UploadFilesTextNBLtestNode2>
    <UploadFilesTextNBLtestNode3></UploadFilesTextNBLtestNode3>
    <UploadFilesTextNBLtestNode4></UploadFilesTextNBLtestNode4>
    <UploadFilesTextNBLtestNode5></UploadFilesTextNBLtestNode5>
    <UploadFilesTextNBLtestNode6></UploadFilesTextNBLtestNode6>
  </NeurobiologyOfLanguageTest>
  <LanguageAndGeneticTest>
    <ViewLanguageAndGeneticTestNode1></ViewLanguageAndGeneticTestNode1>
    <ViewLanguageAndGeneticTestNode2></ViewLanguageAndGeneticTestNode2>
    <ViewLanguageAndGeneticTestNode3></ViewLanguageAndGeneticTestNode3>
    <UploadFilesLanguageAndGeneticTestNode1></UploadFilesLanguageAndGeneticTestNode1>
    <UploadFilesLanguageAndGeneticTestNode2></UploadFilesLanguageAndGeneticTestNode2>
    <UploadFilesLanguageAndGeneticTestNode3></UploadFilesLanguageAndGeneticTestNode3>
    <UploadFilesLanguageAndGeneticTestNode4></UploadFilesLanguageAndGeneticTestNode4>
    <UploadFilesLanguageAndGeneticTestNode5></UploadFilesLanguageAndGeneticTestNode5>
    <UploadFilesLanguageAndGeneticTestNode6></UploadFilesLanguageAndGeneticTestNode6>
    <UploadFilesLanguageAndGeneticTestNode7></UploadFilesLanguageAndGeneticTestNode7>
    <UploadFilesLanguageAndGeneticTestNode8></UploadFilesLanguageAndGeneticTestNode8>
    <UploadFilesLanguageAndGeneticTestNode9></UploadFilesLanguageAndGeneticTestNode9>
    <UploadFilesLanguageAndGeneticTestNode10></UploadFilesLanguageAndGeneticTestNode10>
    <UploadFilesLanguageAndGeneticTestNode11></UploadFilesLanguageAndGeneticTestNode11>
    <UploadFilesLanguageAndGeneticTestNode12></UploadFilesLanguageAndGeneticTestNode12>
    <UploadFilesTextLanguageAndGeneticTestNode1></UploadFilesTextLanguageAndGeneticTestNode1>
    <UploadFilesTextLanguageAndGeneticTestNode2></UploadFilesTextLanguageAndGeneticTestNode2>
    <UploadFilesTextLanguageAndGeneticTestNode3></UploadFilesTextLanguageAndGeneticTestNode3>
    <UploadFilesTextLanguageAndGeneticTestNode4></UploadFilesTextLanguageAndGeneticTestNode4>
    <UploadFilesTextLanguageAndGeneticTestNode5></UploadFilesTextLanguageAndGeneticTestNode5>
    <UploadFilesTextLanguageAndGeneticTestNode6></UploadFilesTextLanguageAndGeneticTestNode6>
  </LanguageAndGeneticTest>
  <ManagementInterface>
    <AccessManagementConsole></AccessManagementConsole>
    <ManagementConsoleMainDisplay></ManagementConsoleMainDisplay>
    <ManagementConsoleMainDisplay2></ManagementConsoleMainDisplay2>
    <RequestHistoryList></RequestHistoryList>
    <ActiveRequestsList></ActiveRequestsList>
    <EditIngestRequest></EditIngestRequest>
    <DeleteWorkspace></DeleteWorkspace>
    <UserIdFilter></UserIdFilter>
    <MailAllTest></MailAllTest>
    <EditIngestRequest2></EditIngestRequest2>
    <DeleteIngestRequest></DeleteIngestRequest>
    <SendEmailWithLux17></SendEmailWithLux17>
    <BarOptions></BarOptions>
    <BarOptions2></BarOptions2>
    <BarOptions3></BarOptions3>
    <SystemLog></SystemLog>
    <SystemState></SystemState>
    <LockedNodes></LockedNodes>
    <Lux17LamusMain></Lux17LamusMain>
  </ManagementInterface>
  <RefreshDBoption>
    <RefreshDBoptionStart></RefreshDBoptionStart>
    <RefreshDBoptionInfoNode></RefreshDBoptionInfoNode>
    <RefreshDBCrawlerOptions></RefreshDBCrawlerOptions>
    <RefreshDBoptionLogLevel></RefreshDBoptionLogLevel>
    <RefreshDBoptionLogLevel2></RefreshDBoptionLogLevel2>
    <RefreshDBoptionClose></RefreshDBoptionClose>
  </RefreshDBoption>
  <CreateNewTopNode>
    <OpenTopNodeOption></OpenTopNodeOption>
    <TopNodeOptionReset></TopNodeOptionReset>
    <TopNodeOptionCancel></TopNodeOptionCancel>
    <TopNodeOptionSubmit></TopNodeOptionSubmit>
    <TopNodeCreated></TopNodeCreated>
  </CreateNewTopNode>
  <LAMUSFunctionButtonsTest>
    <RequestStorage></RequestStorage>
    <RS1></RS1>
    <RS2></RS2>
    <Help></Help>
    <ReportABug></ReportABug>
    <SaveAndLogout></SaveAndLogout>
    <SAL1></SAL1>
    <SAL2></SAL2>
    <About></About>
  </LAMUSFunctionButtonsTest>
</LamusBugCheck>
