<?xml version="1.0" encoding="UTF-8"?>
<LamusBugCheck xmlns:xsi="http://www.w3.org/2001/XMLSchema-instance" xsi:schemaLocation="https://lux15.mpi.nl/testing https://lux15.mpi.nl/testing/xsd_out.php?file=plans/lamus_tree-replace.xml">
  <DateTime>2012-11-13</DateTime>
  <LamusVersion>1.1.7.5</LamusVersion>
  <OSVersion>Windows7</OSVersion>
  <Tester>sauciv</Tester>
  <TestPlanRevision>34558</TestPlanRevision>
  <ReplaceTreeTest>
    <Preface1>Works</Preface1>
    <ReplaceResource1>Works</ReplaceResource1>
    <ReplaceResource1_SubmitTest>Works</ReplaceResource1_SubmitTest>
    <ReplaceResource1_VersionCheck>Works</ReplaceResource1_VersionCheck>
    <ReplaceResource2>Works</ReplaceResource2>
    <ReplaceSession1_preface>Works</ReplaceSession1_preface>
    <ReplaceSession1>Works</ReplaceSession1>
    <ReplaceSession1_SubmitTest>Works</ReplaceSession1_SubmitTest>
    <ReplaceSession1_VersionCheck>Works</ReplaceSession1_VersionCheck>
    <ReplaceCorpus1>Works</ReplaceCorpus1>
    <ReplaceCorpus1_SubmitTest>Works</ReplaceCorpus1_SubmitTest>
    <ReplaceCorpus2>Works</ReplaceCorpus2>
    <ReplaceCorpus2_2>Works</ReplaceCorpus2_2>
    <ReplaceCorpus3>Works</ReplaceCorpus3>
    <ReplaceCorpus3_CreateWorkspace>Works</ReplaceCorpus3_CreateWorkspace>
    <ReplaceCorpus3_1>Works</ReplaceCorpus3_1>
    <ReplaceCorpus3_2>Works</ReplaceCorpus3_2>
    <ReplaceCorpus3_3>Works</ReplaceCorpus3_3>
    <ReplaceCorpus4>Works</ReplaceCorpus4>
    <ReplaceCorpus4_CreateWorkspace>Works</ReplaceCorpus4_CreateWorkspace>
    <ReplaceCorpus4_2>Works</ReplaceCorpus4_2>
    <ReplaceCorpus5>Works</ReplaceCorpus5>
    <ReplaceCorpus5_CreateWorkspace>Works</ReplaceCorpus5_CreateWorkspace>
    <ReplaceCorpus5_2>Works</ReplaceCorpus5_2>
    <ReplaceCorpus5_ExportTree>Works</ReplaceCorpus5_ExportTree>
    <ReplaceCorpus5_Export>Works</ReplaceCorpus5_Export>
    <ReplaceCorpus5_2>Works</ReplaceCorpus5_2>
    <ReplaceExternalNode>Works</ReplaceExternalNode>
    <ReplaceExternalNode_CreateCorpus>Works</ReplaceExternalNode_CreateCorpus>
    <ReplaceExternalNode_VersionCheck>Works</ReplaceExternalNode_VersionCheck>
    <ReplaceNodeMultipleParents>Works</ReplaceNodeMultipleParents>
    <ReplaceNodeMultipleParents_CreateNewWorkspace>Works</ReplaceNodeMultipleParents_CreateNewWorkspace>
    <ReplaceNodeMultipleParents_CreateNewCorpusNode>Works</ReplaceNodeMultipleParents_CreateNewCorpusNode>
    <ReplaceNodeMultipleParents_2>Works</ReplaceNodeMultipleParents_2>
    <ReplaceNodeMultipleParents_3>Works</ReplaceNodeMultipleParents_3>
    <ReplaceNodeMultipleParents_4>Works</ReplaceNodeMultipleParents_4>
    <ReplaceNodeMultipleParents_5>Works</ReplaceNodeMultipleParents_5>
  </ReplaceTreeTest>
</LamusBugCheck>
