<?xml version="1.0" encoding="UTF-8"?>
<LexusBugCheck xmlns:xsi="http://www.w3.org/2001/XMLSchema-instance" xsi:schemaLocation="https://idp.mpi.nl/testing https://idp.mpi.nl/testing/xsd_out.php?file=plans/lexus_11-04-2012.xml">
  <DateTime>2012-04-15</DateTime>
  <LexusVersion>3.0 r30223</LexusVersion>
  <OSVersion>windows 7 64b</OSVersion>
  <Tester>katwoj</Tester>
  <LoginTest>
    <LTDemoLogin>Works</LTDemoLogin>
    <FileTabLogOutIn>Works</FileTabLogOutIn>
    <LTTestLogin>Works</LTTestLogin>
  </LoginTest>
  <SwitchTabTest>
    <STSchemaAndViewEditor>Works</STSchemaAndViewEditor>
    <SToLexiconEditor>Works</SToLexiconEditor>
    <SToWorkspace>Works</SToWorkspace>
    <SToWorkspaceVicos>Works</SToWorkspaceVicos>
  </SwitchTabTest>
  <WorkspaceLexicaTabTest>
    <WLAddNewLexicon>Works</WLAddNewLexicon>
    <WLSaveNewLexicon>Works</WLSaveNewLexicon>
    <WLRemoveLexicon>Works</WLRemoveLexicon>
    <WLSelectLexicon>Works</WLSelectLexicon>
    <WLChangeNameExistingLexicon>Works</WLChangeNameExistingLexicon>
    <WLChangeDescriptionExistingLexicon>Works</WLChangeDescriptionExistingLexicon>
    <WLChangeNoteExistingLexicon>Works</WLChangeNoteExistingLexicon>
    <WLChangeAutosaveNOT>Works</WLChangeAutosaveNOT>
    <WLChangeAutosaveYES>Works</WLChangeAutosaveYES>
    <WLDeleteChanges>Works</WLDeleteChanges>
    <WLLoadLexusUsers1>Works</WLLoadLexusUsers1>
    <WLDragAndDropUsers1>Works</WLDragAndDropUsers1>
    <WLLogoutAndLoginAsWs1a>Works</WLLogoutAndLoginAsWs1a>
    <WLLogoutAndLoginAsWs1b>Works</WLLogoutAndLoginAsWs1b>
    <ReadOnlyNotEditableFields1>Works</ReadOnlyNotEditableFields1>
    <ReadOnlyNotEditableFields2>Works</ReadOnlyNotEditableFields2>
    <ReadOnlyNotEditableFields3>Works</ReadOnlyNotEditableFields3>
    <ReadOnlyNotEditableFields4>Works</ReadOnlyNotEditableFields4>
    <ReadOnlyNotEditableFields5>Works</ReadOnlyNotEditableFields5>
    <ReadOnlyNotEditableFields6>Works</ReadOnlyNotEditableFields6>
    <ReadOnlyNotEditableFields7>Works</ReadOnlyNotEditableFields7>
    <ReadOnlyNotEditableFields8>Works</ReadOnlyNotEditableFields8>
    <ReadOnlyNotEditableFields9>Works</ReadOnlyNotEditableFields9>
    <ReadOnlyNotEditableFields10>Works</ReadOnlyNotEditableFields10>
    <WriterRightsEditableFields1>Works</WriterRightsEditableFields1>
    <WriterRightsEditableFields2>Works</WriterRightsEditableFields2>
    <WriterRightsEditableFields3>Works</WriterRightsEditableFields3>
    <WriterRightsEditableFields4>Works</WriterRightsEditableFields4>
    <WriterRightsEditableFields5>Works</WriterRightsEditableFields5>
    <WriterRightsEditableFields6>Works</WriterRightsEditableFields6>
  </WorkspaceLexicaTabTest>
  <SortOrdersTabTest>
    <SOOpenSortOrdersTab>Works</SOOpenSortOrdersTab>
    <SOSelectSortOrder>Works</SOSelectSortOrder>
    <SOCreateNewSortOrder1>Works</SOCreateNewSortOrder1>
    <SOCreateNewSortOrder2>Works</SOCreateNewSortOrder2>
    <SOTT5>Works</SOTT5>
    <SOTT6>Works</SOTT6>
    <SOSelectNewSortOrder>Works</SOSelectNewSortOrder>
    <SORemoveInitialCharacters>Works</SORemoveInitialCharacters>
    <SOSaveAdjustedSortOrder>Works</SOSaveAdjustedSortOrder>
    <SOAddInitialCharacters1>Works</SOAddInitialCharacters1>
    <SOAddInitialCharacters2>Works</SOAddInitialCharacters2>
    <SORechangePositionCharacters>Works</SORechangePositionCharacters>
    <SORemoveAllCharactersByClickingTheButton>Works</SORemoveAllCharactersByClickingTheButton>
    <SODeteteSortOrder1>Works</SODeteteSortOrder1>
    <SOCreateNewSortOrderWithNonLatinCharacters>Works</SOCreateNewSortOrderWithNonLatinCharacters>
    <SOCreateInitialCharacters>Works</SOCreateInitialCharacters>
    <SOSaveAdjustedSortOrder>Works</SOSaveAdjustedSortOrder>
    <SODeteteSortOrder2>Works</SODeteteSortOrder2>
    <SaveTestAutoNO>Works</SaveTestAutoNO>
    <SaveTestAutoYES>Works</SaveTestAutoYES>
    <SaveTestFromFile>Works</SaveTestFromFile>
  </SortOrdersTabTest>
  <QueriesAndSearchingTabTestRightTab>
    <SQT1>Works</SQT1>
    <SQT2>Works</SQT2>
    <SQT3>Works</SQT3>
    <SQT4>Works</SQT4>
    <SQT5>Works</SQT5>
    <SQT6>Works</SQT6>
    <SQT7>Works</SQT7>
    <SQT8>Works</SQT8>
    <SQT9>Works</SQT9>
    <SQT10>Works</SQT10>
    <SQ11>Works</SQ11>
    <SQT12>Works</SQT12>
    <SQT13>Works</SQT13>
    <SQT14>Works</SQT14>
    <SQT15 error="#1741">Mostly</SQT15>
    <SQT16>Works</SQT16>
    <SQT17>Works</SQT17>
    <SQT18>Works</SQT18>
    <SQT19>Works</SQT19>
    <SQT20>Works</SQT20>
    <SQT21>Works</SQT21>
    <SQT22 error="#1740">Strange</SQT22>
    <QSAdHocSearchDropDownLexiconList>Works</QSAdHocSearchDropDownLexiconList>
    <QSAdHocSearchDropDownWhereList>Works</QSAdHocSearchDropDownWhereList>
    <QSAdHocSearchDropDownListBeginWith1A>Works</QSAdHocSearchDropDownListBeginWith1A>
    <QSAdHocSearchDropDownListBeginWith1B>Works</QSAdHocSearchDropDownListBeginWith1B>
    <QSAdHocSearchDropDownListBeginWith2A>Works</QSAdHocSearchDropDownListBeginWith2A>
    <QSAdHocSearchDropDownListBeginWith2B>Works</QSAdHocSearchDropDownListBeginWith2B>
    <QSAdHocSearchLexicalEntryDetails>Works</QSAdHocSearchLexicalEntryDetails>
    <QSAdHocSearchDeatailsTab>Works</QSAdHocSearchDeatailsTab>
    <QSAdHocSearchChangeDetails>Works</QSAdHocSearchChangeDetails>
    <QSAdHocSearchClosePop-up>Works</QSAdHocSearchClosePop-up>
    <QSAdHocSearchLexicalEntryReDo>Works</QSAdHocSearchLexicalEntryReDo>
    <QSAdHocSearchDropDownListEndsWith>Works</QSAdHocSearchDropDownListEndsWith>
    <QSAdHocSearchCheckPreviousModifiedValue>Works</QSAdHocSearchCheckPreviousModifiedValue>
    <QSAdHocSearchCheckPreviousModifiedValueReDo>Works</QSAdHocSearchCheckPreviousModifiedValueReDo>
  </QueriesAndSearchingTabTestRightTab>
  <UnicodeInputTest>
    <HTActivateUnicodeInput>Works</HTActivateUnicodeInput>
    <HTActivateUnicodeInput2>Works</HTActivateUnicodeInput2>
    <UCChangeDescription>Works</UCChangeDescription>
    <UCDescriptionSave>Works</UCDescriptionSave>
    <UCRedoNonLatinDesc>Works</UCRedoNonLatinDesc>
    <UCAddANewSortOrder>Works</UCAddANewSortOrder>
    <UCDeleteUnicodeSortOrder>Works</UCDeleteUnicodeSortOrder>
    <UCEnterLettersUniC>Works</UCEnterLettersUniC>
    <UCCreateANewQuery>Works</UCCreateANewQuery>
    <UCDeleteANewQuery>Works</UCDeleteANewQuery>
    <UCOpenATestLexica>Works</UCOpenATestLexica>
    <UCSelectLexicalEntry>Works</UCSelectLexicalEntry>
    <UCEnteringNonLatinCharacters1>Works</UCEnteringNonLatinCharacters1>
    <UCEnteringNonLatinCharacters2>Works</UCEnteringNonLatinCharacters2>
    <UCDeleteEnteringNonLatinCharacters>Works</UCDeleteEnteringNonLatinCharacters>
    <RerunTheTestWithoutUnicode>Works</RerunTheTestWithoutUnicode>
  </UnicodeInputTest>
  <SchemaAndViewEditorSchemaElementTest>
    <SVENewLexiconInTheWorkspace>Works</SVENewLexiconInTheWorkspace>
    <SVEAddDataComponent>Works</SVEAddDataComponent>
    <SVEAddDataCategory>Works</SVEAddDataCategory>
    <SVEMoreElements>Works</SVEMoreElements>
    <SVEChangingtoISOCat>Works</SVEChangingtoISOCat>
    <SVEChangingToISOCat1>Works</SVEChangingToISOCat1>
    <SVEChangingToISOCat2 error="#814">Mostly</SVEChangingToISOCat2>
    <SVEChangingToISOCat3>Works</SVEChangingToISOCat3>
    <SVEChangingToToolbox1>Works</SVEChangingToToolbox1>
    <SVEChangingToToolbox2>Works</SVEChangingToToolbox2>
    <SVEAssignSortOrder1>Works</SVEAssignSortOrder1>
    <SVEAutoSave>Works</SVEAutoSave>
    <SVEAutoSaveNo>Works</SVEAutoSaveNo>
    <SVENotesCheck>Works</SVENotesCheck>
  </SchemaAndViewEditorSchemaElementTest>
  <SchemaAndViewEditorViewEditorTest>
    <SVEOpenLexicon>Works</SVEOpenLexicon>
    <SVEOpenLexicon2>Works</SVEOpenLexicon2>
    <SVEAddANewView>Works</SVEAddANewView>
    <SVESaveLexeme>Works</SVESaveLexeme>
    <SVEFormattingViewD1>Works</SVEFormattingViewD1>
    <SVEFormattingViewD2>Works</SVEFormattingViewD2>
    <SVEFormattingViewD3>Works</SVEFormattingViewD3>
    <SVEFormattingViewD4>Works</SVEFormattingViewD4>
    <SVEFormattingViewD5>Works</SVEFormattingViewD5>
    <SVEFormattingViewD6>Works</SVEFormattingViewD6>
    <SVEFormattingViewDCheck>Works</SVEFormattingViewDCheck>
    <SVEFormattingViewAddNewEntries>Works</SVEFormattingViewAddNewEntries>
    <SVEFormattingViewSepBlock>Works</SVEFormattingViewSepBlock>
    <SVEFormattingViewDReDo>Works</SVEFormattingViewDReDo>
    <SVEFormattingViewClass1>Works</SVEFormattingViewClass1>
    <SVEFormattingViewClass2>Works</SVEFormattingViewClass2>
    <SVEFormattingViewClass3>Works</SVEFormattingViewClass3>
    <SVEFormattingViewClass4>Works</SVEFormattingViewClass4>
    <SVEFormattingViewClass5>Works</SVEFormattingViewClass5>
    <SVEFormattingViewTable1>Works</SVEFormattingViewTable1>
    <SVEFormattingViewTable2>Works</SVEFormattingViewTable2>
    <SVEFormattingViewTable3>Works</SVEFormattingViewTable3>
    <SVEFormattingViewTable4>Works</SVEFormattingViewTable4>
    <SVEFormattingViewTable5>Works</SVEFormattingViewTable5>
    <SVEFormattingViewTable6 error="I still have problems with generating tables properly #1469">Strange</SVEFormattingViewTable6>
    <SVEFormattingViewTable7>Works</SVEFormattingViewTable7>
    <SVEFormattingViewTable9>Works</SVEFormattingViewTable9>
    <SVEFormattingViewTable10 error="I still have problems with generating tables properly #1469">Strange</SVEFormattingViewTable10>
    <SVEFormattingViewTable11 error="I still have problems with generating tables properly #1469">Strange</SVEFormattingViewTable11>
  </SchemaAndViewEditorViewEditorTest>
  <LexiconEditorTest>
    <LEAddLexicalEntry></LEAddLexicalEntry>
    <LESaveModified1></LESaveModified1>
    <LENSaveModified></LENSaveModified>
    <LESaveModified2></LESaveModified2>
    <LEModifyPicture></LEModifyPicture>
    <LEUploadImage></LEUploadImage>
    <LESaveModified3></LESaveModified3>
    <LESaveModified4></LESaveModified4>
    <LEPictureEditBox></LEPictureEditBox>
    <LEPictureEditBox2></LEPictureEditBox2>
    <LEArchivePopUp></LEArchivePopUp>
    <LEResourceSave></LEResourceSave>
    <LEMagnifier></LEMagnifier>
    <LEWordListSorting1></LEWordListSorting1>
    <LEWordListSorting2></LEWordListSorting2>
    <LEChangePositioninSortOrder></LEChangePositioninSortOrder>
    <LETreeView></LETreeView>
    <LEAddFeatureSense></LEAddFeatureSense>
    <LEAddGloss></LEAddGloss>
    <LEAddValueGloss></LEAddValueGloss>
    <LEModifyNonLatin></LEModifyNonLatin>
    <LEChangeSortOrderCyrillic></LEChangeSortOrderCyrillic>
    <LECheckSortOrderAdjusted></LECheckSortOrderAdjusted>
    <LEChangingCyrillicLetterPosition></LEChangingCyrillicLetterPosition>
    <LESwitchLexicon></LESwitchLexicon>
    <LESelectingGrapheme1></LESelectingGrapheme1>
    <LEVideoImage></LEVideoImage>
    <LEVideoSound></LEVideoSound>
    <LELinkToArchive></LELinkToArchive>
    <LEOpenLinkToArchive></LEOpenLinkToArchive>
    <LELexiconWordCheck1></LELexiconWordCheck1>
    <LEFilterCheck></LEFilterCheck>
    <LEdOpenWordList></LEdOpenWordList>
    <LEdDeleteEntry></LEdDeleteEntry>
    <LEdDeleteEntryCheck></LEdDeleteEntryCheck>
    <LEdDeleteLexicon></LEdDeleteLexicon>
  </LexiconEditorTest>
  <FilterTest>
    <FTOpen></FTOpen>
    <FTCreate></FTCreate>
    <FTCreate1></FTCreate1>
    <FTCreateFilter1></FTCreateFilter1>
    <FTCreateFilter2></FTCreateFilter2>
    <FTLexicon1></FTLexicon1>
    <FTLexicon2></FTLexicon2>
    <FTLexicon></FTLexicon>
    <FTDelete></FTDelete>
  </FilterTest>
  <ToolboxConvertTest>
    <TCSelectingFiles></TCSelectingFiles>
    <TCUploading1></TCUploading1>
    <TCUploading2></TCUploading2>
    <TCUploading3></TCUploading3>
    <TCUploadingCheck></TCUploadingCheck>
    <TCFileErrorTest></TCFileErrorTest>
  </ToolboxConvertTest>
  <ImportXMLLexusTest>
    <IExistingLexica></IExistingLexica>
    <IExistingLexicaBrowseXML1></IExistingLexicaBrowseXML1>
    <IExistingLexicaBrowseXML2></IExistingLexicaBrowseXML2>
    <IExistingLexicaLexiconInTheList></IExistingLexicaLexiconInTheList>
    <ExistingLexicaLexiconContentCheck></ExistingLexicaLexiconContentCheck>
    <IExistingLexicaDelete></IExistingLexicaDelete>
  </ImportXMLLexusTest>
  <ExportTabTest>
    <ExpToPDF1></ExpToPDF1>
    <ExpToPDF2></ExpToPDF2>
    <ExpToPDF3></ExpToPDF3>
    <ExpToXML1></ExpToXML1>
    <ExpToXML2></ExpToXML2>
    <ExpToXML3></ExpToXML3>
    <ExpToXMLVerify></ExpToXMLVerify>
  </ExportTabTest>
  <HelpTabTest>
    <HTLexusWebsite></HTLexusWebsite>
  </HelpTabTest>
</LexusBugCheck>
