<?xml version="1.0" encoding="UTF-8"?>
<LexusBugCheck xmlns:xsi="http://www.w3.org/2001/XMLSchema-instance" xsi:schemaLocation="https://idp.mpi.nl/testing https://idp.mpi.nl/testing/xsd_out.php?file=plans/lexus_2011-12-15.xml">
  <DateTime>2012-02-06</DateTime>
  <LexusVersion>3.0 revision 28929</LexusVersion>
  <OSVersion>Windows 7 64bit</OSVersion>
  <Tester>katwoj</Tester>
  <LoginTest>
    <LTDemoLogin>Works</LTDemoLogin>
    <LTTestLogin>Works</LTTestLogin>
  </LoginTest>
  <FileTabTest>
    <FTSafe>Works</FTSafe>
    <FTLogOut>Works</FTLogOut>
  </FileTabTest>
  <SwitchTabTest>
    <STSchemaAndViewEditor>Works</STSchemaAndViewEditor>
    <SToLexiconEditor>Works</SToLexiconEditor>
    <SToWorkspace>Works</SToWorkspace>
    <SToWorkspaceVicos>Works</SToWorkspaceVicos>
  </SwitchTabTest>
  <WorkspaceLexicaTabTest>
    <WLAddNewLexicon>Works</WLAddNewLexicon>
    <WLSaveNewLexicon>Works</WLSaveNewLexicon>
    <WLRemoveLexicon>Works</WLRemoveLexicon>
    <WLSelectLexicon>Works</WLSelectLexicon>
    <WLChangeNameExistingLexicon>Works</WLChangeNameExistingLexicon>
    <WLChangeDescriptionExistingLexicon>Works</WLChangeDescriptionExistingLexicon>
    <WLChangeNoteExistingLexicon>Works</WLChangeNoteExistingLexicon>
    <WLSaveChangeExistingLexicon>Works</WLSaveChangeExistingLexicon>
    <WLDeleteChanges>Works</WLDeleteChanges>
    <WLLoadLexusUsers1>Works</WLLoadLexusUsers1>
    <WLDragAndDropUsers1>Works</WLDragAndDropUsers1>
    <WLLogoutAndLoginAsWs1a>Works</WLLogoutAndLoginAsWs1a>
    <WLRemoveWs1AsDemoUser>Works</WLRemoveWs1AsDemoUser>
    <WLLogoutAndLoginAsWs1b>Works</WLLogoutAndLoginAsWs1b>
    <WLLoadLexusUsers2>Works</WLLoadLexusUsers2>
    <WLDragAndDropUsers2>Works</WLDragAndDropUsers2>
    <WLLogoutAndLoginAsWs2a>Works</WLLogoutAndLoginAsWs2a>
    <WLRemoveUserWs2>Works</WLRemoveUserWs2>
    <WLLogoutAndLoginAsWs2b>Works</WLLogoutAndLoginAsWs2b>
    <WLLLogInDemo>Works</WLLLogInDemo>
  </WorkspaceLexicaTabTest>
  <SortOrdersTabTest>
    <SOOpenSortOrdersTab>Works</SOOpenSortOrdersTab>
    <SOSelectSortOrder>Works</SOSelectSortOrder>
    <SOCreateNewSortOrder1>Works</SOCreateNewSortOrder1>
    <SOCreateNewSortOrder2>Works</SOCreateNewSortOrder2>
    <SOSelectNewSortOrder>Works</SOSelectNewSortOrder>
    <SORemoveInitialCharacters>Works</SORemoveInitialCharacters>
    <SOSaveAdjustedSortOrder>Works</SOSaveAdjustedSortOrder>
    <SOAddInitialCharacters1>Works</SOAddInitialCharacters1>
    <SOAddInitialCharacters2>Works</SOAddInitialCharacters2>
    <SOAddInitialCharacters3>Works</SOAddInitialCharacters3>
    <SORechangePositionCharacters>Works</SORechangePositionCharacters>
    <SODeteteSortOrder1>Works</SODeteteSortOrder1>
    <SOCreateNewSortOrderWithNonLatinCharacters>Works</SOCreateNewSortOrderWithNonLatinCharacters>
    <SOCreateInitialCharacters>Works</SOCreateInitialCharacters>
    <SOSaveAdjustedSortOrder>Works</SOSaveAdjustedSortOrder>
    <SODeteteSortOrder2>Works</SODeteteSortOrder2>
  </SortOrdersTabTest>
  <QueriesAndSearchingTabTestRightTab>
    <QSAdHocSearchDropDownLexiconList>Works</QSAdHocSearchDropDownLexiconList>
    <QSAdHocSearchDropDownWhereList>Works</QSAdHocSearchDropDownWhereList>
    <QSAdHocSearchDropDownListBeginWith1>Works</QSAdHocSearchDropDownListBeginWith1>
    <QSAdHocSearchDropDownListBeginWith2>Works</QSAdHocSearchDropDownListBeginWith2>
    <QSAdHocSearchLexicalEntryDetails>Works</QSAdHocSearchLexicalEntryDetails>
    <QSAdHocSearchDeatailsTab>Works</QSAdHocSearchDeatailsTab>
    <QSAdHocSearchChangeDetails error="#1478">Mostly</QSAdHocSearchChangeDetails>
    <QSAdHocSearchClosePop-up>Works</QSAdHocSearchClosePop-up>
    <QSAdHocSearchLexicalEntryReDo>Works</QSAdHocSearchLexicalEntryReDo>
    <QSAdHocSearchDropDownListEndsWith>Works</QSAdHocSearchDropDownListEndsWith>
    <QSAdHocSearchCheckPreviousModifiedValue>Works</QSAdHocSearchCheckPreviousModifiedValue>
    <QSAdHocSearchCheckPreviousModifiedValueReDo>Works</QSAdHocSearchCheckPreviousModifiedValueReDo>
  </QueriesAndSearchingTabTestRightTab>
  <UnicodeInputTest>
    <UCChangeDescription>Works</UCChangeDescription>
    <UCDescriptionSave>Works</UCDescriptionSave>
    <UCRedoNonLatinDesc>Works</UCRedoNonLatinDesc>
    <UCAddANewSortOrder>Works</UCAddANewSortOrder>
    <UCDeleteUnicodeSortOrder>Works</UCDeleteUnicodeSortOrder>
    <UCCreateANewQuery>Works</UCCreateANewQuery>
    <UCDeleteANewQuery>Works</UCDeleteANewQuery>
    <UCOpenATestLexica>Works</UCOpenATestLexica>
    <UCSelectLexicalEntry>Works</UCSelectLexicalEntry>
    <UCEnteringNonLatinCharacters1>Works</UCEnteringNonLatinCharacters1>
    <UCEnteringNonLatinCharacters2>Works</UCEnteringNonLatinCharacters2>
    <UCDeleteEnteringNonLatinCharacters>Works</UCDeleteEnteringNonLatinCharacters>
  </UnicodeInputTest>
  <ReadOnlyTest>
    <ROLoginAsUserWs1>Works</ROLoginAsUserWs1>
    <RONotEditableFields1>Works</RONotEditableFields1>
    <RONotEditableFields2>Works</RONotEditableFields2>
    <RONotEditableFields3>Works</RONotEditableFields3>
    <ROSchemaElementsNotEditable1>Works</ROSchemaElementsNotEditable1>
    <ROSchemaElementsNotEditable2>Works</ROSchemaElementsNotEditable2>
    <ROLexiconEditorEntryFields>Works</ROLexiconEditorEntryFields>
    <ROLexiconEditorFiltersTab error="#1479">Fails</ROLexiconEditorFiltersTab>
  </ReadOnlyTest>
  <SchemaAndViewEditorSchemaElementTest>
    <SVENewLexiconInTheWorkspace>Works</SVENewLexiconInTheWorkspace>
    <SVEAddDataComponent>Works</SVEAddDataComponent>
    <SVEAddDataCategory>Works</SVEAddDataCategory>
    <SVEMoreElements>Works</SVEMoreElements>
    <SVEChangingtoISOCat>Works</SVEChangingtoISOCat>
    <SVEChangingToISOCat1>Works</SVEChangingToISOCat1>
    <SVEChangingToISOCat2>Works</SVEChangingToISOCat2>
    <SVEChangingToISOCat3>Works</SVEChangingToISOCat3>
    <SVEChangingToToolbox1>Works</SVEChangingToToolbox1>
    <SVEChangingToToolbox2>Works</SVEChangingToToolbox2>
    <SVEAssignSortOrder1>Works</SVEAssignSortOrder1>
    <SVEAutoSave>Works</SVEAutoSave>
    <SVEAutoSaveNo>Works</SVEAutoSaveNo>
    <SVEAssignSortOrder2>Works</SVEAssignSortOrder2>
  </SchemaAndViewEditorSchemaElementTest>
  <SchemaAndViewEditorViewEditorTest>
    <SVEOpenLexicon>Works</SVEOpenLexicon>
    <SVEOpenLexicon2>Works</SVEOpenLexicon2>
    <SVEAddANewView>Works</SVEAddANewView>
    <SVESaveLexeme error="#878">Strange</SVESaveLexeme>
    <SVEFormattingViewD1>Works</SVEFormattingViewD1>
    <SVEFormattingViewD2>Works</SVEFormattingViewD2>
    <SVEFormattingViewD3>Works</SVEFormattingViewD3>
    <SVEFormattingViewD4>Works</SVEFormattingViewD4>
    <SVEFormattingViewD5>Works</SVEFormattingViewD5>
    <SVEFormattingViewD6>Works</SVEFormattingViewD6>
    <SVEFormattingViewDCheck>Works</SVEFormattingViewDCheck>
    <SVEFormattingViewSepBl>Works</SVEFormattingViewSepBl>
    <SVEFormattingViewAddNewEntries>Works</SVEFormattingViewAddNewEntries>
    <SVEFormattingViewDReDo>Works</SVEFormattingViewDReDo>
    <SVEFormattingViewClass1>Works</SVEFormattingViewClass1>
    <SVEFormattingViewClass2>Works</SVEFormattingViewClass2>
    <SVEFormattingViewClass3 error="#1472">Fails</SVEFormattingViewClass3>
    <SVEFormattingViewClass4>Works</SVEFormattingViewClass4>
    <SVEFormattingViewClass5>Works</SVEFormattingViewClass5>
    <SVEFormattingViewTable1>Works</SVEFormattingViewTable1>
    <SVEFormattingViewTable2>Works</SVEFormattingViewTable2>
    <SVEFormattingViewTable3>Works</SVEFormattingViewTable3>
    <SVEFormattingViewTable4>Works</SVEFormattingViewTable4>
    <SVEFormattingViewTable5>Works</SVEFormattingViewTable5>
    <SVEFormattingViewTable6>Works</SVEFormattingViewTable6>
    <SVEFormattingViewTable7>Works</SVEFormattingViewTable7>
    <SVEFormattingViewTable9>Works</SVEFormattingViewTable9>
    <SVEFormattingViewTable10>Works</SVEFormattingViewTable10>
    <SVEFormattingViewTable11>Strange</SVEFormattingViewTable11>
  </SchemaAndViewEditorViewEditorTest>
  <LexiconEditorTest>
    <LEAddLexicalEntry>Works</LEAddLexicalEntry>
    <LESaveModified1>Works</LESaveModified1>
    <LENSaveModified>Works</LENSaveModified>
    <LESaveModified2>Works</LESaveModified2>
    <LEModifyPicture>Works</LEModifyPicture>
    <LEUploadImage>Works</LEUploadImage>
    <LESaveModified3>Works</LESaveModified3>
    <LESaveModified4 error="The image icon is there for the right pane but not in the list.">Mostly</LESaveModified4>
    <LEPictureEditBox>Works</LEPictureEditBox>
    <LEArchivePopUp>Works</LEArchivePopUp>
    <LEInstertMPINode>Works</LEInstertMPINode>
    <LEResourceSave error="#1487; it works for MPI600399# but not for MPI600401#">Strange</LEResourceSave>
    <LEMagnifier error="not testable because of the aforementioned LEResourseSave test ">Fails</LEMagnifier>
    <LEWordListSorting1 error="It is not possible to resort the sort order according to last modification / data entry once a alphabethical sort order has been defined.">Strange</LEWordListSorting1>
    <LEWordListSorting2>Works</LEWordListSorting2>
    <LEChangePositioninSortOrder>Works</LEChangePositioninSortOrder>
    <LETreeView>Works</LETreeView>
    <LEAddFeatureSense>Works</LEAddFeatureSense>
    <LEAddGloss>Works</LEAddGloss>
    <LEAddValueGloss>Works</LEAddValueGloss>
    <LEModifyNonLatin>Works</LEModifyNonLatin>
    <LEChangeSortOrderCyrillic>Works</LEChangeSortOrderCyrillic>
    <LECheckSortOrderAdjusted>Works</LECheckSortOrderAdjusted>
    <LEChangingCyrillicLetterPosition>Works</LEChangingCyrillicLetterPosition>
    <LESwitchLexicon>Works</LESwitchLexicon>
    <LESelectingGrapheme1>Works</LESelectingGrapheme1>
    <LEVideoImage error="#1487">Mostly</LEVideoImage>
    <LEVideoSound>Works</LEVideoSound>
    <LELinkToArchive error="not testable. Links are missing; it will have to be redone">Fails</LELinkToArchive>
    <LEOpenLinkToArchive error="not testable. Links are missing; it will have to be redone">Fails</LEOpenLinkToArchive>
    <LELexiconWordCheck1>Works</LELexiconWordCheck1>
    <LEFilterCheck error="#1474">Strange</LEFilterCheck>
    <LEResultsFilterCheck error="not testable because of #1474">Fails</LEResultsFilterCheck>
    <LEResultsFilterDelete>Works</LEResultsFilterDelete>
    <LELexiconWordCheck2>Works</LELexiconWordCheck2>
    <LEdOpenWordList>Works</LEdOpenWordList>
    <LEdDeleteEntry>Works</LEdDeleteEntry>
    <LEdDeleteEntryCheck>Works</LEdDeleteEntryCheck>
    <LEdDeleteLexicon>Works</LEdDeleteLexicon>
  </LexiconEditorTest>
  <FilterTest>
    <FTOpen error="#1488">Mostly</FTOpen>
    <FTCreate error="#1493">Mostly</FTCreate>
    <FTCreate1 error="#1492">Fails</FTCreate1>
    <FTCreateFilter1>Works</FTCreateFilter1>
    <FTCreateFilter2>Works</FTCreateFilter2>
    <FTLexicon1>Works</FTLexicon1>
    <FTLexicon2>Works</FTLexicon2>
    <FTLexicon error="#1489">Fails</FTLexicon>
    <FTDelete error="#1491">Mostly</FTDelete>
  </FilterTest>
  <ToolboxConvertTest>
    <TCSelectingFiles>Works</TCSelectingFiles>
    <TCUploading1>Works</TCUploading1>
    <TCUploading2>Works</TCUploading2>
    <TCUploading3>Works</TCUploading3>
    <TCFileErrorTest>Works</TCFileErrorTest>
  </ToolboxConvertTest>
  <ImportXMLLexusTest>
    <IExistingLexica>Works</IExistingLexica>
    <IExistingLexicaBrowseXML1>Works</IExistingLexicaBrowseXML1>
    <IExistingLexicaBrowseXML2>Works</IExistingLexicaBrowseXML2>
    <IExistingLexicaBrowseXML3>Works</IExistingLexicaBrowseXML3>
    <IExistingLexicaLexiconInTheList>Works</IExistingLexicaLexiconInTheList>
    <IExistingLexicaDelete>Works</IExistingLexicaDelete>
  </ImportXMLLexusTest>
  <ExportTabTest>
    <ExpToPDF1>Works</ExpToPDF1>
    <ExpToPDF2>Works</ExpToPDF2>
    <ExpToPDF3>Works</ExpToPDF3>
    <ExpToXML1>Works</ExpToXML1>
    <ExpToXML2>Works</ExpToXML2>
    <ExpToXML3>Works</ExpToXML3>
  </ExportTabTest>
  <HelpTabTest>
    <HTLexusWebsite>Works</HTLexusWebsite>
    <HTActivateUnicodeInput>Works</HTActivateUnicodeInput>
  </HelpTabTest>
</LexusBugCheck>
