<?xml version="1.0" encoding="UTF-8"?>
<LexusBugCheck xmlns:xsi="http://www.w3.org/2001/XMLSchema-instance" xsi:schemaLocation="https://lux15.mpi.nl/testing https://lux15.mpi.nl/testing/xsd_out.php?file=plans/lexus_28_06_2012.xml">
  <DateTime>2013-11-05</DateTime>
  <LexusVersion></LexusVersion>
  <OSVersion></OSVersion>
  <Tester>sauciv</Tester>
  <TestPlanRevision>38905</TestPlanRevision>
  <LoginTest>
    <LTDemoLogin></LTDemoLogin>
    <LTDemoLogout></LTDemoLogout>
    <LTDemoLogoutBack></LTDemoLogoutBack>
    <LTLoginFail></LTLoginFail>
  </LoginTest>
  <SwitchTabTest>
    <STTSchemaAndViewEditor></STTSchemaAndViewEditor>
    <STTLexiconEditor></STTLexiconEditor>
    <STTWorkspace></STTWorkspace>
    <STTVicos></STTVicos>
  </SwitchTabTest>
  <WorkspaceLexicaTabTest>
    <WLTTAddNewLexicon></WLTTAddNewLexicon>
    <WLTTSaveNewLexicon></WLTTSaveNewLexicon>
    <WLTTRemoveLexicon></WLTTRemoveLexicon>
    <WLTTSelectLexicon></WLTTSelectLexicon>
    <WLTTChangeNameLexicon1></WLTTChangeNameLexicon1>
    <WLTTChangeNameLexicon2></WLTTChangeNameLexicon2>
    <WLTTChangeNameLexicon3></WLTTChangeNameLexicon3>
    <WLTTChangeNameLexicon4></WLTTChangeNameLexicon4>
    <WLChangeDescriptionExistingLexicon></WLChangeDescriptionExistingLexicon>
    <WLChangeOwnerModificationField></WLChangeOwnerModificationField>
    <WLChangeNoteExistingLexicon></WLChangeNoteExistingLexicon>
    <WLChangeAutosaveNOT></WLChangeAutosaveNOT>
    <WLDeleteChanges></WLDeleteChanges>
    <WLLoadLexusUsers1></WLLoadLexusUsers1>
    <WLDragAndDropUsers1></WLDragAndDropUsers1>
    <WLLogoutAndLoginAsWs1a></WLLogoutAndLoginAsWs1a>
    <ReadOnlyNotEditableFields1></ReadOnlyNotEditableFields1>
    <ReadOnlyNotEditableFields2></ReadOnlyNotEditableFields2>
    <ReadOnlyNotEditableFields3></ReadOnlyNotEditableFields3>
    <ReadOnlyNotEditableFields4></ReadOnlyNotEditableFields4>
    <ReadOnlyNotEditableFields5></ReadOnlyNotEditableFields5>
    <ReadOnlyNotEditableFields6></ReadOnlyNotEditableFields6>
    <ReadOnlyNotEditableFields7></ReadOnlyNotEditableFields7>
    <ReadOnlyNotEditableFields8></ReadOnlyNotEditableFields8>
    <ReadOnlyNotEditableFields9></ReadOnlyNotEditableFields9>
    <ReadOnlyNotEditableFields10></ReadOnlyNotEditableFields10>
    <WriterRightsEditableFields1></WriterRightsEditableFields1>
    <WriterRightsEditableFields2></WriterRightsEditableFields2>
    <WriterRightsEditableFields3></WriterRightsEditableFields3>
    <WriterRightsEditableFields4></WriterRightsEditableFields4>
    <WriterRightsEditableFields5></WriterRightsEditableFields5>
    <WriterRightsEditableFields6></WriterRightsEditableFields6>
    <WriterRightsEditableFields7></WriterRightsEditableFields7>
  </WorkspaceLexicaTabTest>
  <SortOrdersTabTest>
    <SOOpen></SOOpen>
    <SOSelect></SOSelect>
    <SOScroll></SOScroll>
    <SOCreateNew1></SOCreateNew1>
    <SOCreateNew2></SOCreateNew2>
    <SOCreateNew3></SOCreateNew3>
    <SOCreateNew4></SOCreateNew4>
    <SOHelp1></SOHelp1>
    <SOHelp2></SOHelp2>
    <SORemoveCharacters1></SORemoveCharacters1>
    <SORemoveCharacters2></SORemoveCharacters2>
    <SOAddCharacters1></SOAddCharacters1>
    <SOAddCharacters2></SOAddCharacters2>
    <SOAddCharacters3></SOAddCharacters3>
    <SOAddCharacters4></SOAddCharacters4>
    <SORechangePositionCharacters></SORechangePositionCharacters>
    <SORemoveAllCharacters1></SORemoveAllCharacters1>
    <SORemoveAllCharacters2></SORemoveAllCharacters2>
    <SODeteteSortOrder1></SODeteteSortOrder1>
    <SOCreateNewSortOrderWithNonLatinCharacters></SOCreateNewSortOrderWithNonLatinCharacters>
    <SOCreateInitialCharacters></SOCreateInitialCharacters>
    <SOSaveAdjustedSortOrder></SOSaveAdjustedSortOrder>
    <SODeteteSortOrder2></SODeteteSortOrder2>
    <SaveTestAutoNO></SaveTestAutoNO>
    <SaveTestAutoYES></SaveTestAutoYES>
    <SaveTestFromFile></SaveTestFromFile>
    <SortOrdersRemoving></SortOrdersRemoving>
  </SortOrdersTabTest>
  <QueriesAndSearchingTabTestRightTab>
    <SQT1></SQT1>
    <SQT2></SQT2>
    <SQT3></SQT3>
    <SQT4></SQT4>
    <SQT6></SQT6>
    <SQT7></SQT7>
    <SQT8></SQT8>
    <SQT9></SQT9>
    <SQT10></SQT10>
    <SQT11></SQT11>
    <SQT12></SQT12>
    <SQT13></SQT13>
    <SQT14></SQT14>
    <SQT15></SQT15>
    <SQT16></SQT16>
    <SQT17></SQT17>
    <SQT18></SQT18>
    <SQT19></SQT19>
    <SQT20></SQT20>
    <SQT21></SQT21>
    <SQT22></SQT22>
    <SQT23></SQT23>
    <SQT24></SQT24>
    <QSAdHocSearchDropDownWhereList></QSAdHocSearchDropDownWhereList>
    <QSAdHocSearchDropDownListIsEmpty></QSAdHocSearchDropDownListIsEmpty>
    <QSAdHocSearchDropDownListIsNOTEmpty></QSAdHocSearchDropDownListIsNOTEmpty>
    <QSAdHocSearchDropDownListContainEmpty></QSAdHocSearchDropDownListContainEmpty>
    <QSAdHocSearchDropDownListContainNOTEmpty></QSAdHocSearchDropDownListContainNOTEmpty>
    <QSAdHocSearchDropDownListOtherConditionsEmpty></QSAdHocSearchDropDownListOtherConditionsEmpty>
    <QSAdHocSearchDropDownListBeginWith1A></QSAdHocSearchDropDownListBeginWith1A>
    <QSAdHocSearchDropDownListBeginWith1B></QSAdHocSearchDropDownListBeginWith1B>
    <QSAdHocSearchDropDownListBeginWith2A></QSAdHocSearchDropDownListBeginWith2A>
    <QSAdHocSearchDropDownListBeginWith2B></QSAdHocSearchDropDownListBeginWith2B>
    <QSAdHocSearchLexicalEntryDetails></QSAdHocSearchLexicalEntryDetails>
    <QSAdHocSearchDeatailsTab></QSAdHocSearchDeatailsTab>
    <QSAdHocSearchChangeDetails></QSAdHocSearchChangeDetails>
    <QSAdHocSearchClosePop-up></QSAdHocSearchClosePop-up>
    <QSAdHocSearchLexicalEntryReDo></QSAdHocSearchLexicalEntryReDo>
    <QSAdHocSearchDropDownListEndsWith></QSAdHocSearchDropDownListEndsWith>
    <QSAdHocSearchCheckPreviousModifiedValue></QSAdHocSearchCheckPreviousModifiedValue>
    <QSAdHocSearchCheckPreviousModifiedValueReDo></QSAdHocSearchCheckPreviousModifiedValueReDo>
  </QueriesAndSearchingTabTestRightTab>
  <UnicodeInputTest>
    <HTActivateUnicodeInput></HTActivateUnicodeInput>
    <HTActivateUnicodeInput2></HTActivateUnicodeInput2>
    <UCChangeDescription></UCChangeDescription>
    <UCDescriptionSave></UCDescriptionSave>
    <UCRedoNonLatinDesc></UCRedoNonLatinDesc>
    <UCAddANewSortOrder></UCAddANewSortOrder>
    <UCDeleteUnicodeSortOrder></UCDeleteUnicodeSortOrder>
    <UCEnterLettersUniC></UCEnterLettersUniC>
    <UCCreateANewQuery></UCCreateANewQuery>
    <UCDeleteANewQuery></UCDeleteANewQuery>
    <UCSelectLexicalEntry></UCSelectLexicalEntry>
    <UCEnteringNonLatinCharacters1></UCEnteringNonLatinCharacters1>
    <UCEnteringNonLatinCharacters2></UCEnteringNonLatinCharacters2>
    <UCDeleteEnteringNonLatinCharacters></UCDeleteEnteringNonLatinCharacters>
    <RerunTheTestWithoutUnicode></RerunTheTestWithoutUnicode>
  </UnicodeInputTest>
  <SchemaAndViewEditorSchemaElementTest>
    <SVENewLexiconInTheWorkspace></SVENewLexiconInTheWorkspace>
    <SVEAddDataComponent></SVEAddDataComponent>
    <SVEAddDataCategory></SVEAddDataCategory>
    <SVEMoreElements></SVEMoreElements>
    <SVEMoveElements></SVEMoveElements>
    <SVEChangingtoISOCat></SVEChangingtoISOCat>
    <SVEChangingToISOCat1></SVEChangingToISOCat1>
    <SVEChangingToISOCat2></SVEChangingToISOCat2>
    <SVEChangingToISOCat3></SVEChangingToISOCat3>
    <SVEChangingToToolbox1></SVEChangingToToolbox1>
    <SVEChangingToToolbox2></SVEChangingToToolbox2>
    <SVERemoveDC></SVERemoveDC>
    <SVEAssignSortOrder1></SVEAssignSortOrder1>
    <SVEAutoSave></SVEAutoSave>
    <SVEAutoSaveNo></SVEAutoSaveNo>
    <SVENotesCheck></SVENotesCheck>
  </SchemaAndViewEditorSchemaElementTest>
  <SchemaAndViewEditorViewEditorTest>
    <SVEOpenLexiconInViewEditor></SVEOpenLexiconInViewEditor>
    <SVEAddANewView></SVEAddANewView>
    <SVESaveLexeme></SVESaveLexeme>
    <SVEFormattingViewD1></SVEFormattingViewD1>
    <SVEFormattingViewD2></SVEFormattingViewD2>
    <SVEFormattingViewD3></SVEFormattingViewD3>
    <SVEFormattingViewD4></SVEFormattingViewD4>
    <SVEFormattingViewD5></SVEFormattingViewD5>
    <SVEFormattingViewD6></SVEFormattingViewD6>
    <SVEFormattingViewDCheck></SVEFormattingViewDCheck>
    <SVEFormattingViewAddNewEntries></SVEFormattingViewAddNewEntries>
    <SVEFormattingViewSepBlock></SVEFormattingViewSepBlock>
    <SVEFormattingViewDReDo></SVEFormattingViewDReDo>
    <SVEFormattingViewClass1></SVEFormattingViewClass1>
    <SVEFormattingViewClass2></SVEFormattingViewClass2>
    <SVEFormattingViewClass3></SVEFormattingViewClass3>
    <SVEFormattingViewClass4></SVEFormattingViewClass4>
    <SVEFormattingViewClass5></SVEFormattingViewClass5>
    <SVEFormattingCopy></SVEFormattingCopy>
    <SVEFormattingViewTable1></SVEFormattingViewTable1>
    <SVEFormattingViewTable2></SVEFormattingViewTable2>
    <SVEFormattingViewTable3></SVEFormattingViewTable3>
    <SVEFormattingViewTable4></SVEFormattingViewTable4>
    <SVEFormattingViewTable5></SVEFormattingViewTable5>
    <SVEFormattingViewTable5b></SVEFormattingViewTable5b>
    <SVEFormattingViewTable6></SVEFormattingViewTable6>
    <SVEFormattingViewTable7></SVEFormattingViewTable7>
    <SVEFormattingViewTable9></SVEFormattingViewTable9>
    <SVEFormattingViewTable10></SVEFormattingViewTable10>
    <SVEFormattingViewTable11></SVEFormattingViewTable11>
  </SchemaAndViewEditorViewEditorTest>
  <LexiconEditorTest>
    <LEAddLexicalEntry></LEAddLexicalEntry>
    <LESaveModified1></LESaveModified1>
    <LENSaveModified></LENSaveModified>
    <LESaveModified2></LESaveModified2>
    <LEModifyPicture></LEModifyPicture>
    <LEUploadImage></LEUploadImage>
    <LET2></LET2>
    <LEPictureEditBox></LEPictureEditBox>
    <LEPictureEditBox2></LEPictureEditBox2>
    <LEArchivePopUpAnnex></LEArchivePopUpAnnex>
    <LEArchivePopUpAnnex1></LEArchivePopUpAnnex1>
    <LEArchivePopUpAnnex3></LEArchivePopUpAnnex3>
    <LEArchivePopUpAnnex4></LEArchivePopUpAnnex4>
    <LEPropertiesTab></LEPropertiesTab>
    <LENotesTab1></LENotesTab1>
    <LENotesTab2></LENotesTab2>
    <LEArchivePopUp1></LEArchivePopUp1>
    <LEImportField></LEImportField>
    <LEWordListSorting1></LEWordListSorting1>
    <LEWordListSorting2></LEWordListSorting2>
    <LEChangePositioninSortOrder></LEChangePositioninSortOrder>
    <LETreeView></LETreeView>
    <LEPropertiesTab1></LEPropertiesTab1>
    <LENotesTab3></LENotesTab3>
    <LENotesTab4></LENotesTab4>
    <LENotesTab5></LENotesTab5>
    <LENotesTab6></LENotesTab6>
    <LEAddFeatureSense></LEAddFeatureSense>
    <LEAddGloss></LEAddGloss>
    <LEAddValueGloss></LEAddValueGloss>
    <LECopyMoveStructureView></LECopyMoveStructureView>
    <LEModifyNonLatin></LEModifyNonLatin>
    <LEChangeSortOrderCyrillic></LEChangeSortOrderCyrillic>
    <LECheckSortOrderAdjusted></LECheckSortOrderAdjusted>
    <LEChangingCyrillicLetterPosition></LEChangingCyrillicLetterPosition>
    <LESelectingGrapheme></LESelectingGrapheme>
    <LEVideoImage></LEVideoImage>
    <LEVideoSound></LEVideoSound>
    <LELinkToArchive></LELinkToArchive>
    <LEOpenLinkToArchive></LEOpenLinkToArchive>
    <LELexiconWordCheck1></LELexiconWordCheck1>
    <LEFilterCheck></LEFilterCheck>
    <LEdDeleteEntry></LEdDeleteEntry>
    <LEdDeleteAllEntries></LEdDeleteAllEntries>
    <LEdDeleteLexicon></LEdDeleteLexicon>
  </LexiconEditorTest>
  <FilterTest>
    <FTOpen></FTOpen>
    <FTCreate></FTCreate>
    <FTCreate1></FTCreate1>
    <FTCreateAndRun></FTCreateAndRun>
    <FTCreateFilter1></FTCreateFilter1>
    <FTCreateFilter1A></FTCreateFilter1A>
    <FTCreateFilter2></FTCreateFilter2>
    <FTCreateFilter2A></FTCreateFilter2A>
    <FTLRunTheFilter></FTLRunTheFilter>
    <FTLRunTheFilter1></FTLRunTheFilter1>
    <FTLexicon></FTLexicon>
    <FTL4></FTL4>
    <FTLRunTheFilter4></FTLRunTheFilter4>
    <FTReRunTheFiltersForYeli></FTReRunTheFiltersForYeli>
    <FTDelete></FTDelete>
  </FilterTest>
  <ImportXMLLexusTest>
    <ExistingLexica></ExistingLexica>
    <ExistingLexicaXML></ExistingLexicaXML>
    <IEXThePopUP></IEXThePopUP>
    <IExistingLexicaBrowseXML1></IExistingLexicaBrowseXML1>
    <IExistingLexicaBrowseXML2></IExistingLexicaBrowseXML2>
    <IExistingLexicaBrowseXML3></IExistingLexicaBrowseXML3>
    <IExistingLexicaLexiconWMLInTheList></IExistingLexicaLexiconWMLInTheList>
    <ExistingLexicaLexiconContentCheck></ExistingLexicaLexiconContentCheck>
    <IExistingLexicaDelete></IExistingLexicaDelete>
    <ExistingLexicaRelish-LL-LFM-toLexus></ExistingLexicaRelish-LL-LFM-toLexus>
    <ExistingLexicaRelish-LL-LFM-toLexus2></ExistingLexicaRelish-LL-LFM-toLexus2>
    <ExistingLexicaRelish-LL-LFM-toLexus3></ExistingLexicaRelish-LL-LFM-toLexus3>
    <ExistingLexicaRelish-LL-LFM-toLexus4></ExistingLexicaRelish-LL-LFM-toLexus4>
    <ExistingLexicaRelish-LL-LFM-toLexusInTheList></ExistingLexicaRelish-LL-LFM-toLexusInTheList>
    <ExistingLexicaRelish-LL-LFM-toLexusContentCheck></ExistingLexicaRelish-LL-LFM-toLexusContentCheck>
    <ExistingLexicaRelish-LL-LFM-toLexusDelete></ExistingLexicaRelish-LL-LFM-toLexusDelete>
  </ImportXMLLexusTest>
  <ToolboxConvertTest>
    <TCSelectingFiles></TCSelectingFiles>
    <TCXPopUp></TCXPopUp>
    <TCUploading></TCUploading>
    <TCUploading1></TCUploading1>
    <TCUploading2></TCUploading2>
    <TCUploading3></TCUploading3>
    <TCUploading4></TCUploading4>
    <TCUploading5></TCUploading5>
    <TCUploading6></TCUploading6>
    <TCUUploading7></TCUUploading7>
    <TCUploadingCheck></TCUploadingCheck>
    <TCUploadingCheck2></TCUploadingCheck2>
    <TCFileErrorTest></TCFileErrorTest>
  </ToolboxConvertTest>
  <ExportTabTest>
    <test1></test1>
    <test2></test2>
    <test4></test4>
    <test5></test5>
    <test3></test3>
    <ExpToPDF1></ExpToPDF1>
    <ExpToPDF2></ExpToPDF2>
    <ExpToPDF3></ExpToPDF3>
    <ExpToXML3></ExpToXML3>
    <test7></test7>
    <test8></test8>
    <test10></test10>
    <test11></test11>
    <test12></test12>
    <test13></test13>
    <test14></test14>
    <test15></test15>
    <test16></test16>
  </ExportTabTest>
  <Restricted_Templates>
    <UpdateWorkspaceRelishTemplate></UpdateWorkspaceRelishTemplate>
    <UpdateLemmaContainer></UpdateLemmaContainer>
    <WarningIcon></WarningIcon>
    <RejectLemmaUpdate></RejectLemmaUpdate>
    <UpdateTextRepresentationContainer></UpdateTextRepresentationContainer>
    <WarningIcon2></WarningIcon2>
    <RejectTextRepresentationUpdate></RejectTextRepresentationUpdate>
    <AcceptTextRepresentationUpdate></AcceptTextRepresentationUpdate>
    <UpdateTextRepresentationName></UpdateTextRepresentationName>
    <UpdateLemmaName></UpdateLemmaName>
    <SwitchWorskspaceMode></SwitchWorskspaceMode>
    <NoWarningMessage></NoWarningMessage>
    <UpdateWorkspaceRelishTemplate2></UpdateWorkspaceRelishTemplate2>
    <WarningMessageDoubleMessage></WarningMessageDoubleMessage>
    <ContentMesageCheck></ContentMesageCheck>
    <InfoMessage></InfoMessage>
    <UpdateLemmaName2></UpdateLemmaName2>
    <ChangeTextRepresentation></ChangeTextRepresentation>
    <ChangeTextRepresentationSave></ChangeTextRepresentationSave>
    <EditDataCategory></EditDataCategory>
    <WarningIcon3></WarningIcon3>
    <UpdateNameReversed></UpdateNameReversed>
    <WarningMessageDataCategory></WarningMessageDataCategory>
    <FormatThreeExport></FormatThreeExport>
    <SwitchWorskspaceSenseRelation></SwitchWorskspaceSenseRelation>
    <InfoMessage2></InfoMessage2>
    <UpdateReverse></UpdateReverse>
    <ChangeNameDataCategoryTarget></ChangeNameDataCategoryTarget>
    <PouUpNameExists></PouUpNameExists>
    <UpdateDifferentName></UpdateDifferentName>
    <ExportFormat></ExportFormat>
    <DeleteWorkspaceRelishTemplate></DeleteWorkspaceRelishTemplate>
    <DeleteTextRepresentation></DeleteTextRepresentation>
    <DeleteMessages></DeleteMessages>
    <RepeatDeleteTextRepresentation></RepeatDeleteTextRepresentation>
    <WorskspaceModeSaveChanges></WorskspaceModeSaveChanges>
    <DeleteLemmaContainer></DeleteLemmaContainer>
    <DeleteMessageLemma></DeleteMessageLemma>
    <DeleteLemmaContainerConfirm></DeleteLemmaContainerConfirm>
    <DeleteExportFormat1></DeleteExportFormat1>
    <DeleteTargetDataCategory></DeleteTargetDataCategory>
    <DeleteMessageDataCategory></DeleteMessageDataCategory>
    <DeleteDataCategory></DeleteDataCategory>
    <DeleteDataCategoryRelish></DeleteDataCategoryRelish>
    <RemoveNodeExportFormat></RemoveNodeExportFormat>
    <DeleteTargetDataCategory2></DeleteTargetDataCategory2>
    <DeleteTargetDataCategory3></DeleteTargetDataCategory3>
    <CreateLexiconRelishFormatRestrinctions></CreateLexiconRelishFormatRestrinctions>
    <DeleteDataCategorySenseRelation></DeleteDataCategorySenseRelation>
    <DeleteWarningMessages></DeleteWarningMessages>
    <DeleteMessagesConfirm></DeleteMessagesConfirm>
    <DeleteLemmaMessage></DeleteLemmaMessage>
    <DeleteLemmaMessage2></DeleteLemmaMessage2>
    <CreateWorkspaceRelishTemplate></CreateWorkspaceRelishTemplate>
    <CreateContainerSchemaTree></CreateContainerSchemaTree>
    <ConfirmCreatingContainer></ConfirmCreatingContainer>
    <CreateNewNode></CreateNewNode>
    <CreateNewContainer></CreateNewContainer>
    <LexiconExportFormatExp2></LexiconExportFormatExp2>
    <CreateDataCatgory></CreateDataCatgory>
    <CreateDataCategory2></CreateDataCategory2>
    <CreateDataCategory3></CreateDataCategory3>
    <CreateDataCategory4></CreateDataCategory4>
    <CreateWorkspaceEportFormatExp3></CreateWorkspaceEportFormatExp3>
  </Restricted_Templates>
  <Non-restricted_templates>
    <CreateWorskspaceUNrestrictedTemplates></CreateWorskspaceUNrestrictedTemplates>
    <UpdateWorkSpace></UpdateWorkSpace>
    <UpdateWorkSpace2></UpdateWorkSpace2>
    <UpdataSaveChanges></UpdataSaveChanges>
    <UpdateSaveChanges2></UpdateSaveChanges2>
    <UpdateDataCategory></UpdateDataCategory>
    <EportFormatsCheck></EportFormatsCheck>
    <CreateWorskspaceUNrestrictedTemplates2></CreateWorskspaceUNrestrictedTemplates2>
    <CreateContainer></CreateContainer>
    <CreateContainer2></CreateContainer2>
    <CreateContainer3></CreateContainer3>
    <CreateContainer4></CreateContainer4>
    <DeleteContainer></DeleteContainer>
    <DeleteContainer2></DeleteContainer2>
    <DeleteContainer3></DeleteContainer3>
    <DeleteContainer4></DeleteContainer4>
    <DeleteContainer5></DeleteContainer5>
  </Non-restricted_templates>
  <Cross-Reference>
    <ArchiveFamilies></ArchiveFamilies>
    <AttachmentFamilies></AttachmentFamilies>
    <EntryReferenceTab></EntryReferenceTab>
    <EntryReferenceTab2></EntryReferenceTab2>
    <EntryReferenceTabAttachment></EntryReferenceTabAttachment>
    <EntryReferenceTabModify></EntryReferenceTabModify>
    <EntryReferenceTabverify></EntryReferenceTabverify>
    <EntryReferenceNotesProperties></EntryReferenceNotesProperties>
  </Cross-Reference>
  <HelpTabTest>
    <HTLexusWebsite></HTLexusWebsite>
  </HelpTabTest>
</LexusBugCheck>
