<?xml version="1.0" encoding="UTF-8"?>
<LexusBugCheck xmlns:xsi="http://www.w3.org/2001/XMLSchema-instance" xsi:schemaLocation="https://idp.mpi.nl/testing https://idp.mpi.nl/testing/xsd_out.php?file=plans/lexus_12-06-2012.xml">
  <DateTime>13-06-2012</DateTime>
  <LexusVersion>3.0 r 31159</LexusVersion>
  <OSVersion>Windows 7 64bit</OSVersion>
  <Tester>katwoj</Tester>
  <LoginTest>
    <LTDemoLogin>Works</LTDemoLogin>
    <LTDemoLogout>Works</LTDemoLogout>
    <LTLoginFail>Works</LTLoginFail>
  </LoginTest>
  <SwitchTabTest>
    <STTSchemaAndViewEditor>Works</STTSchemaAndViewEditor>
    <STTLexiconEditor>Works</STTLexiconEditor>
    <STTWorkspace>Works</STTWorkspace>
    <STTVicos>Works</STTVicos>
  </SwitchTabTest>
  <WorkspaceLexicaTabTest>
    <WLTTAddNewLexicon>Works</WLTTAddNewLexicon>
    <WLTTSaveNewLexicon>Works</WLTTSaveNewLexicon>
    <WLTTRemoveLexicon>Works</WLTTRemoveLexicon>
    <WLTTSelectLexicon>Works</WLTTSelectLexicon>
    <WLTTChangeNameLexicon1>Works</WLTTChangeNameLexicon1>
    <WLTTChangeNameLexicon2>Works</WLTTChangeNameLexicon2>
    <WLChangeDescriptionExistingLexicon>Works</WLChangeDescriptionExistingLexicon>
    <WLChangeOwnerModificationField>Works</WLChangeOwnerModificationField>
    <WLChangeNoteExistingLexicon>Works</WLChangeNoteExistingLexicon>
    <WLChangeAutosaveNOT>Works</WLChangeAutosaveNOT>
    <WLDeleteChanges>Works</WLDeleteChanges>
    <WLLoadLexusUsers1>Works</WLLoadLexusUsers1>
    <WLDragAndDropUsers1>Works</WLDragAndDropUsers1>
    <WLLogoutAndLoginAsWs1a>Works</WLLogoutAndLoginAsWs1a>
    <WLLogoutAndLoginAsWs1b error="#1995">Strange</WLLogoutAndLoginAsWs1b>
    <ReadOnlyNotEditableFields1>Works</ReadOnlyNotEditableFields1>
    <ReadOnlyNotEditableFields2>Works</ReadOnlyNotEditableFields2>
    <ReadOnlyNotEditableFields3>Works</ReadOnlyNotEditableFields3>
    <ReadOnlyNotEditableFields4 error="#1995">Strange</ReadOnlyNotEditableFields4>
    <ReadOnlyNotEditableFields5>Works</ReadOnlyNotEditableFields5>
    <ReadOnlyNotEditableFields6>Works</ReadOnlyNotEditableFields6>
    <ReadOnlyNotEditableFields7>Works</ReadOnlyNotEditableFields7>
    <ReadOnlyNotEditableFields8>Works</ReadOnlyNotEditableFields8>
    <ReadOnlyNotEditableFields9>Works</ReadOnlyNotEditableFields9>
    <ReadOnlyNotEditableFields10>Works</ReadOnlyNotEditableFields10>
    <WriterRightsEditableFields1>Works</WriterRightsEditableFields1>
    <WriterRightsEditableFields2>Works</WriterRightsEditableFields2>
    <WriterRightsEditableFields3>Works</WriterRightsEditableFields3>
    <WriterRightsEditableFields4 error="#1984">Mostly</WriterRightsEditableFields4>
    <WriterRightsEditableFields5>Works</WriterRightsEditableFields5>
    <WriterRightsEditableFields6>Works</WriterRightsEditableFields6>
  </WorkspaceLexicaTabTest>
  <SortOrdersTabTest>
    <SOOpen>Works</SOOpen>
    <SOSelect>Works</SOSelect>
    <SOScroll>Works</SOScroll>
    <SOCreateNew1>Works</SOCreateNew1>
    <SOCreateNew2>Works</SOCreateNew2>
    <SOCreateNew3>Works</SOCreateNew3>
    <SOCreateNew4 error="#1996">Mostly</SOCreateNew4>
    <SOHelp1>Works</SOHelp1>
    <SOHelp2>Works</SOHelp2>
    <SORemoveCharacters1>Works</SORemoveCharacters1>
    <SORemoveCharacters2>Works</SORemoveCharacters2>
    <SOAddCharacters1>Works</SOAddCharacters1>
    <SOAddCharacters2>Works</SOAddCharacters2>
    <SOAddCharacters3>Works</SOAddCharacters3>
    <SOAddCharacters4>Works</SOAddCharacters4>
    <SORechangePositionCharacters>Works</SORechangePositionCharacters>
    <SORemoveAllCharacters1>Works</SORemoveAllCharacters1>
    <SORemoveAllCharacters2>Works</SORemoveAllCharacters2>
    <SODeteteSortOrder1>Works</SODeteteSortOrder1>
    <SOCreateNewSortOrderWithNonLatinCharacters>Works</SOCreateNewSortOrderWithNonLatinCharacters>
    <SOCreateInitialCharacters>Works</SOCreateInitialCharacters>
    <SOSaveAdjustedSortOrder>Works</SOSaveAdjustedSortOrder>
    <SODeteteSortOrder2>Works</SODeteteSortOrder2>
    <SaveTestAutoNO>Works</SaveTestAutoNO>
    <SaveTestAutoYES>Works</SaveTestAutoYES>
    <SaveTestFromFile>Works</SaveTestFromFile>
  </SortOrdersTabTest>
  <QueriesAndSearchingTabTestRightTab>
    <SQT1>Works</SQT1>
    <SQT2>Works</SQT2>
    <SQT3>Works</SQT3>
    <SQT4>Works</SQT4>
    <SQT5a>Works</SQT5a>
    <SQT5b>Works</SQT5b>
    <SQT6>Works</SQT6>
    <SQT7>Works</SQT7>
    <SQT8>Works</SQT8>
    <SQT9>Works</SQT9>
    <SQT10 error="#1990">Mostly</SQT10>
    <SQ11>Works</SQ11>
    <SQT12>Works</SQT12>
    <SQT13>Works</SQT13>
    <SQT14>Works</SQT14>
    <SQT15>Works</SQT15>
    <SQT16>Works</SQT16>
    <SQT17>Works</SQT17>
    <SQT18>Works</SQT18>
    <SQT19>Works</SQT19>
    <SQT20>Works</SQT20>
    <SQT21>Works</SQT21>
    <SQT22>Works</SQT22>
    <SQT23>Works</SQT23>
    <QSAdHocSearchDropDownLexiconList>Works</QSAdHocSearchDropDownLexiconList>
    <QSAdHocSearchDropDownWhereList>Works</QSAdHocSearchDropDownWhereList>
    <QSAdHocSearchDropDownListBeginWith1A>Works</QSAdHocSearchDropDownListBeginWith1A>
    <QSAdHocSearchDropDownListBeginWith1B>Works</QSAdHocSearchDropDownListBeginWith1B>
    <QSAdHocSearchDropDownListBeginWith2A>Works</QSAdHocSearchDropDownListBeginWith2A>
    <QSAdHocSearchDropDownListBeginWith2B>Works</QSAdHocSearchDropDownListBeginWith2B>
    <QSAdHocSearchLexicalEntryDetails>Works</QSAdHocSearchLexicalEntryDetails>
    <QSAdHocSearchDeatailsTab>Works</QSAdHocSearchDeatailsTab>
    <QSAdHocSearchChangeDetails>Works</QSAdHocSearchChangeDetails>
    <QSAdHocSearchClosePop-up>Works</QSAdHocSearchClosePop-up>
    <QSAdHocSearchLexicalEntryReDo>Works</QSAdHocSearchLexicalEntryReDo>
    <QSAdHocSearchDropDownListEndsWith>Works</QSAdHocSearchDropDownListEndsWith>
    <QSAdHocSearchCheckPreviousModifiedValue>Works</QSAdHocSearchCheckPreviousModifiedValue>
    <QSAdHocSearchCheckPreviousModifiedValueReDo>Works</QSAdHocSearchCheckPreviousModifiedValueReDo>
  </QueriesAndSearchingTabTestRightTab>
  <UnicodeInputTest>
    <HTActivateUnicodeInput>Works</HTActivateUnicodeInput>
    <HTActivateUnicodeInput2 error="#1742">Fails</HTActivateUnicodeInput2>
    <UCChangeDescription>Works</UCChangeDescription>
    <UCDescriptionSave>Works</UCDescriptionSave>
    <UCRedoNonLatinDesc>Works</UCRedoNonLatinDesc>
    <UCAddANewSortOrder>Works</UCAddANewSortOrder>
    <UCDeleteUnicodeSortOrder>Works</UCDeleteUnicodeSortOrder>
    <UCEnterLettersUniC>Works</UCEnterLettersUniC>
    <UCCreateANewQuery>Works</UCCreateANewQuery>
    <UCDeleteANewQuery>Works</UCDeleteANewQuery>
    <UCSelectLexicalEntry>Works</UCSelectLexicalEntry>
    <UCEnteringNonLatinCharacters1>Works</UCEnteringNonLatinCharacters1>
    <UCEnteringNonLatinCharacters2>Works</UCEnteringNonLatinCharacters2>
    <UCDeleteEnteringNonLatinCharacters>Works</UCDeleteEnteringNonLatinCharacters>
    <RerunTheTestWithoutUnicode>Works</RerunTheTestWithoutUnicode>
  </UnicodeInputTest>
  <SchemaAndViewEditorSchemaElementTest>
    <SVENewLexiconInTheWorkspace>Works</SVENewLexiconInTheWorkspace>
    <SVEAddDataComponent>Works</SVEAddDataComponent>
    <SVEAddDataCategory>Works</SVEAddDataCategory>
    <SVEMoreElements>Works</SVEMoreElements>
    <SVEChangingtoISOCat>Works</SVEChangingtoISOCat>
    <SVEChangingToISOCat1>Works</SVEChangingToISOCat1>
    <SVEChangingToISOCat2>Works</SVEChangingToISOCat2>
    <SVEChangingToISOCat3>Works</SVEChangingToISOCat3>
    <SVEChangingToToolbox1>Works</SVEChangingToToolbox1>
    <SVEChangingToToolbox2>Works</SVEChangingToToolbox2>
    <SVEAssignSortOrder1>Works</SVEAssignSortOrder1>
    <SVEAutoSave>Works</SVEAutoSave>
    <SVEAutoSaveNo>Works</SVEAutoSaveNo>
    <SVENotesCheck>Works</SVENotesCheck>
  </SchemaAndViewEditorSchemaElementTest>
  <SchemaAndViewEditorViewEditorTest>
    <SVEOpenLexiconInViewEditor>Works</SVEOpenLexiconInViewEditor>
    <SVEAddANewView>Works</SVEAddANewView>
    <SVESaveLexeme>Works</SVESaveLexeme>
    <SVEFormattingViewD1>Works</SVEFormattingViewD1>
    <SVEFormattingViewD2>Works</SVEFormattingViewD2>
    <SVEFormattingViewD3>Works</SVEFormattingViewD3>
    <SVEFormattingViewD4>Works</SVEFormattingViewD4>
    <SVEFormattingViewD5>Works</SVEFormattingViewD5>
    <SVEFormattingViewD6>Works</SVEFormattingViewD6>
    <SVEFormattingViewDCheck>Works</SVEFormattingViewDCheck>
    <SVEFormattingViewAddNewEntries>Works</SVEFormattingViewAddNewEntries>
    <SVEFormattingViewSepBlock>Works</SVEFormattingViewSepBlock>
    <SVEFormattingViewDReDo>Works</SVEFormattingViewDReDo>
    <SVEFormattingViewClass1>Works</SVEFormattingViewClass1>
    <SVEFormattingViewClass2>Works</SVEFormattingViewClass2>
    <SVEFormattingViewClass3>Works</SVEFormattingViewClass3>
    <SVEFormattingViewClass4>Works</SVEFormattingViewClass4>
    <SVEFormattingViewClass5>Works</SVEFormattingViewClass5>
    <SVEFormattingViewTable1>Works</SVEFormattingViewTable1>
    <SVEFormattingViewTable2>Works</SVEFormattingViewTable2>
    <SVEFormattingViewTable3>Works</SVEFormattingViewTable3>
    <SVEFormattingViewTable4>Works</SVEFormattingViewTable4>
    <SVEFormattingViewTable5>Works</SVEFormattingViewTable5>
    <SVEFormattingViewTable6>Works</SVEFormattingViewTable6>
    <SVEFormattingViewTable7>Works</SVEFormattingViewTable7>
    <SVEFormattingViewTable9>Works</SVEFormattingViewTable9>
    <SVEFormattingViewTable10>Works</SVEFormattingViewTable10>
    <SVEFormattingViewTable11>Works</SVEFormattingViewTable11>
    <SVEFormattingViewCopyMove1>Works</SVEFormattingViewCopyMove1>
    <SVEFormattingViewCopyMove2>Works</SVEFormattingViewCopyMove2>
    <SVEFormattingViewCopyMove3>Works</SVEFormattingViewCopyMove3>
  </SchemaAndViewEditorViewEditorTest>
  <LexiconEditorTest>
    <LEAddLexicalEntry>Works</LEAddLexicalEntry>
    <LESaveModified1>Works</LESaveModified1>
    <LENSaveModified>Works</LENSaveModified>
    <LESaveModified2>Works</LESaveModified2>
    <LEModifyPicture>Works</LEModifyPicture>
    <LEUploadImage>Works</LEUploadImage>
    <LET2>Works</LET2>
    <LEPictureEditBox>Works</LEPictureEditBox>
    <LEPictureEditBox2 error="#1467">Mostly</LEPictureEditBox2>
    <LEArchivePopUpAnnex>Works</LEArchivePopUpAnnex>
    <LEArchivePopUpAnnex1>Works</LEArchivePopUpAnnex1>
    <LEArchivePopUpAnnex2>Works</LEArchivePopUpAnnex2>
    <LEArchivePopUpAnnex3>Works</LEArchivePopUpAnnex3>
    <LEArchivePopUpAnnex4>Works</LEArchivePopUpAnnex4>
    <LEPropertiesTab>Works</LEPropertiesTab>
    <LENotesTab1>Works</LENotesTab1>
    <LENotesTab2>Works</LENotesTab2>
    <LEArchivePopUp1>Works</LEArchivePopUp1>
    <LEImportField error="#1467">Mostly</LEImportField>
    <LEWordListSorting1>Works</LEWordListSorting1>
    <LEWordListSorting2>Works</LEWordListSorting2>
    <LEChangePositioninSortOrder>Works</LEChangePositioninSortOrder>
    <LETreeView>Works</LETreeView>
    <LEPropertiesTab1>Works</LEPropertiesTab1>
    <LENotesTab3>Works</LENotesTab3>
    <LENotesTab4>Works</LENotesTab4>
    <LENotesTab5>Works</LENotesTab5>
    <LENotesTab6>Works</LENotesTab6>
    <LEAddFeatureSense>Works</LEAddFeatureSense>
    <LEAddGloss>Works</LEAddGloss>
    <LEAddValueGloss>Works</LEAddValueGloss>
    <LECopyMoveStructureView>Works</LECopyMoveStructureView>
    <LEModifyNonLatin>Works</LEModifyNonLatin>
    <LEChangeSortOrderCyrillic>Works</LEChangeSortOrderCyrillic>
    <LECheckSortOrderAdjusted>Works</LECheckSortOrderAdjusted>
    <LEChangingCyrillicLetterPosition>Works</LEChangingCyrillicLetterPosition>
    <LESelectingGrapheme>Works</LESelectingGrapheme>
    <LEVideoImage>Works</LEVideoImage>
    <LEVideoSound error="#1467">Mostly</LEVideoSound>
    <LELinkToArchive>Works</LELinkToArchive>
    <LEOpenLinkToArchive>Works</LEOpenLinkToArchive>
    <LELexiconWordCheck1 error="#680 comment 5">Mostly</LELexiconWordCheck1>
    <LEFilterCheck>Works</LEFilterCheck>
    <LEdDeleteEntry>Works</LEdDeleteEntry>
    <LEdDeleteAllEntries>Works</LEdDeleteAllEntries>
    <LEdDeleteLexicon>Works</LEdDeleteLexicon>
  </LexiconEditorTest>
  <FilterTest>
    <FTOpen>Works</FTOpen>
    <FTCreate>Works</FTCreate>
    <FTCreate1>Works</FTCreate1>
    <FTCreateAndRun>Works</FTCreateAndRun>
    <FTCreateFilter1>Works</FTCreateFilter1>
    <FTCreateFilter1A error="#1998">Fails</FTCreateFilter1A>
    <FTCreateFilter2>Works</FTCreateFilter2>
    <FTCreateFilter2A error="#1998">Fails</FTCreateFilter2A>
    <FTLRunTheFilter>Works</FTLRunTheFilter>
    <FTLRunTheFilter1 error="#1998">Fails</FTLRunTheFilter1>
    <FTLexicon error="#1998">Fails</FTLexicon>
    <FTL4>Works</FTL4>
    <FTLRunTheFilter4 error="#1998">Fails</FTLRunTheFilter4>
    <FTReRunTheFiltersForYeli>Works</FTReRunTheFiltersForYeli>
    <FTDelete>Works</FTDelete>
  </FilterTest>
  <ToolboxConvertTest>
    <TCSelectingFiles>Works</TCSelectingFiles>
    <TCXPopUp>Works</TCXPopUp>
    <TCUploading1>Works</TCUploading1>
    <TCUploading2>Works</TCUploading2>
    <TCUploading3>Works</TCUploading3>
    <TCUploading4>Works</TCUploading4>
    <TCUploading5>Works</TCUploading5>
    <TCUploading6>Works</TCUploading6>
    <TCUUploading7>Works</TCUUploading7>
    <TCUploadingCheck>Works</TCUploadingCheck>
    <TCFileErrorTest>Works</TCFileErrorTest>
  </ToolboxConvertTest>
  <ImportXMLLexusTest>
    <IExistingLexica>Works</IExistingLexica>
    <IEXThePopUP>Works</IEXThePopUP>
    <IExistingLexicaBrowseXML1>Works</IExistingLexicaBrowseXML1>
    <IExistingLexicaBrowseXML2 error="#1983">Empty</IExistingLexicaBrowseXML2>
    <IExistingLexicaBrowseXML3>Works</IExistingLexicaBrowseXML3>
    <IExistingLexicaLexiconInTheList>Works</IExistingLexicaLexiconInTheList>
    <ExistingLexicaLexiconContentCheck error="Andre has already fixed this problem at lux 16">Fails</ExistingLexicaLexiconContentCheck>
    <IExistingLexicaDelete>Works</IExistingLexicaDelete>
  </ImportXMLLexusTest>
  <ExportTabTest>
    <ExpToPDF1>Works</ExpToPDF1>
    <ExpToPDF2>Works</ExpToPDF2>
    <ExpToPDF3 error="#1999, #2000">Mostly</ExpToPDF3>
    <ExpToXML1>Works</ExpToXML1>
    <ExpToXML2>Works</ExpToXML2>
    <ExpToXML3>Works</ExpToXML3>
    <ExpToXMLVerify>Works</ExpToXMLVerify>
  </ExportTabTest>
  <HelpTabTest>
    <HTLexusWebsite error="">Mostly</HTLexusWebsite>
  </HelpTabTest>
</LexusBugCheck>
