<?xml version="1.0" encoding="UTF-8"?>
<LexusBugCheck xmlns:xsi="http://www.w3.org/2001/XMLSchema-instance" xsi:schemaLocation="https://lux15.mpi.nl/testing https://lux15.mpi.nl/testing/xsd_out.php?file=plans/lexus_28_06_2012.xml">
  <DateTime>2013-11-05</DateTime>
  <LexusVersion></LexusVersion>
  <OSVersion></OSVersion>
  <Tester>sauciv</Tester>
  <TestPlanRevision>39075</TestPlanRevision>
  <LoginTest>
    <LTDemoLogin>Works</LTDemoLogin>
    <LTDemoLogout>Works</LTDemoLogout>
    <LTDemoLogoutBack>Works</LTDemoLogoutBack>
    <LTLoginFail>Works</LTLoginFail>
  </LoginTest>
  <SwitchTabTest>
    <STTSchemaAndViewEditor>Works</STTSchemaAndViewEditor>
    <STTLexiconEditor>Works</STTLexiconEditor>
    <STTWorkspace>Works</STTWorkspace>
    <STTVicos>Works</STTVicos>
  </SwitchTabTest>
  <WorkspaceLexicaTabTest>
    <WLTTAddNewLexicon>Works</WLTTAddNewLexicon>
    <WLTTSaveNewLexicon>Works</WLTTSaveNewLexicon>
    <WLTTRemoveLexicon>Works</WLTTRemoveLexicon>
    <WLTTSelectLexicon>Works</WLTTSelectLexicon>
    <WLTTChangeNameLexicon1>Works</WLTTChangeNameLexicon1>
    <WLTTChangeNameLexicon2>Works</WLTTChangeNameLexicon2>
    <WLTTChangeNameLexicon3>Works</WLTTChangeNameLexicon3>
    <WLTTChangeNameLexicon4>Works</WLTTChangeNameLexicon4>
    <WLChangeDescriptionExistingLexicon>Works</WLChangeDescriptionExistingLexicon>
    <WLChangeOwnerModificationField>Works</WLChangeOwnerModificationField>
    <WLChangeNoteExistingLexicon>Works</WLChangeNoteExistingLexicon>
    <WLChangeAutosaveNOT>Works</WLChangeAutosaveNOT>
    <WLDeleteChanges>Works</WLDeleteChanges>
    <WLLoadLexusUsers1>Works</WLLoadLexusUsers1>
    <WLDragAndDropUsers1>Works</WLDragAndDropUsers1>
    <WLLogoutAndLoginAsWs1a>Works</WLLogoutAndLoginAsWs1a>
    <ReadOnlyNotEditableFields1>Works</ReadOnlyNotEditableFields1>
    <ReadOnlyNotEditableFields2>Works</ReadOnlyNotEditableFields2>
    <ReadOnlyNotEditableFields3>Works</ReadOnlyNotEditableFields3>
    <ReadOnlyNotEditableFields4>Works</ReadOnlyNotEditableFields4>
    <ReadOnlyNotEditableFields5>Works</ReadOnlyNotEditableFields5>
    <ReadOnlyNotEditableFields6>Works</ReadOnlyNotEditableFields6>
    <ReadOnlyNotEditableFields7>Works</ReadOnlyNotEditableFields7>
    <ReadOnlyNotEditableFields8>Works</ReadOnlyNotEditableFields8>
    <ReadOnlyNotEditableFields9>Works</ReadOnlyNotEditableFields9>
    <ReadOnlyNotEditableFields10>Works</ReadOnlyNotEditableFields10>
    <WriterRightsEditableFields1>Works</WriterRightsEditableFields1>
    <WriterRightsEditableFields2>Works</WriterRightsEditableFields2>
    <WriterRightsEditableFields3>Works</WriterRightsEditableFields3>
    <WriterRightsEditableFields4>Works</WriterRightsEditableFields4>
    <WriterRightsEditableFields5>Works</WriterRightsEditableFields5>
    <WriterRightsEditableFields6>Works</WriterRightsEditableFields6>
    <WriterRightsEditableFields7>Works</WriterRightsEditableFields7>
  </WorkspaceLexicaTabTest>
  <SortOrdersTabTest>
    <SOOpen>Works</SOOpen>
    <SOSelect>Works</SOSelect>
    <SOScroll>Works</SOScroll>
    <SOCreateNew1>Works</SOCreateNew1>
    <SOCreateNew2>Works</SOCreateNew2>
    <SOCreateNew3>Works</SOCreateNew3>
    <SOCreateNew4>Works</SOCreateNew4>
    <SOHelp1>Works</SOHelp1>
    <SOHelp2>Works</SOHelp2>
    <SORemoveCharacters1>Works</SORemoveCharacters1>
    <SORemoveCharacters2>Works</SORemoveCharacters2>
    <SOAddCharacters1>Works</SOAddCharacters1>
    <SOAddCharacters2>Works</SOAddCharacters2>
    <SOAddCharacters3>Works</SOAddCharacters3>
    <SOAddCharacters4>Works</SOAddCharacters4>
    <SORechangePositionCharacters>Works</SORechangePositionCharacters>
    <SORemoveAllCharacters1>Works</SORemoveAllCharacters1>
    <SORemoveAllCharacters2>Works</SORemoveAllCharacters2>
    <SODeteteSortOrder1>Works</SODeteteSortOrder1>
    <SOCreateNewSortOrderWithNonLatinCharacters>Works</SOCreateNewSortOrderWithNonLatinCharacters>
    <SOCreateInitialCharacters>Works</SOCreateInitialCharacters>
    <SOSaveAdjustedSortOrder>Works</SOSaveAdjustedSortOrder>
    <SODeteteSortOrder2>Works</SODeteteSortOrder2>
    <SaveTestAutoNO>Works</SaveTestAutoNO>
    <SaveTestAutoYES>Works</SaveTestAutoYES>
    <SaveTestFromFile>Works</SaveTestFromFile>
    <SortOrdersRemoving>Works</SortOrdersRemoving>
  </SortOrdersTabTest>
  <QueriesAndSearchingTabTestRightTab>
    <SQT1>Works</SQT1>
    <SQT2>Works</SQT2>
    <SQT3>Works</SQT3>
    <SQT4>Works</SQT4>
    <SQT6>Works</SQT6>
    <SQT7>Works</SQT7>
    <SQT8>Works</SQT8>
    <SQT9>Works</SQT9>
    <SQT10>Works</SQT10>
    <SQT11>Works</SQT11>
    <SQT12>Works</SQT12>
    <SQT13>Works</SQT13>
    <SQT14>Works</SQT14>
    <SQT15>Works</SQT15>
    <SQT16>Works</SQT16>
    <SQT17>Works</SQT17>
    <SQT18>Works</SQT18>
    <SQT19>Works</SQT19>
    <SQT20>Works</SQT20>
    <SQT21>Works</SQT21>
    <SQT22>Works</SQT22>
    <SQT23>Works</SQT23>
    <SQT24>Works</SQT24>
    <QSAdHocSearchDropDownWhereList>Works</QSAdHocSearchDropDownWhereList>
    <QSAdHocSearchDropDownListIsEmpty>Works</QSAdHocSearchDropDownListIsEmpty>
    <QSAdHocSearchDropDownListIsNOTEmpty>Works</QSAdHocSearchDropDownListIsNOTEmpty>
    <QSAdHocSearchDropDownListContainEmpty>Works</QSAdHocSearchDropDownListContainEmpty>
    <QSAdHocSearchDropDownListContainNOTEmpty>Works</QSAdHocSearchDropDownListContainNOTEmpty>
    <QSAdHocSearchDropDownListOtherConditionsEmpty>Works</QSAdHocSearchDropDownListOtherConditionsEmpty>
    <QSAdHocSearchDropDownListBeginWith1A>Works</QSAdHocSearchDropDownListBeginWith1A>
    <QSAdHocSearchDropDownListBeginWith1B>Works</QSAdHocSearchDropDownListBeginWith1B>
    <QSAdHocSearchDropDownListBeginWith2A>Works</QSAdHocSearchDropDownListBeginWith2A>
    <QSAdHocSearchDropDownListBeginWith2B>Works</QSAdHocSearchDropDownListBeginWith2B>
    <QSAdHocSearchLexicalEntryDetails>Works</QSAdHocSearchLexicalEntryDetails>
    <QSAdHocSearchDeatailsTab>Works</QSAdHocSearchDeatailsTab>
    <QSAdHocSearchChangeDetails>Works</QSAdHocSearchChangeDetails>
    <QSAdHocSearchClosePop-up>Works</QSAdHocSearchClosePop-up>
    <QSAdHocSearchLexicalEntryReDo>Works</QSAdHocSearchLexicalEntryReDo>
    <QSAdHocSearchDropDownListEndsWith>Works</QSAdHocSearchDropDownListEndsWith>
    <QSAdHocSearchCheckPreviousModifiedValue>Works</QSAdHocSearchCheckPreviousModifiedValue>
    <QSAdHocSearchCheckPreviousModifiedValueReDo>Works</QSAdHocSearchCheckPreviousModifiedValueReDo>
  </QueriesAndSearchingTabTestRightTab>
  <UnicodeInputTest>
    <HTActivateUnicodeInput>Works</HTActivateUnicodeInput>
    <HTActivateUnicodeInput2>Works</HTActivateUnicodeInput2>
    <UCChangeDescription>Works</UCChangeDescription>
    <UCDescriptionSave>Works</UCDescriptionSave>
    <UCRedoNonLatinDesc>Works</UCRedoNonLatinDesc>
    <UCAddANewSortOrder>Works</UCAddANewSortOrder>
    <UCDeleteUnicodeSortOrder>Works</UCDeleteUnicodeSortOrder>
    <UCEnterLettersUniC>Works</UCEnterLettersUniC>
    <UCCreateANewQuery>Works</UCCreateANewQuery>
    <UCDeleteANewQuery>Works</UCDeleteANewQuery>
    <UCSelectLexicalEntry>Works</UCSelectLexicalEntry>
    <UCEnteringNonLatinCharacters1>Works</UCEnteringNonLatinCharacters1>
    <UCEnteringNonLatinCharacters2>Works</UCEnteringNonLatinCharacters2>
    <UCDeleteEnteringNonLatinCharacters>Works</UCDeleteEnteringNonLatinCharacters>
    <RerunTheTestWithoutUnicode>Works</RerunTheTestWithoutUnicode>
  </UnicodeInputTest>
  <SchemaAndViewEditorSchemaElementTest>
    <SVENewLexiconInTheWorkspace>Works</SVENewLexiconInTheWorkspace>
    <SVEAddDataComponent>Works</SVEAddDataComponent>
    <SVEAddDataCategory>Works</SVEAddDataCategory>
    <SVEMoreElements>Works</SVEMoreElements>
    <SVEMoveElements>Works</SVEMoveElements>
    <SVEChangingtoISOCat>Works</SVEChangingtoISOCat>
    <SVEChangingToISOCat1>Works</SVEChangingToISOCat1>
    <SVEChangingToISOCat2>Works</SVEChangingToISOCat2>
    <SVEChangingToISOCat3>Works</SVEChangingToISOCat3>
    <SVEChangingToToolbox1>Works</SVEChangingToToolbox1>
    <SVEChangingToToolbox2>Works</SVEChangingToToolbox2>
    <SVERemoveDC>Works</SVERemoveDC>
    <SVEAssignSortOrder1>Works</SVEAssignSortOrder1>
    <SVEAutoSave>Works</SVEAutoSave>
    <SVEAutoSaveNo>Works</SVEAutoSaveNo>
    <SVENotesCheck>Works</SVENotesCheck>
  </SchemaAndViewEditorSchemaElementTest>
  <SchemaAndViewEditorViewEditorTest>
    <SVEOpenLexiconInViewEditor>Works</SVEOpenLexiconInViewEditor>
    <SVEAddANewView>Works</SVEAddANewView>
    <SVESaveLexeme>Works</SVESaveLexeme>
    <SVEFormattingViewD1>Works</SVEFormattingViewD1>
    <SVEFormattingViewD2>Works</SVEFormattingViewD2>
    <SVEFormattingViewD3>Works</SVEFormattingViewD3>
    <SVEFormattingViewD4>Works</SVEFormattingViewD4>
    <SVEFormattingViewD5>Works</SVEFormattingViewD5>
    <SVEFormattingViewD6>Works</SVEFormattingViewD6>
    <SVEFormattingViewDCheck>Works</SVEFormattingViewDCheck>
    <SVEFormattingViewAddNewEntries>Works</SVEFormattingViewAddNewEntries>
    <SVEFormattingViewSepBlock>Works</SVEFormattingViewSepBlock>
    <SVEFormattingViewDReDo>Works</SVEFormattingViewDReDo>
    <SVEFormattingViewClass1>Works</SVEFormattingViewClass1>
    <SVEFormattingViewClass2>Works</SVEFormattingViewClass2>
    <SVEFormattingViewClass3>Works</SVEFormattingViewClass3>
    <SVEFormattingViewClass4>Works</SVEFormattingViewClass4>
    <SVEFormattingViewClass5>Works</SVEFormattingViewClass5>
    <SVEFormattingCopy>Works</SVEFormattingCopy>
    <SVEFormattingViewTable1>Works</SVEFormattingViewTable1>
    <SVEFormattingViewTable2>Works</SVEFormattingViewTable2>
    <SVEFormattingViewTable3>Works</SVEFormattingViewTable3>
    <SVEFormattingViewTable4>Works</SVEFormattingViewTable4>
    <SVEFormattingViewTable5>Works</SVEFormattingViewTable5>
    <SVEFormattingViewTable5b>Works</SVEFormattingViewTable5b>
    <SVEFormattingViewTable6>Works</SVEFormattingViewTable6>
    <SVEFormattingViewTable7>Works</SVEFormattingViewTable7>
    <SVEFormattingViewTable9>Works</SVEFormattingViewTable9>
    <SVEFormattingViewTable10>Works</SVEFormattingViewTable10>
    <SVEFormattingViewTable11>Works</SVEFormattingViewTable11>
  </SchemaAndViewEditorViewEditorTest>
  <LexiconEditorTest>
    <LEAddLexicalEntry>Works</LEAddLexicalEntry>
    <LESaveModified1>Works</LESaveModified1>
    <LENSaveModified>Works</LENSaveModified>
    <LESaveModified2>Works</LESaveModified2>
    <LEModifyPicture>Works</LEModifyPicture>
    <LEUploadImage>Works</LEUploadImage>
    <LET2>Works</LET2>
    <LEPictureEditBox>Works</LEPictureEditBox>
    <LEPictureEditBox2>Works</LEPictureEditBox2>
    <LEArchivePopUpAnnex>Works</LEArchivePopUpAnnex>
    <LEArchivePopUpAnnex1>Works</LEArchivePopUpAnnex1>
    <LEArchivePopUpAnnex3>Works</LEArchivePopUpAnnex3>
    <LEArchivePopUpAnnex4>Works</LEArchivePopUpAnnex4>
    <LEPropertiesTab>Works</LEPropertiesTab>
    <LENotesTab1>Works</LENotesTab1>
    <LENotesTab2>Works</LENotesTab2>
    <LEArchivePopUp1>Works</LEArchivePopUp1>
    <LEImportField>Works</LEImportField>
    <LEWordListSorting1>Works</LEWordListSorting1>
    <LEWordListSorting2>Works</LEWordListSorting2>
    <LEChangePositioninSortOrder>Works</LEChangePositioninSortOrder>
    <LETreeView>Works</LETreeView>
    <LEPropertiesTab1>Works</LEPropertiesTab1>
    <LENotesTab3>Works</LENotesTab3>
    <LENotesTab4>Works</LENotesTab4>
    <LENotesTab5>Works</LENotesTab5>
    <LENotesTab6>Works</LENotesTab6>
    <LEAddFeatureSense>Works</LEAddFeatureSense>
    <LEAddGloss>Works</LEAddGloss>
    <LEAddValueGloss>Works</LEAddValueGloss>
    <LECopyMoveStructureView>Works</LECopyMoveStructureView>
    <LEModifyNonLatin>Works</LEModifyNonLatin>
    <LEChangeSortOrderCyrillic>Works</LEChangeSortOrderCyrillic>
    <LECheckSortOrderAdjusted>Works</LECheckSortOrderAdjusted>
    <LEChangingCyrillicLetterPosition>Works</LEChangingCyrillicLetterPosition>
    <LESelectingGrapheme>Works</LESelectingGrapheme>
    <LEVideoImage>Works</LEVideoImage>
    <LEVideoSound>Works</LEVideoSound>
    <LELinkToArchive>Works</LELinkToArchive>
    <LEOpenLinkToArchive>Works</LEOpenLinkToArchive>
    <LELexiconWordCheck1>Works</LELexiconWordCheck1>
    <LEFilterCheck>Works</LEFilterCheck>
    <LEdDeleteEntry>Works</LEdDeleteEntry>
    <LEdDeleteAllEntries>Works</LEdDeleteAllEntries>
    <LEdDeleteLexicon>Works</LEdDeleteLexicon>
  </LexiconEditorTest>
  <FilterTest>
    <FTOpen>Works</FTOpen>
    <FTCreate>Works</FTCreate>
    <FTCreate1>Works</FTCreate1>
    <FTCreateAndRun>Works</FTCreateAndRun>
    <FTCreateFilter1>Works</FTCreateFilter1>
    <FTCreateFilter1A>Works</FTCreateFilter1A>
    <FTCreateFilter2>Works</FTCreateFilter2>
    <FTCreateFilter2A>Works</FTCreateFilter2A>
    <FTLRunTheFilter>Works</FTLRunTheFilter>
    <FTLRunTheFilter1>Works</FTLRunTheFilter1>
    <FTLexicon>Works</FTLexicon>
    <FTL4>Works</FTL4>
    <FTLRunTheFilter4>Works</FTLRunTheFilter4>
    <FTReRunTheFiltersForYeli>Works</FTReRunTheFiltersForYeli>
    <FTDelete>Works</FTDelete>
  </FilterTest>
  <ImportXMLLexusZipTest>
    <ExistingLexica>Works</ExistingLexica>
    <ExistingLexicaXML>Works</ExistingLexicaXML>
    <SpecifyImportDetails>Works</SpecifyImportDetails>
    <EEXThePopUP>Works</EEXThePopUP>
    <IExistingLexicaBrowseXML1>Works</IExistingLexicaBrowseXML1>
    <IExistingLexicaBrowseXML2 error="The Cancel button is not there. So I couldn't stop the upoloading and cancel the import.">Fails</IExistingLexicaBrowseXML2>
    <IExistingLexicaBrowseXML3>Works</IExistingLexicaBrowseXML3>
    <IExistingLexicaLexiconWMLInTheList>Works</IExistingLexicaLexiconWMLInTheList>
    <ExistingLexicaLexiconContentCheck>Works</ExistingLexicaLexiconContentCheck>
    <IExistingLexicaDelete>Works</IExistingLexicaDelete>
    <ExistingLexicaRelish-LL-LFM-toLexus>Works</ExistingLexicaRelish-LL-LFM-toLexus>
    <ExistingLexicaRelish-LL-LFM-toLexus2>Works</ExistingLexicaRelish-LL-LFM-toLexus2>
    <ExistingLexicaRelish-LL-LFM-toLexus3 error="The Cancel button is not there. So I couldn't stop the upoloading and cancel the import.">Fails</ExistingLexicaRelish-LL-LFM-toLexus3>
    <ExistingLexicaRelish-LL-LFM-toLexus4>Works</ExistingLexicaRelish-LL-LFM-toLexus4>
    <ExistingLexicaRelish-LL-LFM-toLexusInTheList>Works</ExistingLexicaRelish-LL-LFM-toLexusInTheList>
    <ExistingLexicaRelish-LL-LFM-toLexusContentCheck>Works</ExistingLexicaRelish-LL-LFM-toLexusContentCheck>
  </ImportXMLLexusZipTest>
  <ToolboxConvertTest>
    <TCSelectingFiles>Works</TCSelectingFiles>
    <TCXPopUp>Works</TCXPopUp>
    <TCUploading>Works</TCUploading>
    <TCUploading1>Works</TCUploading1>
    <TCUploading2>Works</TCUploading2>
    <TCUploading3>Works</TCUploading3>
    <TCUploading4>Works</TCUploading4>
    <TCUploading5>Works</TCUploading5>
    <TCUploading6>Works</TCUploading6>
    <TCUUploading7>Works</TCUUploading7>
    <TCUploadingCheck>Works</TCUploadingCheck>
    <TCUploadingCheck2>Works</TCUploadingCheck2>
    <TCFileErrorTest>Works</TCFileErrorTest>
  </ToolboxConvertTest>
  <ExportTabTest>
    <test1>Works</test1>
    <test2>Works</test2>
    <test4>Works</test4>
    <test5>Works</test5>
    <test3>Works</test3>
    <ExpToPDF1 error="When I define a PDF view in the Schema and View Editor, and I save the tree structure, I got an error message. If I close the error message, then I can export to Pdf properly. ">Mostly</ExpToPDF1>
    <ExpToPDF2>Works</ExpToPDF2>
    <ExpToPDF3>Works</ExpToPDF3>
    <ExpToXML3>Works</ExpToXML3>
    <test7>Works</test7>
    <test8>Works</test8>
    <test10 error="The download doesn't start.">Fails</test10>
    <test11 error="">Empty</test11>
    <test12 error="">Empty</test12>
    <test13 error="The download doesn't start.">Fails</test13>
    <test14 error="">Empty</test14>
    <test15 error="">Empty</test15>
    <test16 error="">Empty</test16>
  </ExportTabTest>
  <Restricted_Templates>
    <UpdateWorkspaceRelishTemplate>Works</UpdateWorkspaceRelishTemplate>
    <UpdateLemmaContainer>Works</UpdateLemmaContainer>
    <WarningIcon>Works</WarningIcon>
    <RejectLemmaUpdate>Works</RejectLemmaUpdate>
    <UpdateTextRepresentationContainer>Works</UpdateTextRepresentationContainer>
    <WarningIcon2>Works</WarningIcon2>
    <RejectTextRepresentationUpdate>Works</RejectTextRepresentationUpdate>
    <AcceptTextRepresentationUpdate>Works</AcceptTextRepresentationUpdate>
    <UpdateTextRepresentationName error="The pop up window appears. However, It should revert to the old name.">Mostly</UpdateTextRepresentationName>
    <UpdateLemmaName error="I don't get any warning message. ">Fails</UpdateLemmaName>
    <SwitchWorskspaceMode error="">Empty</SwitchWorskspaceMode>
    <NoWarningMessage>Works</NoWarningMessage>
    <UpdateWorkspaceRelishTemplate2>Works</UpdateWorkspaceRelishTemplate2>
    <WarningMessageDoubleMessage>Works</WarningMessageDoubleMessage>
    <ContentMesageCheck>Works</ContentMesageCheck>
    <InfoMessage error="I don">Mostly</InfoMessage>
    <UpdateLemmaName2>Works</UpdateLemmaName2>
    <ChangeTextRepresentation>Works</ChangeTextRepresentation>
    <ChangeTextRepresentationSave>Works</ChangeTextRepresentationSave>
    <EditDataCategory error="I get a Warning message rather than an Info one.">Mostly</EditDataCategory>
    <WarningIcon3 error="">Empty</WarningIcon3>
    <UpdateNameReversed>Works</UpdateNameReversed>
    <WarningMessageDataCategory>Works</WarningMessageDataCategory>
    <FormatThreeExport>Works</FormatThreeExport>
    <SwitchWorskspaceSenseRelation>Works</SwitchWorskspaceSenseRelation>
    <InfoMessage2>Works</InfoMessage2>
    <UpdateReverse>Works</UpdateReverse>
    <ChangeNameDataCategoryTarget>Works</ChangeNameDataCategoryTarget>
    <PouUpNameExists>Works</PouUpNameExists>
    <UpdateDifferentName>Works</UpdateDifferentName>
    <ExportFormat>Works</ExportFormat>
    <DeleteWorkspaceRelishTemplate>Works</DeleteWorkspaceRelishTemplate>
    <DeleteTextRepresentation>Works</DeleteTextRepresentation>
    <DeleteMessages>Works</DeleteMessages>
    <RepeatDeleteTextRepresentation>Works</RepeatDeleteTextRepresentation>
    <WorskspaceModeSaveChanges>Works</WorskspaceModeSaveChanges>
    <DeleteLemmaContainer>Works</DeleteLemmaContainer>
    <DeleteMessageLemma>Works</DeleteMessageLemma>
    <DeleteLemmaContainerConfirm>Works</DeleteLemmaContainerConfirm>
    <DeleteExportFormat1>Works</DeleteExportFormat1>
    <DeleteTargetDataCategory>Works</DeleteTargetDataCategory>
    <DeleteMessageDataCategory>Works</DeleteMessageDataCategory>
    <DeleteDataCategory>Works</DeleteDataCategory>
    <DeleteDataCategoryRelish>Works</DeleteDataCategoryRelish>
    <RemoveNodeExportFormat>Works</RemoveNodeExportFormat>
    <DeleteTargetDataCategory2>Works</DeleteTargetDataCategory2>
    <DeleteTargetDataCategory3>Works</DeleteTargetDataCategory3>
    <CreateLexiconRelishFormatRestrinctions>Works</CreateLexiconRelishFormatRestrinctions>
    <DeleteDataCategorySenseRelation>Works</DeleteDataCategorySenseRelation>
    <DeleteWarningMessages>Works</DeleteWarningMessages>
    <DeleteMessagesConfirm>Works</DeleteMessagesConfirm>
    <DeleteLemmaMessage>Works</DeleteLemmaMessage>
    <DeleteLemmaMessage2>Works</DeleteLemmaMessage2>
    <CreateWorkspaceRelishTemplate>Works</CreateWorkspaceRelishTemplate>
    <CreateContainerSchemaTree>Works</CreateContainerSchemaTree>
    <ConfirmCreatingContainer>Works</ConfirmCreatingContainer>
    <CreateNewNode>Works</CreateNewNode>
    <CreateNewContainer>Works</CreateNewContainer>
    <LexiconExportFormatExp2>Works</LexiconExportFormatExp2>
    <CreateDataCatgory>Works</CreateDataCatgory>
    <CreateDataCategory2>Works</CreateDataCategory2>
    <CreateDataCategory3>Works</CreateDataCategory3>
    <CreateDataCategory4>Works</CreateDataCategory4>
    <CreateWorkspaceEportFormatExp3>Works</CreateWorkspaceEportFormatExp3>
  </Restricted_Templates>
  <Non-restricted_templates>
    <CreateWorskspaceUNrestrictedTemplates>Works</CreateWorskspaceUNrestrictedTemplates>
    <UpdateWorkSpace>Works</UpdateWorkSpace>
    <UpdateWorkSpace2>Works</UpdateWorkSpace2>
    <UpdataSaveChanges>Works</UpdataSaveChanges>
    <UpdateSaveChanges2>Works</UpdateSaveChanges2>
    <UpdateDataCategory>Works</UpdateDataCategory>
    <EportFormatsCheck>Works</EportFormatsCheck>
    <CreateWorskspaceUNrestrictedTemplates2>Works</CreateWorskspaceUNrestrictedTemplates2>
    <CreateContainer>Works</CreateContainer>
    <CreateContainer2>Works</CreateContainer2>
    <CreateContainer3>Works</CreateContainer3>
    <CreateContainer4>Works</CreateContainer4>
    <DeleteContainer>Works</DeleteContainer>
    <DeleteContainer2>Works</DeleteContainer2>
    <DeleteContainer3>Works</DeleteContainer3>
    <DeleteContainer4>Works</DeleteContainer4>
    <DeleteContainer5>Works</DeleteContainer5>
  </Non-restricted_templates>
  <Cross-Reference>
    <ChooseLexicon>Works</ChooseLexicon>
    <ChooseLexiconEdit>Works</ChooseLexiconEdit>
    <ChooseLexiconEdit2>Works</ChooseLexiconEdit2>
    <EntryReferenceTab>Works</EntryReferenceTab>
    <EntryReferenceTab2>Works</EntryReferenceTab2>
    <EntryReferenceTabAttachment>Works</EntryReferenceTabAttachment>
    <EntryReferernceTabAttachment2>Works</EntryReferernceTabAttachment2>
    <EntryReferenceEdit>Works</EntryReferenceEdit>
    <LexiconEditorChanged>Works</LexiconEditorChanged>
    <LexiconEditorLinked>Works</LexiconEditorLinked>
    <LexiconAttachmentTab>Works</LexiconAttachmentTab>
    <SearchLexiconTab>Works</SearchLexiconTab>
  </Cross-Reference>
  <HelpTabTest>
    <HTLexusWebsite>Works</HTLexusWebsite>
  </HelpTabTest>
</LexusBugCheck>
