<?xml version="1.0" encoding="UTF-8"?>
<LexusBugCheck xmlns:xsi="http://www.w3.org/2001/XMLSchema-instance" xsi:schemaLocation="https://idp.mpi.nl/testing https://idp.mpi.nl/testing/xsd_out.php?file=plans/lexus_2011-12-15.xml">
  <DateTime>2012-02-06</DateTime>
  <LexusVersion>3.0 revision 28929</LexusVersion>
  <OSVersion>Windows 7 64bit</OSVersion>
  <Tester>katwoj</Tester>
  <LoginTest>
    <LTDemoLogin>Works</LTDemoLogin>
    <LTTestLogin>Works</LTTestLogin>
  </LoginTest>
  <FileTabTest>
    <FTSafe>Works</FTSafe>
    <FTLogOut>Works</FTLogOut>
  </FileTabTest>
  <SwitchTabTest>
    <STSchemaAndViewEditor>Works</STSchemaAndViewEditor>
    <SToLexiconEditor>Works</SToLexiconEditor>
    <SToWorkspace>Works</SToWorkspace>
    <SToWorkspaceVicos>Works</SToWorkspaceVicos>
  </SwitchTabTest>
  <WorkspaceLexicaTabTest>
    <WLAddNewLexicon>Works</WLAddNewLexicon>
    <WLSaveNewLexicon>Works</WLSaveNewLexicon>
    <WLRemoveLexicon>Works</WLRemoveLexicon>
    <WLSelectLexicon>Works</WLSelectLexicon>
    <WLChangeNameExistingLexicon>Works</WLChangeNameExistingLexicon>
    <WLChangeDescriptionExistingLexicon>Works</WLChangeDescriptionExistingLexicon>
    <WLChangeNoteExistingLexicon>Works</WLChangeNoteExistingLexicon>
    <WLSaveChangeExistingLexicon>Works</WLSaveChangeExistingLexicon>
    <WLDeleteChanges>Works</WLDeleteChanges>
    <WLLoadLexusUsers1>Works</WLLoadLexusUsers1>
    <WLDragAndDropUsers1>Works</WLDragAndDropUsers1>
    <WLLogoutAndLoginAsWs1a>Works</WLLogoutAndLoginAsWs1a>
    <WLRemoveWs1AsDemoUser>Works</WLRemoveWs1AsDemoUser>
    <WLLogoutAndLoginAsWs1b>Works</WLLogoutAndLoginAsWs1b>
    <WLLoadLexusUsers2>Works</WLLoadLexusUsers2>
    <WLDragAndDropUsers2>Works</WLDragAndDropUsers2>
    <WLLogoutAndLoginAsWs2a>Works</WLLogoutAndLoginAsWs2a>
    <WLRemoveUserWs2>Works</WLRemoveUserWs2>
    <WLLogoutAndLoginAsWs2b>Works</WLLogoutAndLoginAsWs2b>
    <WLLLogInDemo>Works</WLLLogInDemo>
  </WorkspaceLexicaTabTest>
  <SortOrdersTabTest>
    <SOOpenSortOrdersTab>Works</SOOpenSortOrdersTab>
    <SOSelectSortOrder></SOSelectSortOrder>
    <SOCreateNewSortOrder1></SOCreateNewSortOrder1>
    <SOCreateNewSortOrder2></SOCreateNewSortOrder2>
    <SOSelectNewSortOrder></SOSelectNewSortOrder>
    <SORemoveInitialCharacters></SORemoveInitialCharacters>
    <SOSaveAdjustedSortOrder></SOSaveAdjustedSortOrder>
    <SOAddInitialCharacters1></SOAddInitialCharacters1>
    <SOAddInitialCharacters2></SOAddInitialCharacters2>
    <SOAddInitialCharacters3></SOAddInitialCharacters3>
    <SORechangePositionCharacters></SORechangePositionCharacters>
    <SODeteteSortOrder1></SODeteteSortOrder1>
    <SOCreateNewSortOrderWithNonLatinCharacters></SOCreateNewSortOrderWithNonLatinCharacters>
    <SOCreateInitialCharacters></SOCreateInitialCharacters>
    <SOSaveAdjustedSortOrder></SOSaveAdjustedSortOrder>
    <SODeteteSortOrder2></SODeteteSortOrder2>
  </SortOrdersTabTest>
  <QueriesAndSearchingTabTestRightTab>
    <QSAdHocSearchDropDownLexiconList>Works</QSAdHocSearchDropDownLexiconList>
    <QSAdHocSearchDropDownWhereList>Works</QSAdHocSearchDropDownWhereList>
    <QSAdHocSearchDropDownListBeginWith1>Works</QSAdHocSearchDropDownListBeginWith1>
    <QSAdHocSearchDropDownListBeginWith2>Works</QSAdHocSearchDropDownListBeginWith2>
    <QSAdHocSearchLexicalEntryDetails>Works</QSAdHocSearchLexicalEntryDetails>
    <QSAdHocSearchDeatailsTab>Works</QSAdHocSearchDeatailsTab>
    <QSAdHocSearchChangeDetails error="#1478">Mostly</QSAdHocSearchChangeDetails>
    <QSAdHocSearchClosePop-up>Works</QSAdHocSearchClosePop-up>
    <QSAdHocSearchLexicalEntryReDo>Works</QSAdHocSearchLexicalEntryReDo>
    <QSAdHocSearchDropDownListEndsWith>Works</QSAdHocSearchDropDownListEndsWith>
    <QSAdHocSearchCheckPreviousModifiedValue>Works</QSAdHocSearchCheckPreviousModifiedValue>
    <QSAdHocSearchCheckPreviousModifiedValueReDo>Works</QSAdHocSearchCheckPreviousModifiedValueReDo>
  </QueriesAndSearchingTabTestRightTab>
  <UnicodeInputTest>
    <UCChangeDescription></UCChangeDescription>
    <UCDescriptionSave></UCDescriptionSave>
    <UCRedoNonLatinDesc></UCRedoNonLatinDesc>
    <UCAddANewSortOrder></UCAddANewSortOrder>
    <UCDeleteUnicodeSortOrder></UCDeleteUnicodeSortOrder>
    <UCCreateANewQuery></UCCreateANewQuery>
    <UCDeleteANewQuery></UCDeleteANewQuery>
    <UCOpenATestLexica></UCOpenATestLexica>
    <UCSelectLexicalEntry></UCSelectLexicalEntry>
    <UCEnteringNonLatinCharacters1></UCEnteringNonLatinCharacters1>
    <UCEnteringNonLatinCharacters2></UCEnteringNonLatinCharacters2>
    <UCDeleteEnteringNonLatinCharacters></UCDeleteEnteringNonLatinCharacters>
  </UnicodeInputTest>
  <ReadOnlyTest>
    <ROLoginAsUserWs1>Works</ROLoginAsUserWs1>
    <RONotEditableFields1>Works</RONotEditableFields1>
    <RONotEditableFields2>Works</RONotEditableFields2>
    <RONotEditableFields3>Works</RONotEditableFields3>
    <ROSchemaElementsNotEditable1>Works</ROSchemaElementsNotEditable1>
    <ROSchemaElementsNotEditable2>Works</ROSchemaElementsNotEditable2>
    <ROLexiconEditorEntryFields>Works</ROLexiconEditorEntryFields>
    <ROLexiconEditorFiltersTab error="#1479">Fails</ROLexiconEditorFiltersTab>
  </ReadOnlyTest>
  <SchemaAndViewEditorSchemaElementTest>
    <SVENewLexiconInTheWorkspace>Works</SVENewLexiconInTheWorkspace>
    <SVEAddDataComponent>Works</SVEAddDataComponent>
    <SVEAddDataCategory>Works</SVEAddDataCategory>
    <SVEMoreElements>Works</SVEMoreElements>
    <SVEChangingtoISOCat>Works</SVEChangingtoISOCat>
    <SVEChangingToISOCat1>Works</SVEChangingToISOCat1>
    <SVEChangingToISOCat2>Works</SVEChangingToISOCat2>
    <SVEChangingToISOCat3>Works</SVEChangingToISOCat3>
    <SVEChangingToToolbox1>Works</SVEChangingToToolbox1>
    <SVEChangingToToolbox2>Works</SVEChangingToToolbox2>
    <SVEAssignSortOrder1>Works</SVEAssignSortOrder1>
    <SVEAutoSave>Works</SVEAutoSave>
    <SVEAutoSaveNo>Works</SVEAutoSaveNo>
    <SVEAssignSortOrder2>Works</SVEAssignSortOrder2>
  </SchemaAndViewEditorSchemaElementTest>
  <SchemaAndViewEditorViewEditorTest>
    <SVEOpenLexicon>Works</SVEOpenLexicon>
    <SVEAddANewView>Works</SVEAddANewView>
    <SVESaveLexeme error="#878">Strange</SVESaveLexeme>
    <SVEFormattingViewD1></SVEFormattingViewD1>
    <SVEFormattingViewD2></SVEFormattingViewD2>
    <SVEFormattingViewD3></SVEFormattingViewD3>
    <SVEFormattingViewD4></SVEFormattingViewD4>
    <SVEFormattingViewD5></SVEFormattingViewD5>
    <SVEFormattingViewD6></SVEFormattingViewD6>
    <SVEFormattingViewDCheck></SVEFormattingViewDCheck>
    <SVEFormattingViewSepBl></SVEFormattingViewSepBl>
    <SVEFormattingViewDReDo></SVEFormattingViewDReDo>
    <SVEFormattingViewClass1></SVEFormattingViewClass1>
    <SVEFormattingViewClass2></SVEFormattingViewClass2>
    <SVEFormattingViewClass3></SVEFormattingViewClass3>
    <SVEFormattingViewClass4></SVEFormattingViewClass4>
    <SVEFormattingViewClass5></SVEFormattingViewClass5>
    <SVEFormattingViewTable1></SVEFormattingViewTable1>
    <SVEFormattingViewTable2></SVEFormattingViewTable2>
    <SVEFormattingViewTable3></SVEFormattingViewTable3>
    <SVEFormattingViewTable4></SVEFormattingViewTable4>
    <SVEFormattingViewTable5></SVEFormattingViewTable5>
    <SVEFormattingViewTable6></SVEFormattingViewTable6>
    <SVEFormattingViewTable7></SVEFormattingViewTable7>
    <SVEFormattingViewTable9></SVEFormattingViewTable9>
    <SVEFormattingViewTable10></SVEFormattingViewTable10>
    <SVEFormattingViewTable11></SVEFormattingViewTable11>
  </SchemaAndViewEditorViewEditorTest>
  <LexiconEditorTest>
    <LEAddLexicalEntry></LEAddLexicalEntry>
    <LESaveModified1></LESaveModified1>
    <LENSaveModified></LENSaveModified>
    <LESaveModified2></LESaveModified2>
    <LEModifyPicture></LEModifyPicture>
    <LEUploadImage></LEUploadImage>
    <LESaveModified3></LESaveModified3>
    <LESaveModified4></LESaveModified4>
    <LEPictureEditBox></LEPictureEditBox>
    <LEArchivePopUp></LEArchivePopUp>
    <LEInstertMPINode></LEInstertMPINode>
    <LEResourceSave></LEResourceSave>
    <LEMagnifier></LEMagnifier>
    <LEWordListSorting1></LEWordListSorting1>
    <LEWordListSorting2></LEWordListSorting2>
    <LEChangePositioninSortOrder></LEChangePositioninSortOrder>
    <LETreeView></LETreeView>
    <LEAddFeatureSense></LEAddFeatureSense>
    <LEAddGloss></LEAddGloss>
    <LEAddValueGloss></LEAddValueGloss>
    <LEModifyNonLatin></LEModifyNonLatin>
    <LEChangeSortOrderCyrillic></LEChangeSortOrderCyrillic>
    <LECheckSortOrderAdjusted></LECheckSortOrderAdjusted>
    <LEChangingCyrillicLetterPosition></LEChangingCyrillicLetterPosition>
    <LESwitchLexicon></LESwitchLexicon>
    <LESelectingGrapheme1></LESelectingGrapheme1>
    <LEVideoImage></LEVideoImage>
    <LEVideoSound></LEVideoSound>
    <LELinkToArchive></LELinkToArchive>
    <LEOpenLinkToArchive></LEOpenLinkToArchive>
    <LELexiconWordCheck1></LELexiconWordCheck1>
    <LEFilterCheck></LEFilterCheck>
    <LEResultsFilterCheck></LEResultsFilterCheck>
    <LEResultsFilterDelete></LEResultsFilterDelete>
    <LELexiconWordCheck2></LELexiconWordCheck2>
    <LEdOpenWordList></LEdOpenWordList>
    <LEdDeleteEntry></LEdDeleteEntry>
    <LEdDeleteEntryCheck></LEdDeleteEntryCheck>
    <LEdDeleteLexicon></LEdDeleteLexicon>
  </LexiconEditorTest>
  <FilterTest>
    <FTOpen></FTOpen>
    <FTCreateFilter1></FTCreateFilter1>
    <FTCreateFilter2></FTCreateFilter2>
    <FTLexicon1></FTLexicon1>
    <FTLexicon2></FTLexicon2>
    <FTLexicon></FTLexicon>
    <FTDelete></FTDelete>
  </FilterTest>
  <ToolboxConvertTest>
    <TCSelectingFiles></TCSelectingFiles>
    <TCUploading1></TCUploading1>
    <TCUploading2></TCUploading2>
    <TCUploading3></TCUploading3>
    <TCFileErrorTest></TCFileErrorTest>
  </ToolboxConvertTest>
  <ImportXMLLexusTest>
    <IExistingLexica></IExistingLexica>
    <IExistingLexicaBrowseXML1></IExistingLexicaBrowseXML1>
    <IExistingLexicaBrowseXML2></IExistingLexicaBrowseXML2>
    <IExistingLexicaBrowseXML3></IExistingLexicaBrowseXML3>
    <IExistingLexicaLexiconInTheList></IExistingLexicaLexiconInTheList>
    <IExistingLexicaDelete></IExistingLexicaDelete>
  </ImportXMLLexusTest>
  <ExportTabTest>
    <ExpToPDF1></ExpToPDF1>
    <ExpToPDF2></ExpToPDF2>
    <ExpToPDF3></ExpToPDF3>
    <ExpToXML1></ExpToXML1>
    <ExpToXML2></ExpToXML2>
    <ExpToXML3></ExpToXML3>
  </ExportTabTest>
  <HelpTabTest>
    <HTLexusWebsite></HTLexusWebsite>
    <HTActivateUnicodeInput></HTActivateUnicodeInput>
  </HelpTabTest>
</LexusBugCheck>
