<?xml version="1.0" encoding="UTF-8"?>
<MetadataBugCheck xmlns:xsi="http://www.w3.org/2001/XMLSchema-instance" xsi:schemaLocation="https://idp.mpi.nl/testing https://idp.mpi.nl/testing/xsd_out.php?file=plans/Metadata_IMD_search_2012-03-02.xml">
  <DateTime></DateTime>
  <MetadataVersion></MetadataVersion>
  <OSVersion></OSVersion>
  <Tester>anavog</Tester>
  <Metadata_IMD_search>
    <OpenMetadataSearch></OpenMetadataSearch>
    <SearchOptions_></SearchOptions_>
    <SimpleSearch></SimpleSearch>
    <AdvancedSearch></AdvancedSearch>
    <AdvancedSearchKeys></AdvancedSearchKeys>
    <DropDownList></DropDownList>
    <ExtendSearchOptions></ExtendSearchOptions>
    <AddConstraint></AddConstraint>
    <DeleteConstraint></DeleteConstraint>
    <Constraint></Constraint>
    <AdditionalConstraint></AdditionalConstraint>
    <Xkey></Xkey>
    <DemonstrationVideo></DemonstrationVideo>
    <HelpKey></HelpKey>
  </Metadata_IMD_search>
  <Search_Results>
    <SearchResults></SearchResults>
    <RightClickOnSearchResults></RightClickOnSearchResults>
    <ShowSessionWithTree></ShowSessionWithTree>
    <ShowSession></ShowSession>
    <ContentSearch></ContentSearch>
    <Save>Works</Save>
    <Print>Works</Print>
  </Search_Results>
</MetadataBugCheck>
