<?xml version="1.0" encoding="UTF-8"?>
<MetadataBugCheck xmlns:xsi="http://www.w3.org/2001/XMLSchema-instance" xsi:schemaLocation="https://lux15.mpi.nl/testing https://lux15.mpi.nl/testing/xsd_out.php?file=plans/Metadata_IMD_search_2012-03-02.xml">
  <DateTime>2014-01-23</DateTime>
  <MetadataVersion>In IMdi 1.4.0</MetadataVersion>
  <OSVersion>Lux17, Mac, Firefox.</OSVersion>
  <Tester>sauciv</Tester>
  <TestPlanRevision>39774</TestPlanRevision>
  <Metadata_IMD_search>
    <OpenMetadataSearch>Works</OpenMetadataSearch>
    <SearchOptions_>Works</SearchOptions_>
    <SimpleSearch>Works</SimpleSearch>
    <AdvancedSearch>Works</AdvancedSearch>
    <AdvancedSearchKeys>Works</AdvancedSearchKeys>
    <AdvancedSearchShowOccurence>Works</AdvancedSearchShowOccurence>
    <AdvancedSearchShowOccurence2>Works</AdvancedSearchShowOccurence2>
    <DropDownList>Works</DropDownList>
    <ExtendSearchOptions>Works</ExtendSearchOptions>
    <AddConstraint>Works</AddConstraint>
    <DeleteConstraint>Works</DeleteConstraint>
    <Constraint>Works</Constraint>
    <AdditionalConstraint>Works</AdditionalConstraint>
    <Xkey>Works</Xkey>
    <HelpKey>Works</HelpKey>
  </Metadata_IMD_search>
  <Search_Results>
    <SearchResults>Works</SearchResults>
    <SearchResults2>Works</SearchResults2>
    <SearchResults3>Works</SearchResults3>
    <RightClickOnSearchResults>Works</RightClickOnSearchResults>
    <ShowSessionWithTree>Works</ShowSessionWithTree>
    <ShowSession>Works</ShowSession>
    <ContentSearch>Works</ContentSearch>
    <ContentSearch2>Works</ContentSearch2>
    <Save>Works</Save>
    <Print error="#3627">Fails</Print>
  </Search_Results>
</MetadataBugCheck>
