<?xml version="1.0" encoding="UTF-8"?>
<MetadataBugCheck xmlns:xsi="http://www.w3.org/2001/XMLSchema-instance" xsi:schemaLocation="https://idp.mpi.nl/testing https://idp.mpi.nl/testing/xsd_out.php?file=plans/Metadata_IMD_search_2012-03-02.xml">
  <DateTime></DateTime>
  <MetadataVersion></MetadataVersion>
  <OSVersion></OSVersion>
  <Tester>anavog</Tester>
  <Metadata_IMD_search>
    <OpenMetadataSearch>Works</OpenMetadataSearch>
    <SearchOptions_>Works</SearchOptions_>
    <SimpleSearch>Works</SimpleSearch>
    <AdvancedSearch>Works</AdvancedSearch>
    <AdvancedSearchKeys>Works</AdvancedSearchKeys>
    <DropDownList>Works</DropDownList>
    <ExtendSearchOptions>Works</ExtendSearchOptions>
    <AddConstraint>Works</AddConstraint>
    <Constraint>Works</Constraint>
    <AdditionalConstraint error="#1603">Fails</AdditionalConstraint>
    <Xkey>Works</Xkey>
    <DemonstrationVideo error="#1606 ">Fails</DemonstrationVideo>
    <HelpKey>Works</HelpKey>
  </Metadata_IMD_search>
  <Search_Results>
    <SearchResults>Works</SearchResults>
    <RightClickOnSearchResults>Works</RightClickOnSearchResults>
    <ShowSessionWithTree>Works</ShowSessionWithTree>
    <ShowSession>Works</ShowSession>
    <ContentSearch error="#1604 ">Fails</ContentSearch>
  </Search_Results>
</MetadataBugCheck>
