<?xml version="1.0" encoding="UTF-8"?>
<RRSBugCheck xmlns:xsi="http://www.w3.org/2001/XMLSchema-instance" xsi:schemaLocation="https://idp.mpi.nl/testing https://idp.mpi.nl/testing/xsd_out.php?file=plans/RRS_2012-06-13.xml">
  <DateTime>2012-06-25</DateTime>
  <RRSVersion>1.5</RRSVersion>
  <OSVersion>Windows7 (64b) - Firefox 10.0.1</OSVersion>
  <Tester>frabec</Tester>
  <LANA-ImageA>
    <OpenRRS-LanaA></OpenRRS-LanaA>
    <RegistrationPage-LanaA></RegistrationPage-LanaA>
    <Registration1-LanaA></Registration1-LanaA>
    <Registration2-LanaA></Registration2-LanaA>
    <Registration3-LanaA></Registration3-LanaA>
    <Registration4-LanaA></Registration4-LanaA>
    <LicenseCheck-LanaA></LicenseCheck-LanaA>
    <LicenseCheck2-LanaA></LicenseCheck2-LanaA>
    <IMDI-LanaA></IMDI-LanaA>
    <IMDINode-LanaA></IMDINode-LanaA>
    <Login-LanaA></Login-LanaA>
    <LogIn2-LanaA></LogIn2-LanaA>
    <IMDINode2-LanaA></IMDINode2-LanaA>
  </LANA-ImageA>
  <LANA-ImageB>
    <OpenRRS-LanaB></OpenRRS-LanaB>
    <RegistrationPage-LanaB></RegistrationPage-LanaB>
    <Registration1-LanaB></Registration1-LanaB>
    <Registration2-LanaB></Registration2-LanaB>
    <Registration3-LanaB></Registration3-LanaB>
    <Registration4-LanaB></Registration4-LanaB>
    <LicenseCheck-LanaB></LicenseCheck-LanaB>
    <LicenseCheck2-LanaB></LicenseCheck2-LanaB>
    <IMDI-LanaB></IMDI-LanaB>
    <IMDINode-LanaB></IMDINode-LanaB>
    <Login-LanaB></Login-LanaB>
    <Login2-LanaB></Login2-LanaB>
    <IMDINode2-LanaB></IMDINode2-LanaB>
  </LANA-ImageB>
  <LANA-ImageC>
    <OpenRRS-LanaC></OpenRRS-LanaC>
  </LANA-ImageC>
  <ShibbolethUnfederated>
    <OpenRRS>Works</OpenRRS>
    <RegistrationPage>Works</RegistrationPage>
    <Registration1>Works</Registration1>
    <Registration2>Works</Registration2>
    <Registration3>Works</Registration3>
    <Registration4>Works</Registration4>
    <LicenseCheck>Works</LicenseCheck>
    <LicenseCheck2 error="See ticket #2070">Fails</LicenseCheck2>
    <IMDI>Works</IMDI>
    <IMDINode>Works</IMDINode>
    <Login>Works</Login>
    <LogIn2>Works</LogIn2>
    <IMDINode2>Works</IMDINode2>
  </ShibbolethUnfederated>
  <ShibbolethFederated>
    <OpenRRS-Sh.Fed.></OpenRRS-Sh.Fed.>
    <RegistrationPage-Sh.Fed.></RegistrationPage-Sh.Fed.>
    <Registration1-Sh.Fed.></Registration1-Sh.Fed.>
    <Registration2-Sh.Fed.></Registration2-Sh.Fed.>
    <Registration3-Sh.Fed.></Registration3-Sh.Fed.>
    <Registration4-Sh.Fed.></Registration4-Sh.Fed.>
    <LicenseCheck-Sh.Fed.></LicenseCheck-Sh.Fed.>
    <LicenseCheck2-Sh.Fed.></LicenseCheck2-Sh.Fed.>
    <IMDI-Sh.Fed.></IMDI-Sh.Fed.>
    <IMDINode-Sh.Fed.></IMDINode-Sh.Fed.>
    <Login-Sh.Fed.></Login-Sh.Fed.>
    <Login2-Sh.Fed.></Login2-Sh.Fed.>
    <IMDINode2-Sh.Fed.></IMDINode2-Sh.Fed.>
  </ShibbolethFederated>
  <ShibbolethMixed/>
</RRSBugCheck>
