<?xml version="1.0" encoding="UTF-8"?>
<RRSBugCheck xmlns:xsi="http://www.w3.org/2001/XMLSchema-instance" xsi:schemaLocation="https://lux15.mpi.nl/testing https://lux15.mpi.nl/testing/xsd_out.php?file=plans/RRS_2012-06-13.xml">
  <DateTime>2013-03-06</DateTime>
  <RRSVersion></RRSVersion>
  <OSVersion>Windows 7; Firefox 24.3.0</OSVersion>
  <Tester>frabec</Tester>
  <TestPlanRevision>40259</TestPlanRevision>
  <LANA-ImageA>
    <OpenRRS-LanaA></OpenRRS-LanaA>
    <RegistrationPage-LanaA></RegistrationPage-LanaA>
    <Registration1-LanaA></Registration1-LanaA>
    <Registration2-LanaA></Registration2-LanaA>
    <Registration3-LanaA></Registration3-LanaA>
    <Registration4-LanaA></Registration4-LanaA>
    <LicenseCheck-LanaA></LicenseCheck-LanaA>
    <LicenseCheck2-LanaA></LicenseCheck2-LanaA>
    <IMDI-LanaA></IMDI-LanaA>
    <IMDINode-LanaA></IMDINode-LanaA>
    <Login-LanaA></Login-LanaA>
    <LogIn2-LanaA></LogIn2-LanaA>
    <IMDINode2-LanaA></IMDINode2-LanaA>
  </LANA-ImageA>
  <LANA-ImageB>
    <OpenRRS-LanaB></OpenRRS-LanaB>
    <RegistrationPage-LanaB></RegistrationPage-LanaB>
    <Registration1-LanaB></Registration1-LanaB>
    <Registration2-LanaB></Registration2-LanaB>
    <Registration3-LanaB></Registration3-LanaB>
    <Registration4-LanaB></Registration4-LanaB>
    <LicenseCheck-LanaB></LicenseCheck-LanaB>
    <LicenseCheck2-LanaB></LicenseCheck2-LanaB>
    <IMDI-LanaB></IMDI-LanaB>
    <IMDINode-LanaB></IMDINode-LanaB>
    <Login-LanaB></Login-LanaB>
    <Login2-LanaB></Login2-LanaB>
    <IMDINode2-LanaB></IMDINode2-LanaB>
  </LANA-ImageB>
  <LANA-ImageC>
    <OpenRRS-LanaC></OpenRRS-LanaC>
  </LANA-ImageC>
  <ShibbolethUnfederated>
    <OpenRRS>Works</OpenRRS>
    <RegistrationPage>Works</RegistrationPage>
    <Registration1>Works</Registration1>
    <Registration2>Works</Registration2>
    <Registration3>Works</Registration3>
    <Registration4>Works</Registration4>
    <LicenseCheck>Works</LicenseCheck>
    <LicenseCheck2 error="No Dobes Code of Conduct visible. Error message. Details: Error calling action method of component with id amsNavForm:_idJsp0 caused by: Exception while invoking expression #{licsAccptcBB.doLoad} ">Fails</LicenseCheck2>
    <LogOut_>Works</LogOut_>
    <IMDI error="I can open the IMDI Browser page and see the tree on the left, but in the main panel on the right I get this error message: I/O Exception: nodeURL=https://lux16.mpi.nl/corpora/Corpusstructure/demo-lux16-real-archive.imdi javax.net.ssl.SSLHandshakeException: sun.security.validator.ValidatorException: PKIX path validation failed: java.security.cert.CertPathValidatorException: timestamp check failed.">Mostly</IMDI>
    <IMDINode>Works</IMDINode>
    <Login>Works</Login>
    <LogIn2>Works</LogIn2>
    <IMDINode2>Works</IMDINode2>
  </ShibbolethUnfederated>
  <ShibbolethFederated>
    <OpenRRS-ShFed>Works</OpenRRS-ShFed>
    <RegistrationPage-ShFed>Works</RegistrationPage-ShFed>
    <ShibAuthenticate1-ShFed>Works</ShibAuthenticate1-ShFed>
    <ShibAuthenticate2-ShFed>Works</ShibAuthenticate2-ShFed>
    <ShibAuthenticate3-ShFed>Works</ShibAuthenticate3-ShFed>
    <Registration1-ShFed>Works</Registration1-ShFed>
    <Registration2-ShFed>Works</Registration2-ShFed>
    <Registration3-ShFed>Works</Registration3-ShFed>
    <Registration4-ShFed>Works</Registration4-ShFed>
    <LicenseCheck-ShFed>Works</LicenseCheck-ShFed>
    <LicenseCheck2-ShFed>Works</LicenseCheck2-ShFed>
    <LogOut>Works</LogOut>
    <IMDI-ShFed>Works</IMDI-ShFed>
    <IMDINode-ShFed>Works</IMDINode-ShFed>
    <Login-ShFed>Works</Login-ShFed>
    <Login2-ShFed>Works</Login2-ShFed>
    <IMDINode2-ShFed>Works</IMDINode2-ShFed>
    <AMS1-ShFed>Works</AMS1-ShFed>
    <AMS2-ShFed>Works</AMS2-ShFed>
    <AMS3-ShFed error="Windows 7: the only non-editable field is the UID. The other two can be actually edited, although you get this message: &quot;Please note: When the UID-Domain differs from the default, the user have to authenticate with his full qualifying Federation-UID [username][at][uid-domain], e.g. johndoe@example.demo&quot;.">Fails</AMS3-ShFed>
    <AMS4-ShFed>Works</AMS4-ShFed>
    <Delete-registration>Works</Delete-registration>
  </ShibbolethFederated>
  <ShibbolethMixed/>
</RRSBugCheck>
