<?xml version="1.0" encoding="UTF-8"?>
<TrovaBugCheck xmlns:xsi="http://www.w3.org/2001/XMLSchema-instance" xsi:schemaLocation="https://idp.mpi.nl/testing https://idp.mpi.nl/testing/xsd_out.php?file=plans/trova_2012-03-05.xml">
  <DateTime>14 - 03 - 2012</DateTime>
  <TrovaVersion>TROVA 1.1.29759</TrovaVersion>
  <OSVersion>Windows 7, Internet Explorer 9, Java 6.0.300.12</OSVersion>
  <Tester>frabec</Tester>
  <StartingTrova>
    <StartingIMDI_Browser>Works</StartingIMDI_Browser>
    <StartingTrova>Works</StartingTrova>
    <AddMoreNodes>Works</AddMoreNodes>
  </StartingTrova>
  <LogInTest>
    <LogIn>Works</LogIn>
    <LogInVerification>Works</LogInVerification>
  </LogInTest>
  <SimpleSearch>
    <Find>Works</Find>
    <AnnotationTypes>Works</AnnotationTypes>
    <Domain>Works</Domain>
    <ActionConcordanceView>Works</ActionConcordanceView>
    <ShowInfoBalloons>Works</ShowInfoBalloons>
    <ActionFrequencyViewAnnotation>Works</ActionFrequencyViewAnnotation>
    <ActionFrequencyViewFrequency>Works</ActionFrequencyViewFrequency>
    <ActionHitTranscription>Works</ActionHitTranscription>
    <ActionHitCorpusTree>Works</ActionHitCorpusTree>
    <ActionSaveUTF-8>Works</ActionSaveUTF-8>
    <ActionSaveUTF-16>Works</ActionSaveUTF-16>
    <Page>Works</Page>
    <Font>Works</Font>
    <ContextSize>Works</ContextSize>
  </SimpleSearch>
  <SingleLayerSearch>
    <Find>Works</Find>
    <AnnotationTypes>Works</AnnotationTypes>
    <Domain>Works</Domain>
    <ModeAnnotation>Works</ModeAnnotation>
    <ModeN-GramOverAnnotations>Works</ModeN-GramOverAnnotations>
    <ModeN-GramWithinAnnotation>Works</ModeN-GramWithinAnnotation>
    <Wildcard>Works</Wildcard>
    <Negation>Works</Negation>
    <ModeAnnotationExtraTier1>Works</ModeAnnotationExtraTier1>
    <ModeAnnotationExtraTier2>Works</ModeAnnotationExtraTier2>
    <ModeAnnotationExtraTier3>Works</ModeAnnotationExtraTier3>
    <TierChoiceSort>Works</TierChoiceSort>
    <ModeCaseInsensitive>Works</ModeCaseInsensitive>
    <ModeCaseSensitive>Works</ModeCaseSensitive>
    <ModeSubstringMatch>Works</ModeSubstringMatch>
    <ModeExactMatch>Works</ModeExactMatch>
    <ModeRegularExpression>Works</ModeRegularExpression>
    <ActionConcordanceView>Works</ActionConcordanceView>
    <ShowInfoBalloons>Works</ShowInfoBalloons>
    <ActionFrequencyViewAnnotation error="#1623 Instead of the results in alphabetical order this sentence appeared: [Requested sub-list array index span out of range: [0...15]]">Strange</ActionFrequencyViewAnnotation>
    <ActionFrequencyViewFrequency error="#1623 As in the previous test, instead of percentages in decrescent order, it showed only one, negative, percentage">Strange</ActionFrequencyViewFrequency>
    <ActionHitTranscription>Works</ActionHitTranscription>
    <ActionHitCorpusTree>Works</ActionHitCorpusTree>
    <ActionSaveUTF-8>Works</ActionSaveUTF-8>
    <ActionSaveUTF-16>Works</ActionSaveUTF-16>
    <Page>Works</Page>
    <Font>Works</Font>
    <ContextSize>Works</ContextSize>
    <History>Works</History>
  </SingleLayerSearch>
  <MultipleLayerSearch>
    <SearchString1>Works</SearchString1>
    <AnnotationTypes>Works</AnnotationTypes>
    <Domain>Works</Domain>
    <SearchString2>Works</SearchString2>
    <SearchString3>Works</SearchString3>
    <SearchString4>Works</SearchString4>
    <SearchString5>Works</SearchString5>
    <SearchString6>Works</SearchString6>
    <ActionShowHits>Works</ActionShowHits>
    <ShowInfoBalloons>Works</ShowInfoBalloons>
    <ActionHitTranscritpion>Works</ActionHitTranscritpion>
    <ActionHitCorpusTree>Works</ActionHitCorpusTree>
    <ActionSaveUTF-8>Works</ActionSaveUTF-8>
    <ActionSaveUTF-16>Works</ActionSaveUTF-16>
    <TierChoiceSort>Works</TierChoiceSort>
    <ModeCaseInsensitive>Works</ModeCaseInsensitive>
    <ModeCaseSensitive>Works</ModeCaseSensitive>
    <ModeSubstringMatch>Works</ModeSubstringMatch>
    <ModeExactMatch>Works</ModeExactMatch>
    <ModeRegularExpression>Works</ModeRegularExpression>
    <ModeRegularExpression2>Works</ModeRegularExpression2>
    <ModeResetForm>Works</ModeResetForm>
    <ModeUnicodeInput1>Works</ModeUnicodeInput1>
    <ModeUnicodeInput2>Works</ModeUnicodeInput2>
    <TimeMinimalDuration>Works</TimeMinimalDuration>
    <TimeMaximalDuration>Works</TimeMaximalDuration>
    <ImpossibleQuery>Works</ImpossibleQuery>
    <TimeBeginAfter error="see #1624">Mostly</TimeBeginAfter>
    <TimeEndBefore error="see #1624">Mostly</TimeEndBefore>
    <ImpossibleQuery>Works</ImpossibleQuery>
    <TimeVerification>Works</TimeVerification>
    <Page>Works</Page>
    <Font>Works</Font>
    <History>Works</History>
  </MultipleLayerSearch>
  <LogOutTest>
    <LogOut>Works</LogOut>
  </LogOutTest>
</TrovaBugCheck>
