<?xml version="1.0" encoding="UTF-8"?>
<TrovaBugCheck xmlns:xsi="http://www.w3.org/2001/XMLSchema-instance" xsi:schemaLocation="https://lux15.mpi.nl/testing https://lux15.mpi.nl/testing/xsd_out.php?file=plans/trova_2012-03-05.xml">
  <DateTime>2013-05-06</DateTime>
  <TrovaVersion>1.4.36721</TrovaVersion>
  <OSVersion>Windows 7, Firefox 10.0.1, Java 1.7.0_13</OSVersion>
  <Tester>frabec</Tester>
  <TestPlanRevision>36869</TestPlanRevision>
  <StartingTrova>
    <StartingIMDI_Browser>Works</StartingIMDI_Browser>
    <LogIn>Works</LogIn>
    <LogInVerification>Works</LogInVerification>
    <StartingTrova>Works</StartingTrova>
    <AddMoreNodes>Works</AddMoreNodes>
  </StartingTrova>
  <SubstringSearch>
    <Find>Works</Find>
    <AnnotationTypes>Works</AnnotationTypes>
    <Domain>Works</Domain>
    <ActionConcordanceView>Works</ActionConcordanceView>
    <ShowInfoBalloons>Works</ShowInfoBalloons>
    <ActionFrequencyViewAnnotation>Works</ActionFrequencyViewAnnotation>
    <ActionFrequencyViewFrequency>Works</ActionFrequencyViewFrequency>
    <ActionHitTranscription>Works</ActionHitTranscription>
    <ActionHitCorpusTree>Works</ActionHitCorpusTree>
    <ActionSaveHits error="when you click on 'Export' nothing happens.">Fails</ActionSaveHits>
    <Page>Works</Page>
    <Font>Works</Font>
    <ContextSize>Works</ContextSize>
  </SubstringSearch>
  <SingleLayerSearch>
    <Find>Works</Find>
    <AnnotationTypes>Works</AnnotationTypes>
    <Domain>Works</Domain>
    <ModeAnnotation>Works</ModeAnnotation>
    <ModeN-GramOverAnnotations>Works</ModeN-GramOverAnnotations>
    <ModeN-GramWithinAnnotation>Works</ModeN-GramWithinAnnotation>
    <Wildcard>Works</Wildcard>
    <Negation>Works</Negation>
    <ModeAnnotationExtraTier1>Works</ModeAnnotationExtraTier1>
    <ModeAnnotationExtraTier2>Works</ModeAnnotationExtraTier2>
    <ModeAnnotationExtraTier3>Works</ModeAnnotationExtraTier3>
    <TierChoiceSort>Works</TierChoiceSort>
    <ModeCaseInsensitive>Works</ModeCaseInsensitive>
    <ModeCaseSensitive>Works</ModeCaseSensitive>
    <ModeSubstringMatch>Works</ModeSubstringMatch>
    <ModeExactMatch>Works</ModeExactMatch>
    <ModeRegularExpression>Works</ModeRegularExpression>
    <ActionConcordanceView>Works</ActionConcordanceView>
    <ShowInfoBalloons>Works</ShowInfoBalloons>
    <ActionFrequencyViewAnnotation>Works</ActionFrequencyViewAnnotation>
    <ActionFrequencyViewFrequency>Works</ActionFrequencyViewFrequency>
    <ActionHitTranscription>Works</ActionHitTranscription>
    <ActionHitCorpusTree>Works</ActionHitCorpusTree>
    <ActionSaveHits error="when you click on 'Export' nothing happens.">Fails</ActionSaveHits>
    <Page>Works</Page>
    <Font>Works</Font>
    <ContextSize>Works</ContextSize>
    <History>Works</History>
  </SingleLayerSearch>
  <MultipleLayerSearch>
    <SearchString1>Works</SearchString1>
    <AnnotationTypes>Works</AnnotationTypes>
    <Domain>Works</Domain>
    <SearchString2>Works</SearchString2>
    <SearchString3>Works</SearchString3>
    <SearchString4>Works</SearchString4>
    <SearchString5>Works</SearchString5>
    <SearchString6>Works</SearchString6>
    <SameParent>Works</SameParent>
    <ParentChild>Works</ParentChild>
    <SameFile>Works</SameFile>
    <MultpleConstraints>Works</MultpleConstraints>
    <Wildcard>Works</Wildcard>
    <Negation>Works</Negation>
    <ActionShowHits>Works</ActionShowHits>
    <ShowInfoBalloons>Works</ShowInfoBalloons>
    <ActionHitTranscritpion>Works</ActionHitTranscritpion>
    <ActionHitCorpusTree error="it opens the general IMDI browser page, but not the specific selected node in the tree; see ticket #2935">Mostly</ActionHitCorpusTree>
    <ActionSaveHits error="it opens the wrong dialogue window, but it does save the result all the same.">Mostly</ActionSaveHits>
    <SortTierLists error="tiers beginning with capital letters are moved to the top of the list, regardless of the letter they begin with; see ticket  #2934">Mostly</SortTierLists>
    <ModeCaseInsensitive>Works</ModeCaseInsensitive>
    <ModeCaseSensitive>Works</ModeCaseSensitive>
    <ModeSubstringMatch>Works</ModeSubstringMatch>
    <ModeExactMatch>Works</ModeExactMatch>
    <ModeRegularExpression>Works</ModeRegularExpression>
    <ModeRegularExpression2>Works</ModeRegularExpression2>
    <ModeVariableMatch>Works</ModeVariableMatch>
    <ModeResetForm>Works</ModeResetForm>
    <ModeUnicodeInput1>Works</ModeUnicodeInput1>
    <ModeUnicodeInput2>Works</ModeUnicodeInput2>
    <TimeMinimalDuration>Works</TimeMinimalDuration>
    <TimeMaximalDuration>Works</TimeMaximalDuration>
    <TimeBeginAfter>Works</TimeBeginAfter>
    <TimeEndBefore>Works</TimeEndBefore>
    <ImpossibleQuery>Works</ImpossibleQuery>
    <TimeVerification>Works</TimeVerification>
    <Page>Works</Page>
    <Font>Works</Font>
    <History>Works</History>
    <ShowTimeAlignment1>Works</ShowTimeAlignment1>
    <ShowTimeAlignment2>Works</ShowTimeAlignment2>
    <Scale1>Works</Scale1>
    <Scale2>Works</Scale2>
    <InfoViewOptions1>Works</InfoViewOptions1>
    <InfoViewOptions2>Works</InfoViewOptions2>
    <InfoViewOptions3>Works</InfoViewOptions3>
  </MultipleLayerSearch>
  <LogOutTest>
    <LogOut error="the log out works according to the page you have logged in first. I.e. if you logged in in the IMDI browser page, you will have to log out from there.">Mostly</LogOut>
  </LogOutTest>
</TrovaBugCheck>
