<?xml version="1.0" encoding="UTF-8"?>
<TrovaBugCheck xmlns:xsi="http://www.w3.org/2001/XMLSchema-instance" xsi:schemaLocation="https://idp.mpi.nl/testing https://idp.mpi.nl/testing/xsd_out.php?file=plans/trova_2012-03-05.xml">
  <DateTime></DateTime>
  <TrovaVersion></TrovaVersion>
  <OSVersion></OSVersion>
  <Tester>frabec</Tester>
  <StartingTrova>
    <StartingIMDI_Browser></StartingIMDI_Browser>
    <StartingTrova></StartingTrova>
    <AddMoreNodes></AddMoreNodes>
  </StartingTrova>
  <LogInTest>
    <LogIn></LogIn>
    <LogInVerification></LogInVerification>
  </LogInTest>
  <SimpleSearch>
    <Find></Find>
    <ActionConcordanceView></ActionConcordanceView>
    <ShowInfoBallons></ShowInfoBallons>
    <ActionFrequencyViewAnnotation></ActionFrequencyViewAnnotation>
    <ActionFrequencyViewFrequency></ActionFrequencyViewFrequency>
    <ActionHitTranscription></ActionHitTranscription>
    <ActionHitCorpusTree></ActionHitCorpusTree>
    <ActionSaveUTF-8></ActionSaveUTF-8>
    <Page></Page>
    <Font></Font>
  </SimpleSearch>
  <group2/>
</TrovaBugCheck>
