<?xml version="1.0" encoding="UTF-8"?>
<TrovaBugCheck xmlns:xsi="http://www.w3.org/2001/XMLSchema-instance" xsi:schemaLocation="https://idp.mpi.nl/testing https://idp.mpi.nl/testing/xsd_out.php?file=plans/trova_2012-03-05.xml">
  <DateTime></DateTime>
  <TrovaVersion></TrovaVersion>
  <OSVersion></OSVersion>
  <Tester>frabec</Tester>
  <StartingTrova>
    <StartingIMDI_Browser></StartingIMDI_Browser>
    <StartingTrova></StartingTrova>
    <AddMoreNodes></AddMoreNodes>
  </StartingTrova>
  <LogInTest>
    <LogIn></LogIn>
    <LogInVerification></LogInVerification>
  </LogInTest>
  <SimpleSearch>
    <Find></Find>
    <AnnotationTypes></AnnotationTypes>
    <Domain></Domain>
    <ActionConcordanceView></ActionConcordanceView>
    <ShowInfoBallons></ShowInfoBallons>
    <ActionFrequencyViewAnnotation></ActionFrequencyViewAnnotation>
    <ActionFrequencyViewFrequency></ActionFrequencyViewFrequency>
    <ActionHitTranscription></ActionHitTranscription>
    <ActionHitCorpusTree></ActionHitCorpusTree>
    <ActionSaveUTF-8></ActionSaveUTF-8>
    <ActionSaveUTF-16></ActionSaveUTF-16>
    <Page></Page>
    <Font></Font>
    <ContextSize></ContextSize>
  </SimpleSearch>
  <SingleLayerSearch>
    <AnnotationTypes></AnnotationTypes>
    <Domain></Domain>
    <ModeAnnotation></ModeAnnotation>
    <ModeN-GramOverAnnotations></ModeN-GramOverAnnotations>
    <ModeN-GramWithinAnnotation></ModeN-GramWithinAnnotation>
    <ModeAnnotationExtraTier1></ModeAnnotationExtraTier1>
    <ModeAnnotationExtraTier2></ModeAnnotationExtraTier2>
    <ModeAnnotationExtraTier3></ModeAnnotationExtraTier3>
    <ModeCaseSensitive></ModeCaseSensitive>
    <ModeCaseInsensitive></ModeCaseInsensitive>
    <ModeSubstringMatch></ModeSubstringMatch>
    <ModeExactMatch></ModeExactMatch>
    <History></History>
    <ActionConcordanceView></ActionConcordanceView>
    <ShowInfoBallons></ShowInfoBallons>
    <ActionFrequencyViewAnnotation></ActionFrequencyViewAnnotation>
    <ActionFrequencyViewFrequency></ActionFrequencyViewFrequency>
    <ActionHitTranscription></ActionHitTranscription>
    <ActionHitCorpusTree></ActionHitCorpusTree>
    <Page></Page>
    <Font></Font>
  </SingleLayerSearch>
  <MultipleLayerSearch/>
</TrovaBugCheck>
