<?xml version="1.0" encoding="UTF-8"?>
<TrovaBugCheck xmlns:xsi="http://www.w3.org/2001/XMLSchema-instance" xsi:schemaLocation="https://lux15.mpi.nl/testing https://lux15.mpi.nl/testing/xsd_out.php?file=plans/trova_2012-03-05.xml">
  <DateTime>2013-03-01</DateTime>
  <TrovaVersion>1.4.35</TrovaVersion>
  <OSVersion>windows 7, firefox</OSVersion>
  <Tester>sauciv</Tester>
  <TestPlanRevision>36017</TestPlanRevision>
  <StartingTrova>
    <StartingIMDI_Browser>Works</StartingIMDI_Browser>
    <StartingTrova>Works</StartingTrova>
    <AddMoreNodes>Works</AddMoreNodes>
  </StartingTrova>
  <LogInTest>
    <LogIn>Works</LogIn>
    <LogInVerification>Works</LogInVerification>
  </LogInTest>
  <SimpleSearch>
    <Find>Works</Find>
    <AnnotationTypes>Works</AnnotationTypes>
    <Domain>Works</Domain>
    <ActionConcordanceView>Works</ActionConcordanceView>
    <ShowInfoBalloons>Works</ShowInfoBalloons>
    <ActionFrequencyViewAnnotation>Works</ActionFrequencyViewAnnotation>
    <ActionFrequencyViewFrequency>Works</ActionFrequencyViewFrequency>
    <ActionHitTranscription>Works</ActionHitTranscription>
    <ActionHitCorpusTree>Works</ActionHitCorpusTree>
    <ActionSaveUTF-8>Works</ActionSaveUTF-8>
    <ActionSaveUTF-16>Works</ActionSaveUTF-16>
    <Page>Works</Page>
    <Font>Works</Font>
    <ContextSize>Works</ContextSize>
  </SimpleSearch>
  <SingleLayerSearch>
    <Find>Works</Find>
    <AnnotationTypes>Works</AnnotationTypes>
    <Domain>Works</Domain>
    <ModeAnnotation>Works</ModeAnnotation>
    <ModeN-GramOverAnnotations>Works</ModeN-GramOverAnnotations>
    <ModeN-GramWithinAnnotation>Works</ModeN-GramWithinAnnotation>
    <Wildcard>Works</Wildcard>
    <Negation>Works</Negation>
    <ModeAnnotationExtraTier1>Works</ModeAnnotationExtraTier1>
    <ModeAnnotationExtraTier2>Works</ModeAnnotationExtraTier2>
    <ModeAnnotationExtraTier3>Works</ModeAnnotationExtraTier3>
    <TierChoiceSort>Works</TierChoiceSort>
    <ModeCaseInsensitive>Works</ModeCaseInsensitive>
    <ModeCaseSensitive error="I don't see any difference. ">Mostly</ModeCaseSensitive>
    <ModeSubstringMatch>Works</ModeSubstringMatch>
    <ModeExactMatch>Works</ModeExactMatch>
    <ModeRegularExpression>Works</ModeRegularExpression>
    <ActionConcordanceView>Works</ActionConcordanceView>
    <ShowInfoBalloons>Works</ShowInfoBalloons>
    <ActionFrequencyViewAnnotation>Works</ActionFrequencyViewAnnotation>
    <ActionFrequencyViewFrequency>Works</ActionFrequencyViewFrequency>
    <ActionHitTranscription>Works</ActionHitTranscription>
    <ActionHitCorpusTree>Works</ActionHitCorpusTree>
    <ActionSaveUTF-8>Works</ActionSaveUTF-8>
    <ActionSaveUTF-16>Works</ActionSaveUTF-16>
    <Page>Works</Page>
    <Font>Works</Font>
    <ContextSize>Works</ContextSize>
    <History>Works</History>
  </SingleLayerSearch>
  <MultipleLayerSearch>
    <SearchString1></SearchString1>
    <AnnotationTypes></AnnotationTypes>
    <Domain></Domain>
    <SearchString2></SearchString2>
    <SearchString3></SearchString3>
    <SearchString4></SearchString4>
    <SearchString5></SearchString5>
    <SearchString6></SearchString6>
    <SameParent></SameParent>
    <ParentChild></ParentChild>
    <SameFile></SameFile>
    <Wildcard></Wildcard>
    <Negation></Negation>
    <ActionShowHits></ActionShowHits>
    <ShowInfoBalloons></ShowInfoBalloons>
    <ActionHitTranscritpion></ActionHitTranscritpion>
    <ActionHitCorpusTree></ActionHitCorpusTree>
    <ActionSaveUTF-8></ActionSaveUTF-8>
    <ActionSaveUTF-16></ActionSaveUTF-16>
    <TierChoiceSort></TierChoiceSort>
    <ModeCaseInsensitive></ModeCaseInsensitive>
    <ModeCaseSensitive></ModeCaseSensitive>
    <ModeSubstringMatch></ModeSubstringMatch>
    <ModeExactMatch></ModeExactMatch>
    <ModeRegularExpression></ModeRegularExpression>
    <ModeRegularExpression2></ModeRegularExpression2>
    <ModeResetForm></ModeResetForm>
    <ModeUnicodeInput1></ModeUnicodeInput1>
    <ModeUnicodeInput2></ModeUnicodeInput2>
    <TimeMinimalDuration></TimeMinimalDuration>
    <TimeMaximalDuration></TimeMaximalDuration>
    <TimeBeginAfter></TimeBeginAfter>
    <TimeEndBefore></TimeEndBefore>
    <ImpossibleQuery></ImpossibleQuery>
    <TimeVerification></TimeVerification>
    <Page></Page>
    <Font></Font>
    <History></History>
  </MultipleLayerSearch>
  <LogOutTest>
    <LogOut></LogOut>
  </LogOutTest>
</TrovaBugCheck>
