<?xml version="1.0" encoding="UTF-8"?>
<TrovaBugCheck xmlns:xsi="http://www.w3.org/2001/XMLSchema-instance" xsi:schemaLocation="https://idp.mpi.nl/testing https://idp.mpi.nl/testing/xsd_out.php?file=plans/trova_2012-03-05.xml">
  <DateTime></DateTime>
  <TrovaVersion></TrovaVersion>
  <OSVersion></OSVersion>
  <Tester>frabec</Tester>
  <StartingTrova>
    <StartingIMDI_Browser></StartingIMDI_Browser>
    <StartingTrova></StartingTrova>
    <AddMoreNodes></AddMoreNodes>
  </StartingTrova>
  <LogInTest>
    <LogIn></LogIn>
    <LogInVerification></LogInVerification>
  </LogInTest>
  <SimpleSearch>
    <Find></Find>
    <AnnotationTypes></AnnotationTypes>
    <Domain></Domain>
    <ActionConcordanceView></ActionConcordanceView>
    <ShowInfoBalloons></ShowInfoBalloons>
    <ActionFrequencyViewAnnotation></ActionFrequencyViewAnnotation>
    <ActionFrequencyViewFrequency></ActionFrequencyViewFrequency>
    <ActionHitTranscription></ActionHitTranscription>
    <ActionHitCorpusTree></ActionHitCorpusTree>
    <ActionSaveUTF-8></ActionSaveUTF-8>
    <ActionSaveUTF-16></ActionSaveUTF-16>
    <Page></Page>
    <Font></Font>
    <ContextSize></ContextSize>
  </SimpleSearch>
  <SingleLayerSearch>
    <Find></Find>
    <AnnotationTypes></AnnotationTypes>
    <Domain></Domain>
    <ModeAnnotation></ModeAnnotation>
    <ModeN-GramOverAnnotations></ModeN-GramOverAnnotations>
    <ModeN-GramWithinAnnotation></ModeN-GramWithinAnnotation>
    <Wildcard></Wildcard>
    <Negation></Negation>
    <ModeAnnotationExtraTier1></ModeAnnotationExtraTier1>
    <ModeAnnotationExtraTier2></ModeAnnotationExtraTier2>
    <ModeAnnotationExtraTier3></ModeAnnotationExtraTier3>
    <TierChoiceSort></TierChoiceSort>
    <ModeCaseInsensitive></ModeCaseInsensitive>
    <ModeCaseSensitive></ModeCaseSensitive>
    <ModeSubstringMatch></ModeSubstringMatch>
    <ModeExactMatch></ModeExactMatch>
    <ModeRegularExpression></ModeRegularExpression>
    <ActionConcordanceView></ActionConcordanceView>
    <ShowInfoBalloons></ShowInfoBalloons>
    <ActionFrequencyViewAnnotation></ActionFrequencyViewAnnotation>
    <ActionFrequencyViewFrequency></ActionFrequencyViewFrequency>
    <ActionHitTranscription></ActionHitTranscription>
    <ActionHitCorpusTree></ActionHitCorpusTree>
    <ActionSaveUTF-8></ActionSaveUTF-8>
    <ActionSaveUTF-16></ActionSaveUTF-16>
    <Page></Page>
    <Font></Font>
    <ContextSize></ContextSize>
    <History></History>
  </SingleLayerSearch>
  <MultipleLayerSearch>
    <SearchString1></SearchString1>
    <AnnotationTypes></AnnotationTypes>
    <Domain></Domain>
    <SearchString2></SearchString2>
    <SearchString3></SearchString3>
    <SearchString4></SearchString4>
    <SearchString5></SearchString5>
    <SearchString6></SearchString6>
    <ActionShowHits></ActionShowHits>
    <ShowInfoBalloons></ShowInfoBalloons>
    <ActionHitTranscritpion></ActionHitTranscritpion>
    <ActionHitCorpusTree></ActionHitCorpusTree>
    <ActionSaveUTF-8></ActionSaveUTF-8>
    <ActionSaveUTF-16></ActionSaveUTF-16>
    <TierChoiceSort></TierChoiceSort>
    <ModeCaseInsensitive></ModeCaseInsensitive>
    <ModeCaseSensitive></ModeCaseSensitive>
    <ModeSubstringMatch></ModeSubstringMatch>
    <ModeExactMatch></ModeExactMatch>
    <ModeRegularExpression></ModeRegularExpression>
    <ModeRegularExpression2></ModeRegularExpression2>
    <ModeResetForm></ModeResetForm>
    <ModeUnicodeInput1></ModeUnicodeInput1>
    <ModeUnicodeInput2></ModeUnicodeInput2>
    <TimeMinimalDuration></TimeMinimalDuration>
    <TimeMaximalDuration></TimeMaximalDuration>
    <ImpossibleQuery></ImpossibleQuery>
    <TimeBeginAfter></TimeBeginAfter>
    <TimeEndBefore></TimeEndBefore>
    <ImpossibleQuery></ImpossibleQuery>
    <TimeVerification></TimeVerification>
    <Page></Page>
    <Font></Font>
    <History></History>
  </MultipleLayerSearch>
  <LogOutTest>
    <LogOut></LogOut>
  </LogOutTest>
</TrovaBugCheck>
