<?xml version="1.0" encoding="UTF-8"?>
<YaasBugCheck xmlns:xsi="http://www.w3.org/2001/XMLSchema-instance" xsi:schemaLocation="https://lux15.mpi.nl/testing https://lux15.mpi.nl/testing/xsd_out.php?file=plans/yaas.xml">
  <DateTime>2014-02-20</DateTime>
  <YaasVersion></YaasVersion>
  <OSVersion></OSVersion>
  <Tester>frabec</Tester>
  <TestPlanRevision>40014</TestPlanRevision>
  <Access_YAAS>
    <StartYaas></StartYaas>
  </Access_YAAS>
  <Database>
    <ChooseDatabase></ChooseDatabase>
    <DatabaseInformation></DatabaseInformation>
    <DatabaseInformation2></DatabaseInformation2>
    <DatabaseInformation3></DatabaseInformation3>
    <DatabaseInformation4></DatabaseInformation4>
    <DatabaseInformation5></DatabaseInformation5>
    <DatabaseInfoTable></DatabaseInfoTable>
    <DatabaseInfoTable2></DatabaseInfoTable2>
  </Database>
  <Corpora>
    <UnfoldTree></UnfoldTree>
    <UnfoldTree2></UnfoldTree2>
    <FoldTree></FoldTree>
    <CorpusInformation></CorpusInformation>
    <CorpusInformation2></CorpusInformation2>
    <CorpusInformation3></CorpusInformation3>
    <CorpusInformation4></CorpusInformation4>
    <CorpusInfoTable></CorpusInfoTable>
    <CorpusInfoTable2></CorpusInfoTable2>
    <CorpusInfoTable3></CorpusInfoTable3>
    <CorpusSubnodes></CorpusSubnodes>
    <ViewMode></ViewMode>
    <ViewMode2></ViewMode2>
    <DownloadResource></DownloadResource>
  </Corpora>
  <One_Term_Search>
    <SearchConstraints></SearchConstraints>
    <SearchConstraints2></SearchConstraints2>
    <SearchResultsTable></SearchResultsTable>
    <SearchResultsTable2></SearchResultsTable2>
    <RemoveConstraints></RemoveConstraints>
    <AddConstraintsBack></AddConstraintsBack>
    <SearchConstraints3></SearchConstraints3>
    <SearchConstraints4></SearchConstraints4>
    <SearchResults></SearchResults>
    <SearchResults2></SearchResults2>
    <SearchResultsTable4></SearchResultsTable4>
    <Bookmark></Bookmark>
    <FoldTree2></FoldTree2>
    <CloseResults></CloseResults>
    <NoResultsFound></NoResultsFound>
  </One_Term_Search>
  <Multiple_Terms_Search>
    <FirstConstraintsRow></FirstConstraintsRow>
    <FirstRowSearch></FirstRowSearch>
    <SecondConstraintsRow></SecondConstraintsRow>
    <SecondConstraintsRow2></SecondConstraintsRow2>
    <ResultsUnion></ResultsUnion>
    <ResultsIntersection></ResultsIntersection>
    <SearchResultsInfo></SearchResultsInfo>
    <SearchResultsInfo2></SearchResultsInfo2>
    <SearchResultsInfo3></SearchResultsInfo3>
    <SearchResultsInfo4></SearchResultsInfo4>
    <SearchResultsInfo5></SearchResultsInfo5>
    <CloseResults2></CloseResults2>
    <Bookmark2></Bookmark2>
  </Multiple_Terms_Search>
  <Database_statistics>
    <ViewDatabase></ViewDatabase>
  </Database_statistics>
  <Error_messages>
    <DebugOption></DebugOption>
  </Error_messages>
</YaasBugCheck>
